ARM Linker, 4.1 [Build 713] [Evaluation]

==============================================================================

Section Cross References

    stm32f10x.o(STACK) refers (Special) to heapauxi.o(.text) for __use_two_region_memory
    stm32f10x.o(HEAP) refers (Special) to heapauxi.o(.text) for __use_two_region_memory
    stm32f10x.o(RESET) refers (Special) to heapauxi.o(.text) for __use_two_region_memory
    stm32f10x.o(RESET) refers to stm32f10x.o(STACK) for __initial_sp
    stm32f10x.o(RESET) refers to stm32f10x.o(.text) for Reset_Handler
    stm32f10x.o(RESET) refers to rf2500.o(.text) for SysTick_Handler
    stm32f10x.o(RESET) refers to gesture_latch.o(.text) for TIM2_IRQHandler
    stm32f10x.o(RESET) refers to protocol.o(.text) for EXTI15_10_IRQHandler
    stm32f10x.o(.text) refers (Special) to heapauxi.o(.text) for __use_two_region_memory
    stm32f10x.o(.text) refers to __main.o(!!!main) for __main
    stm32f10x.o(.text) refers to stm32f10x.o(HEAP) for Heap_Mem
    stm32f10x.o(.text) refers to stm32f10x.o(STACK) for Stack_Mem
    atan_lut.o(.text) refers to fleqf.o(x$fpl$fleqf) for __aeabi_cfcmple
    atan_lut.o(.text) refers to fmul.o(x$fpl$fmul) for __aeabi_fmul
    atan_lut.o(.text) refers to frleqf.o(x$fpl$frleqf) for __aeabi_cfrcmple
    atan_lut.o(.text) refers to ffixu.o(x$fpl$ffixu) for __aeabi_f2uiz
    atan_lut.o(.text) refers to faddsub_clz.o(x$fpl$fsub) for __aeabi_fsub
    atan_lut.o(.text) refers to atan_lut.o(.constdata) for atan_lookup
    gestures.o(.text) refers to faddsub_clz.o(x$fpl$fsub) for __aeabi_fsub
    gestures.o(.text) refers to f2d.o(x$fpl$f2d) for __aeabi_f2d
    gestures.o(.text) refers to d2f.o(x$fpl$d2f) for __aeabi_d2f
    gestures.o(.text) refers to frleqf.o(x$fpl$frleqf) for __aeabi_cfrcmple
    gestures.o(.text) refers to mgest_stack.o(.text) for intelligent_push
    gestures.o(.text) refers to gestures.o(.bss) for acc
    lpryxxxal.o(.text) refers to stm32f10x_rcc.o(.text) for RCC_APB2PeriphClockCmd
    lpryxxxal.o(.text) refers to stm32f10x_gpio.o(.text) for GPIO_Init
    lpryxxxal.o(.text) refers to stm32f10x_adc.o(.text) for ADC_RegularChannelConfig
    lpryxxxal.o(.text) refers to stm32f10x_dma.o(.text) for DMA_DeInit
    lpryxxxal.o(.text) refers to dflt_clz.o(x$fpl$dflt) for __aeabi_i2d
    lpryxxxal.o(.text) refers to ddiv.o(x$fpl$ddiv) for __aeabi_ddiv
    lpryxxxal.o(.text) refers to dfix.o(x$fpl$dfix) for __aeabi_d2iz
    lpryxxxal.o(.text) refers to lpryxxxal.o(.bss) for ADC_ConvertedValue
    lsm303dlh.o(.text) refers to stm32f10x_rcc.o(.text) for RCC_APB1PeriphClockCmd
    lsm303dlh.o(.text) refers to stm32f10x_gpio.o(.text) for GPIO_Init
    lsm303dlh.o(.text) refers to stm32f10x_i2c.o(.text) for I2C_Init
    lsm303dlh.o(.text) refers to dflt_clz.o(x$fpl$dflt) for __aeabi_i2d
    lsm303dlh.o(.text) refers to ddiv.o(x$fpl$ddiv) for __aeabi_ddiv
    lsm303dlh.o(.text) refers to dfix.o(x$fpl$dfix) for __aeabi_d2iz
    main.o(.text) refers to gesture_latch.o(.text) for initAccGyro
    main.o(.text) refers to rf2500.o(.text) for init_timer
    main.o(.text) refers to protocol.o(.text) for init_protocol
    mgest_stack.o(.text) refers to mgest_stack.o(.data) for sp
    mgest_stack.o(.text) refers to gestures.o(.data) for valid_moves
    rf2500.o(.text) refers to stm32f10x_gpio.o(.text) for GPIO_WriteBit
    rf2500.o(.text) refers to stm32f10x_spi.o(.text) for SPI_I2S_GetFlagStatus
    rf2500.o(.text) refers to stm32f10x_rcc.o(.text) for RCC_APB2PeriphClockCmd
    rf2500.o(.text) refers to rf2500.o(.data) for t
    rf2500.o(.text) refers to stm32f10x_exti.o(.text) for EXTI_Init
    rf2500.o(.text) refers to misc.o(.text) for NVIC_PriorityGroupConfig
    rf2500.o(.text) refers to service_functions.o(.text) for findMode
    rf2500.o(.text) refers to rf2500.o(.bss) for data_rf
    stm32f10x_adc.o(.text) refers to stm32f10x_rcc.o(.text) for RCC_APB2PeriphResetCmd
    stm32f10x_gpio.o(.text) refers to stm32f10x_rcc.o(.text) for RCC_APB2PeriphResetCmd
    stm32f10x_i2c.o(.text) refers to stm32f10x_rcc.o(.text) for RCC_APB1PeriphResetCmd
    stm32f10x_rcc.o(.text) refers to stm32f10x_rcc.o(.data) for APBAHBPrescTable
    stm32f10x_spi.o(.text) refers to stm32f10x_rcc.o(.text) for RCC_APB2PeriphResetCmd
    stm32f10x_spi.o(.text) refers to stm32f10x_gpio.o(.text) for GPIO_WriteBit
    stm32f10x_tim.o(.text) refers to stm32f10x_rcc.o(.text) for RCC_APB2PeriphResetCmd
    communication.o(.text) refers to rf2500.o(.text) for rf_read_byte
    protocol.o(.text) refers to stm32f10x_exti.o(.text) for EXTI_Init
    protocol.o(.text) refers to misc.o(.text) for NVIC_PriorityGroupConfig
    protocol.o(.text) refers to gesture_latch.o(.text) for get_move
    protocol.o(.text) refers to communication.o(.text) for send_listen
    protocol.o(.text) refers to rf2500.o(.text) for wait
    protocol.o(.text) refers to protocol.o(.data) for recorded_move
[...]
    .text                                    0x0800028c   Section        0  gestures.o(.text)
    .text                                    0x08000458   Section        0  lpryxxxal.o(.text)
    .text                                    0x08000744   Section        0  lsm303dlh.o(.text)
    .text                                    0x08001164   Section        0  main.o(.text)
    .text                                    0x08001188   Section        0  mgest_stack.o(.text)
    isEmpty                                  0x08001189   Thumb Code    14  mgest_stack.o(.text)
    isFull                                   0x08001197   Thumb Code    16  mgest_stack.o(.text)
    .text                                    0x080012bc   Section        0  misc.o(.text)
    .text                                    0x080013bc   Section        0  rf2500.o(.text)
    .text                                    0x08001b14   Section        0  service_functions.o(.text)
    .text                                    0x08001b84   Section        0  stm32f10x_adc.o(.text)
    .text                                    0x0800205c   Section        0  stm32f10x_dma.o(.text)
    .text                                    0x080022a0   Section        0  stm32f10x_exti.o(.text)
    .text                                    0x080023e8   Section        0  stm32f10x_gpio.o(.text)
    .text                                    0x08002794   Section        0  stm32f10x_i2c.o(.text)
    .text                                    0x08002be4   Section        0  stm32f10x_rcc.o(.text)
    .text                                    0x08002ff8   Section        0  stm32f10x_spi.o(.text)
    .text                                    0x080033cc   Section        0  stm32f10x_tim.o(.text)
    TI4_Config                               0x080038dd   Thumb Code    84  stm32f10x_tim.o(.text)
    TI3_Config                               0x08003947   Thumb Code    80  stm32f10x_tim.o(.text)
    TI2_Config                               0x080039b1   Thumb Code    84  stm32f10x_tim.o(.text)
    TI1_Config                               0x08003a1b   Thumb Code    70  stm32f10x_tim.o(.text)
    .text                                    0x0800428e   Section        0  communication.o(.text)
    .text                                    0x080042bc   Section        0  protocol.o(.text)
    .text                                    0x080046bc   Section        0  gesture_latch.o(.text)
    .text                                    0x08004ee8   Section        0  heapauxi.o(.text)
    .text                                    0x08004eee   Section        0  _rserrno.o(.text)
    .text                                    0x08004f04   Section        8  rt_errno_addr_intlibspace.o(.text)
    .text                                    0x08004f0c   Section        8  libspace.o(.text)
    .text                                    0x08004f14   Section       74  sys_stackheap_outer.o(.text)
    .text                                    0x08004f5e   Section        0  exit.o(.text)
    .text                                    0x08004f6c   Section        8  rt_fp_status_addr_intlibspace.o(.text)
    .text                                    0x08004f74   Section        0  sys_exit.o(.text)
    .text                                    0x08004f80   Section        2  use_no_semi.o(.text)
    .text                                    0x08004f82   Section        0  indicate_semi.o(.text)
    i.__ARM_fpclassify                       0x08004f82   Section        0  fpclassify.o(i.__ARM_fpclassify)
    i.__kernel_poly                          0x08004faa   Section        0  poly.o(i.__kernel_poly)
    i.__mathlib_dbl_underflow                0x08005054   Section        0  dunder.o(i.__mathlib_dbl_underflow)
    i.exp                                    0x08005064   Section        0  exp.o(i.exp)
    i.pow                                    0x080052f4   Section        0  pow.o(i.pow)
    i.sqrt                                   0x08005ce4   Section        0  sqrt.o(i.sqrt)
    x$fpl$d2f                                0x08005d30   Section       98  d2f.o(x$fpl$d2f)
    x$fpl$dadd                               0x08005d94   Section      336  daddsub_clz.o(x$fpl$dadd)
    _dadd1                                   0x08005da5   Thumb Code     0  daddsub_clz.o(x$fpl$dadd)
    x$fpl$dcheck1                            0x08005ee4   Section       16  dcheck1.o(x$fpl$dcheck1)
    x$fpl$dcmpinf                            0x08005ef4   Section       24  dcmpi.o(x$fpl$dcmpinf)
    x$fpl$ddiv                               0x08005f0c   Section      688  ddiv.o(x$fpl$ddiv)
    ddiv_entry                               0x08005f13   Thumb Code     0  ddiv.o(x$fpl$ddiv)
    x$fpl$dfix                               0x080061bc   Section       94  dfix.o(x$fpl$dfix)
    x$fpl$dflt                               0x0800621a   Section       46  dflt_clz.o(x$fpl$dflt)
    x$fpl$dleqf                              0x08006248   Section      120  dleqf.o(x$fpl$dleqf)
    x$fpl$dmul                               0x080062c0   Section      340  dmul.o(x$fpl$dmul)
    x$fpl$dnaninf                            0x08006414   Section      156  dnaninf.o(x$fpl$dnaninf)
    x$fpl$dretinf                            0x080064b0   Section       12  dretinf.o(x$fpl$dretinf)
    x$fpl$drleqf                             0x080064bc   Section      108  drleqf.o(x$fpl$drleqf)
    x$fpl$drsb                               0x08006528   Section       22  daddsub_clz.o(x$fpl$drsb)
    x$fpl$dsqrt                              0x08006540   Section      460  dsqrt_noumaal.o(x$fpl$dsqrt)
    x$fpl$dsub                               0x0800670c   Section      468  daddsub_clz.o(x$fpl$dsub)
    _dsub1                                   0x0800671d   Thumb Code     0  daddsub_clz.o(x$fpl$dsub)
    x$fpl$f2d                                0x080068e0   Section       86  f2d.o(x$fpl$f2d)
    x$fpl$fadd                               0x08006938   Section      196  faddsub_clz.o(x$fpl$fadd)
    _fadd1                                   0x08006947   Thumb Code     0  faddsub_clz.o(x$fpl$fadd)
    x$fpl$fcmpinf                            0x080069fc   Section       24  fcmpi.o(x$fpl$fcmpinf)
    x$fpl$fdiv                               0x08006a14   Section      388  fdiv.o(x$fpl$fdiv)
    _fdiv1                                   0x08006a15   Thumb Code     0  fdiv.o(x$fpl$fdiv)
    x$fpl$ffixu                              0x08006b98   Section       62  ffixu.o(x$fpl$ffixu)
    x$fpl$fflt                               0x08006bd8   Section       48  fflt_clz.o(x$fpl$fflt)
    x$fpl$fleqf                              0x08006c08   Section      104  fleqf.o(x$fpl$fleqf)
    x$fpl$fmul                               0x08006c70   Section      258  fmul.o(x$fpl$fmul)
    x$fpl$fnaninf                            0x08006d72   Section      140  fnaninf.o(x$fpl$fnaninf)
    x$fpl$fpinit                             0x08006dfe   Section       14  fpinit.o(x$fpl$fpinit)
    x$fpl$fretinf                            0x08006e0c   Section       10  fretinf.o(x$fpl$fretinf)
    x$fpl$frleqf                             0x08006e16   Section       98  frleqf.o(x$fpl$frleqf)
    x$fpl$frsb                               0x08006e78   Section       20  faddsub_clz.o(x$fpl$frsb)
    x$fpl$fsub                               0x08006e8c   Section      234  faddsub_clz.o(x$fpl$fsub)
    _fsub1                                   0x08006e9b   Thumb Code     0  faddsub_clz.o(x$fpl$fsub)
    x$fpl$retnan                             0x08006f76   Section      100  retnan.o(x$fpl$retnan)
    x$fpl$scalbn                             0x08006fda   Section       96  scalbn.o(x$fpl$scalbn)
    x$fpl$trapveneer                         0x0800703a   Section       48  trapv.o(x$fpl$trapveneer)
    x$fpl$usenofp                            0x0800706a   Section        0  usenofp.o(x$fpl$usenofp)
    .constdata                               0x0800706c   Section      404  atan_lut.o(.constdata)
    atan_lookup                              0x0800706c   Data         404  atan_lut.o(.constdata)
    .constdata                               0x08007200   Section       88  exp.o(.constdata)
    halF                                     0x08007200   Data          16  exp.o(.constdata)
    ln2HI                                    0x08007210   Data          16  exp.o(.constdata)
    ln2LO                                    0x08007220   Data          16  exp.o(.constdata)
    P                                        0x08007230   Data          40  exp.o(.constdata)
    .constdata                               0x08007258   Section      136  pow.o(.constdata)
    bp                                       0x08007258   Data          16  pow.o(.constdata)
    dp_h                                     0x08007268   Data          16  pow.o(.constdata)
    dp_l                                     0x08007278   Data          16  pow.o(.constdata)
    L                                        0x08007288   Data          48  pow.o(.constdata)
    P                                        0x080072b8   Data          40  pow.o(.constdata)
    .constdata                               0x080072e0   Section        8  qnan.o(.constdata)
    .data                                    0x20000000   Section       24  gestures.o(.data)
    .data                                    0x20000018   Section        6  mgest_stack.o(.data)
    sp                                       0x20000018   Data           4  mgest_stack.o(.data)
    buff                                     0x2000001c   Data           2  mgest_stack.o(.data)
    .data                                    0x2000001e   Section       21  rf2500.o(.data)
    .data                                    0x20000033   Section       20  stm32f10x_rcc.o(.data)
    APBAHBPrescTable                         0x20000033   Data          16  stm32f10x_rcc.o(.data)
    ADCPrescTable                            0x20000043   Data           4  stm32f10x_rcc.o(.data)
    .data                                    0x20000047   Section        5  protocol.o(.data)
    .data                                    0x2000004c   Section      147  gesture_latch.o(.data)
    .bss                                     0x200000e0   Section       48  gestures.o(.bss)
    prev_acc                                 0x200000e0   Data          12  gestures.o(.bss)
    acc                                      0x200000ec   Data          12  gestures.o(.bss)
    delta                                    0x200000f8   Data          12  gestures.o(.bss)
    abs_delta                                0x20000104   Data          12  gestures.o(.bss)
    .bss                                     0x20000110   Section       10  lpryxxxal.o(.bss)
    .bss                                     0x2000011a   Section      160  rf2500.o(.bss)
    .bss                                     0x200001bc   Section      220  gesture_latch.o(.bss)
    .bss                                     0x20000298   Section       96  libspace.o(.bss)
    HEAP                                     0x200002f8   Section        0  stm32f10x.o(HEAP)
    STACK                                    0x200002f8   Section      512  stm32f10x.o(STACK)
    Heap_Mem                                 0x200002f8   Data           0  stm32f10x.o(HEAP)
    Stack_Mem                                0x200002f8   Data         512  stm32f10x.o(STACK)
    __initial_sp                             0x200004f8   Data           0  stm32f10x.o(STACK)

    Global Symbols

    Symbol Name                              Value     Ov Type        Size  Object(Section)

    BuildAttributes$$THM_ISAv4$P$D$K$B$S$PE$A:L22UL41UL21$X:L11$S22US41US21$IEEE1$IW$USESV6$~STKCKD$USESV7$~SHL$OTIME$ROPI$IEEEX$EBA8$UX$STANDARDLIB$REQ8$PRES8$EABIv2 0x00000000   Number         0  anon$$obj.o ABSOLUTE
    __ARM_use_no_argv                        0x00000000   Number         0  main.o ABSOLUTE
    __ARM_exceptions_init                     - Undefined Weak Reference
    __alloca_initialize                       - Undefined Weak Reference
    __cpp_initialize__aeabi_                  - Undefined Weak Reference
    __cxa_finalize                            - Undefined Weak Reference
    __fpl_infinity                            - Undefined Weak Reference
    __rt_locale                               - Undefined Weak Reference
    __sigvec_lookup                           - Undefined Weak Reference
    _atexit_init                              - Undefined Weak Reference
    _call_atexit_fns                          - Undefined Weak Reference
    _clock_init                               - Undefined Weak Reference
    _fp_trap_init                             - Undefined Weak Reference
    _fp_trap_shutdown                         - Undefined Weak Reference
    _get_lc_collate                           - Undefined Weak Reference
    _get_lc_ctype                             - Undefined Weak Reference
    _get_lc_monetary                          - Undefined Weak Reference
    _get_lc_numeric                           - Undefined Weak Reference
    _get_lc_time                              - Undefined Weak Reference
    _getenv_init                              - Undefined Weak Reference
    _handle_redirection                       - Undefined Weak Reference
    _init_alloc                               - Undefined Weak Reference
    _init_user_alloc                          - Undefined Weak Reference
    _initio                                   - Undefined Weak Reference
    _rand_init                                - Undefined Weak Reference
    _signal_finish                            - Undefined Weak Reference
    _signal_init                              - Undefined Weak Reference
    _terminate_alloc                          - Undefined Weak Reference
    _terminate_user_alloc                     - Undefined Weak Reference
    _terminateio                              - Undefined Weak Reference
    __Vectors                                0x08000000   Data           4  stm32f10x.o(RESET)
    __main                                   0x080000ed   Thumb Code     8  __main.o(!!!main)
    __scatterload                            0x080000f5   Thumb Code     0  __scatter.o(!!!scatter)
    __scatterload_rt2                        0x080000f5   Thumb Code    44  __scatter.o(!!!scatter)
    __scatterload_rt2_thumb_only             0x080000f5   Thumb Code     0  __scatter.o(!!!scatter)
    __scatterload_null                       0x08000103   Thumb Code     0  __scatter.o(!!!scatter)
    __scatterload_copy                       0x08000129   Thumb Code    26  __scatter_copy.o(!!handler_copy)
    __scatterload_zeroinit                   0x08000145   Thumb Code    28  __scatter_zi.o(!!handler_zi)
    __rt_lib_init                            0x08000161   Thumb Code     0  libinit.o(.ARM.Collect$$libinit$$00000000)
    __rt_lib_init_alloca_1                   0x08000167   Thumb Code     0  libinit2.o(.ARM.Collect$$libinit$$0000002A)
    __rt_lib_init_argv_1                     0x08000167   Thumb Code     0  libinit2.o(.ARM.Collect$$libinit$$00000028)
    __rt_lib_init_atexit_1                   0x08000167   Thumb Code     0  libinit2.o(.ARM.Collect$$libinit$$00000017)
    __rt_lib_init_clock_1                    0x08000167   Thumb Code     0  libinit2.o(.ARM.Collect$$libinit$$0000001D)
    __rt_lib_init_cpp_1                      0x08000167   Thumb Code     0  libinit2.o(.ARM.Collect$$libinit$$0000002E)
    __rt_lib_init_exceptions_1               0x08000167   Thumb Code     0  libinit2.o(.ARM.Collect$$libinit$$0000002C)
    __rt_lib_init_fp_trap_1                  0x08000167   Thumb Code     0  libinit2.o(.ARM.Collect$$libinit$$0000001B)
    __rt_lib_init_getenv_1                   0x08000167   Thumb Code     0  libinit2.o(.ARM.Collect$$libinit$$0000001F)
    __rt_lib_init_heap_1                     0x08000167   Thumb Code     0  libinit2.o(.ARM.Collect$$libinit$$00000006)
    __rt_lib_init_lc_collate_1               0x08000167   Thumb Code     0  libinit2.o(.ARM.Collect$$libinit$$0000000D)
    __rt_lib_init_lc_ctype_1                 0x08000167   Thumb Code     0  libinit2.o(.ARM.Collect$$libinit$$0000000F)
    __rt_lib_init_lc_monetary_1              0x08000167   Thumb Code     0  libinit2.o(.ARM.Collect$$libinit$$00000011)
    __rt_lib_init_lc_numeric_1               0x08000167   Thumb Code     0  libinit2.o(.ARM.Collect$$libinit$$00000013)
    __rt_lib_init_lc_time_1                  0x08000167   Thumb Code     0  libinit2.o(.ARM.Collect$$libinit$$00000015)
    __rt_lib_init_rand_1                     0x08000167   Thumb Code     0  libinit2.o(.ARM.Collect$$libinit$$0000000A)
    __rt_lib_init_return                     0x08000167   Thumb Code     0  libinit2.o(.ARM.Collect$$libinit$$0000002F)
    __rt_lib_init_signal_1                   0x08000167   Thumb Code     0  libinit2.o(.ARM.Collect$$libinit$$00000019)
    __rt_lib_init_stdio_1                    0x08000167   Thumb Code     0  libinit2.o(.ARM.Collect$$libinit$$00000021)
    __rt_lib_init_user_alloc_1               0x08000167   Thumb Code     0  libinit2.o(.ARM.Collect$$libinit$$00000008)
    __rt_lib_shutdown                        0x08000169   Thumb Code     0  libshutdown.o(.ARM.Collect$$libshutdown$$00000000)
    __rt_lib_shutdown_fp_trap_1              0x0800016b   Thumb Code     0  libshutdown2.o(.ARM.Collect$$libshutdown$$00000006)
    __rt_lib_shutdown_heap_1                 0x0800016b   Thumb Code     0  libshutdown2.o(.ARM.Collect$$libshutdown$$0000000E)
    __rt_lib_shutdown_return                 0x0800016b   Thumb Code     0  libshutdown2.o(.ARM.Collect$$libshutdown$$0000000F)
    __rt_lib_shutdown_signal_1               0x0800016b   Thumb Code     0  libshutdown2.o(.ARM.Collect$$libshutdown$$00000009)
    __rt_lib_shutdown_stdio_1                0x0800016b   Thumb Code     0  libshutdown2.o(.ARM.Collect$$libshutdown$$00000003)
    __rt_lib_shutdown_user_alloc_1           0x0800016b   Thumb Code     0  libshutdown2.o(.ARM.Collect$$libshutdown$$0000000B)
    __rt_entry                               0x0800016d   Thumb Code     0  rtentry.o(.ARM.Collect$$rtentry$$00000000)
    __rt_entry_presh_1                       0x0800016d   Thumb Code     0  rtentry2.o(.ARM.Collect$$rtentry$$00000002)
    __rt_entry_sh                            0x0800016d   Thumb Code     0  rtentry4.o(.ARM.Collect$$rtentry$$00000004)
    __rt_entry_li                            0x08000173   Thumb Code     0  rtentry2.o(.ARM.Collect$$rtentry$$0000000A)
    __rt_entry_postsh_1                      0x08000173   Thumb Code     0  rtentry2.o(.ARM.Collect$$rtentry$$00000009)
    __rt_entry_main                          0x08000177   Thumb Code     0  rtentry2.o(.ARM.Collect$$rtentry$$0000000D)
    __rt_entry_postli_1                      0x08000177   Thumb Code     0  rtentry2.o(.ARM.Collect$$rtentry$$0000000C)
    __rt_exit                                0x0800017f   Thumb Code     0  rtexit.o(.ARM.Collect$$rtexit$$00000000)
    __rt_exit_ls                             0x08000181   Thumb Code     0  rtexit2.o(.ARM.Collect$$rtexit$$00000003)
    __rt_exit_prels_1                        0x08000181   Thumb Code     0  rtexit2.o(.ARM.Collect$$rtexit$$00000002)
    __rt_exit_exit                           0x08000185   Thumb Code     0  rtexit2.o(.ARM.Collect$$rtexit$$00000004)
    Reset_Handler                            0x0800018d   Thumb Code     4  stm32f10x.o(.text)
    NMI_Handler                              0x08000191   Thumb Code     2  stm32f10x.o(.text)
    HardFault_Handler                        0x08000193   Thumb Code     2  stm32f10x.o(.text)
    MemManage_Handler                        0x08000195   Thumb Code     2  stm32f10x.o(.text)
    BusFault_Handler                         0x08000197   Thumb Code     2  stm32f10x.o(.text)
    UsageFault_Handler                       0x08000199   Thumb Code     2  stm32f10x.o(.text)
    SVC_Handler                              0x0800019b   Thumb Code     2  stm32f10x.o(.text)
    DebugMon_Handler                         0x0800019d   Thumb Code     2  stm32f10x.o(.text)
    PendSV_Handler                           0x0800019f   Thumb Code     2  stm32f10x.o(.text)
    ADC_IRQHandler                           0x080001a3   Thumb Code     0  stm32f10x.o(.text)
    CAN_RX1_IRQHandler                       0x080001a3   Thumb Code     0  stm32f10x.o(.text)
    CAN_SCE_IRQHandler                       0x080001a3   Thumb Code     0  stm32f10x.o(.text)
    DMAChannel1_IRQHandler                   0x080001a3   Thumb Code     0  stm32f10x.o(.text)
    DMAChannel2_IRQHandler                   0x080001a3   Thumb Code     0  stm32f10x.o(.text)
    DMAChannel3_IRQHandler                   0x080001a3   Thumb Code     0  stm32f10x.o(.text)
    DMAChannel4_IRQHandler                   0x080001a3   Thumb Code     0  stm32f10x.o(.text)
    DMAChannel5_IRQHandler                   0x080001a3   Thumb Code     0  stm32f10x.o(.text)
    DMAChannel6_IRQHandler                   0x080001a3   Thumb Code     0  stm32f10x.o(.text)
    DMAChannel7_IRQHandler                   0x080001a3   Thumb Code     0  stm32f10x.o(.text)
    EXTI0_IRQHandler                         0x080001a3   Thumb Code     0  stm32f10x.o(.text)
    EXTI1_IRQHandler                         0x080001a3   Thumb Code     0  stm32f10x.o(.text)
    EXTI2_IRQHandler                         0x080001a3   Thumb Code     0  stm32f10x.o(.text)
    EXTI3_IRQHandler                         0x080001a3   Thumb Code     0  stm32f10x.o(.text)
    EXTI4_IRQHandler                         0x080001a3   Thumb Code     0  stm32f10x.o(.text)
    FLASH_IRQHandler                         0x080001a3   Thumb Code     0  stm32f10x.o(.text)
    I2C1_ER_IRQHandler                       0x080001a3   Thumb Code     0  stm32f10x.o(.text)
    I2C1_EV_IRQHandler                       0x080001a3   Thumb Code     0  stm32f10x.o(.text)
    I2C2_ER_IRQHandler                       0x080001a3   Thumb Code     0  stm32f10x.o(.text)
    I2C2_EV_IRQHandler                       0x080001a3   Thumb Code     0  stm32f10x.o(.text)
    PVD_IRQHandler                           0x080001a3   Thumb Code     0  stm32f10x.o(.text)
    RCC_IRQHandler                           0x080001a3   Thumb Code     0  stm32f10x.o(.text)
    RTCAlarm_IRQHandler                      0x080001a3   Thumb Code     0  stm32f10x.o(.text)
    RTC_IRQHandler                           0x080001a3   Thumb Code     0  stm32f10x.o(.text)
    SPI1_IRQHandler                          0x080001a3   Thumb Code     0  stm32f10x.o(.text)
    SPI2_IRQHandler                          0x080001a3   Thumb Code     0  stm32f10x.o(.text)
    TAMPER_IRQHandler                        0x080001a3   Thumb Code     0  stm32f10x.o(.text)
    TIM1_BRK_IRQHandler                      0x080001a3   Thumb Code     0  stm32f10x.o(.text)
    TIM1_CC_IRQHandler                       0x080001a3   Thumb Code     0  stm32f10x.o(.text)
    TIM1_TRG_COM_IRQHandler                  0x080001a3   Thumb Code     0  stm32f10x.o(.text)
    TIM1_UP_IRQHandler                       0x080001a3   Thumb Code     0  stm32f10x.o(.text)
    TIM3_IRQHandler                          0x080001a3   Thumb Code     0  stm32f10x.o(.text)
    TIM4_IRQHandler                          0x080001a3   Thumb Code     0  stm32f10x.o(.text)
    USART1_IRQHandler                        0x080001a3   Thumb Code     0  stm32f10x.o(.text)
    USART2_IRQHandler                        0x080001a3   Thumb Code     0  stm32f10x.o(.text)
    USART3_IRQHandler                        0x080001a3   Thumb Code     0  stm32f10x.o(.text)
    USBWakeUp_IRQHandler                     0x080001a3   Thumb Code     0  stm32f10x.o(.text)
    USB_HP_CAN_TX_IRQHandler                 0x080001a3   Thumb Code     0  stm32f10x.o(.text)
    USB_LP_CAN_RX0_IRQHandler                0x080001a3   Thumb Code     0  stm32f10x.o(.text)
    WWDG_IRQHandler                          0x080001a3   Thumb Code     0  stm32f10x.o(.text)
    __user_initial_stackheap                 0x080001a5   Thumb Code     0  stm32f10x.o(.text)
    atan_table                               0x080001c1   Thumb Code   188  atan_lut.o(.text)
    updateGesture                            0x0800028d   Thumb Code   426  gestures.o(.text)
    LPRYxxxAL_ADC_Init                       0x08000459   Thumb Code   198  lpryxxxal.o(.text)
    LPRYxxxAL_DMA_Init                       0x0800051f   Thumb Code    92  lpryxxxal.o(.text)
    LPRYxxxAL_PD_ST_Init                     0x0800057b   Thumb Code    44  lpryxxxal.o(.text)
    LPRYxxxAL_On                             0x080005a7   Thumb Code    22  lpryxxxal.o(.text)
    LPRYxxxAL_Off                            0x080005bd   Thumb Code    22  lpryxxxal.o(.text)
    LPRYxxxAL_ST_On                          0x080005d3   Thumb Code    22  lpryxxxal.o(.text)
    LPRYxxxAL_ST_Off                         0x080005e9   Thumb Code    22  lpryxxxal.o(.text)
    LPRYxxxAL_Read                           0x080005ff   Thumb Code   100  lpryxxxal.o(.text)
    LPRYxxxAL_Read_Rate                      0x08000663   Thumb Code   126  lpryxxxal.o(.text)
    LPRYxxxAL_Read_RawRate                   0x080006e1   Thumb Code    64  lpryxxxal.o(.text)
    LSM303DLH_I2C_Init                       0x08000745   Thumb Code   116  lsm303dlh.o(.text)
    LSM303DLH_I2C_ByteWrite                  0x080007b9   Thumb Code   114  lsm303dlh.o(.text)
    LSM303DLH_I2C_BufferRead                 0x0800082b   Thumb Code   222  lsm303dlh.o(.text)
    LSM303DLH_Acc_Config                     0x08000909   Thumb Code    86  lsm303dlh.o(.text)
    LSM303DLH_Acc_Filter_Config              0x0800095f   Thumb Code    74  lsm303dlh.o(.text)
    LSM303DLH_Acc_Lowpower_Cmd               0x080009a9   Thumb Code    58  lsm303dlh.o(.text)
    LSM303DLH_Acc_DataRate_Cmd               0x080009e3   Thumb Code    58  lsm303dlh.o(.text)
    LSM303DLH_Acc_FullScale_Cmd              0x08000a1d   Thumb Code    58  lsm303dlh.o(.text)
    LSM303DLH_Acc_Reboot_Cmd                 0x08000a57   Thumb Code    40  lsm303dlh.o(.text)
    LSM_Acc_Read_OutReg                      0x08000a7f   Thumb Code    24  lsm303dlh.o(.text)
    LSM303DLH_Acc_Read_RawData               0x08000a97   Thumb Code   238  lsm303dlh.o(.text)
    LSM303DLH_Acc_Read_Acc                   0x08000b85   Thumb Code   534  lsm303dlh.o(.text)
    LSM303DLH_Magn_Config                    0x08000d9b   Thumb Code    92  lsm303dlh.o(.text)
    LSM303DLH_Magn_ReadOut                   0x08000df7   Thumb Code    24  lsm303dlh.o(.text)
    LSM303DLH_Magn_Read_Magn                 0x08000e0f   Thumb Code   790  lsm303dlh.o(.text)
    LSM303DLH_Magn_Read_RawData              0x08001125   Thumb Code    64  lsm303dlh.o(.text)
    main                                     0x08001165   Thumb Code    34  main.o(.text)
    push                                     0x080011a7   Thumb Code    38  mgest_stack.o(.text)
    pop                                      0x080011cd   Thumb Code    38  mgest_stack.o(.text)
    peek                                     0x080011f3   Thumb Code    34  mgest_stack.o(.text)
    intelligent_push                         0x08001215   Thumb Code    40  mgest_stack.o(.text)
    process_symbol                           0x0800123d   Thumb Code   116  mgest_stack.o(.text)
    NVIC_PriorityGroupConfig                 0x080012bd   Thumb Code    12  misc.o(.text)
    NVIC_Init                                0x080012c9   Thumb Code   128  misc.o(.text)
    NVIC_SetVectorTable                      0x08001349   Thumb Code    16  misc.o(.text)
    NVIC_SystemLPConfig                      0x08001359   Thumb Code    30  misc.o(.text)
    SysTick_CLKSourceConfig                  0x08001377   Thumb Code    40  misc.o(.text)
    raise_css                                0x080013bd   Thumb Code    28  rf2500.o(.text)
    miso_high                                0x080013d9   Thumb Code    12  rf2500.o(.text)
    drop_css                                 0x080013e5   Thumb Code    28  rf2500.o(.text)
    read_byte                                0x08001401   Thumb Code    80  rf2500.o(.text)
    write_byte                               0x08001451   Thumb Code    74  rf2500.o(.text)
    set_config                               0x0800149b   Thumb Code    32  rf2500.o(.text)
    configure                                0x080014bb   Thumb Code   562  rf2500.o(.text)
    send_strobe                              0x080016ed   Thumb Code    86  rf2500.o(.text)
    wait                                     0x08001743   Thumb Code    40  rf2500.o(.text)
    rf_reset                                 0x0800176b   Thumb Code    24  rf2500.o(.text)
    init_spi                                 0x08001783   Thumb Code   296  rf2500.o(.text)
    init_timer                               0x080018ab   Thumb Code    96  rf2500.o(.text)
    rf_get_status                            0x0800190b   Thumb Code    14  rf2500.o(.text)
    rf_get_free_bytes                        0x08001919   Thumb Code    14  rf2500.o(.text)
    rf_send_byte                             0x08001927   Thumb Code   124  rf2500.o(.text)
    wait_listen                              0x080019a3   Thumb Code    48  rf2500.o(.text)
    rf_read_byte                             0x080019d3   Thumb Code   138  rf2500.o(.text)
    test_send                                0x08001a5d   Thumb Code    52  rf2500.o(.text)
    SysTick_Handler                          0x08001a91   Thumb Code    38  rf2500.o(.text)
    EXTI9_5_IRQHandler                       0x08001ab7   Thumb Code    44  rf2500.o(.text)
    findMode                                 0x08001b15   Thumb Code   110  service_functions.o(.text)
    ADC_DeInit                               0x08001b85   Thumb Code    78  stm32f10x_adc.o(.text)
    ADC_Init                                 0x08001bd3   Thumb Code    86  stm32f10x_adc.o(.text)
    ADC_StructInit                           0x08001c29   Thumb Code    22  stm32f10x_adc.o(.text)
    ADC_Cmd                                  0x08001c3f   Thumb Code    22  stm32f10x_adc.o(.text)
    ADC_DMACmd                               0x08001c55   Thumb Code    22  stm32f10x_adc.o(.text)
    ADC_ITConfig                             0x08001c6b   Thumb Code    30  stm32f10x_adc.o(.text)
    ADC_ResetCalibration                     0x08001c89   Thumb Code    10  stm32f10x_adc.o(.text)
    ADC_GetResetCalibrationStatus            0x08001c93   Thumb Code    26  stm32f10x_adc.o(.text)
    ADC_StartCalibration                     0x08001cad   Thumb Code    10  stm32f10x_adc.o(.text)
    ADC_GetCalibrationStatus                 0x08001cb7   Thumb Code    26  stm32f10x_adc.o(.text)
    ADC_SoftwareStartConvCmd                 0x08001cd1   Thumb Code    22  stm32f10x_adc.o(.text)
    ADC_GetSoftwareStartConvStatus           0x08001ce7   Thumb Code    26  stm32f10x_adc.o(.text)
    ADC_DiscModeChannelCountConfig           0x08001d01   Thumb Code    28  stm32f10x_adc.o(.text)
    ADC_DiscModeCmd                          0x08001d1d   Thumb Code    22  stm32f10x_adc.o(.text)
    ADC_RegularChannelConfig                 0x08001d33   Thumb Code   224  stm32f10x_adc.o(.text)
    ADC_ExternalTrigConvCmd                  0x08001e13   Thumb Code    22  stm32f10x_adc.o(.text)
    ADC_GetConversionValue                   0x08001e29   Thumb Code     8  stm32f10x_adc.o(.text)
    ADC_GetDualModeConversionValue           0x08001e31   Thumb Code     8  stm32f10x_adc.o(.text)
    ADC_AutoInjectedConvCmd                  0x08001e39   Thumb Code    22  stm32f10x_adc.o(.text)
    ADC_InjectedDiscModeCmd                  0x08001e4f   Thumb Code    22  stm32f10x_adc.o(.text)
    ADC_ExternalTrigInjectedConvConfig       0x08001e65   Thumb Code    20  stm32f10x_adc.o(.text)
    ADC_ExternalTrigInjectedConvCmd          0x08001e79   Thumb Code    22  stm32f10x_adc.o(.text)
    ADC_SoftwareStartInjectedConvCmd         0x08001e8f   Thumb Code    22  stm32f10x_adc.o(.text)
    ADC_GetSoftwareStartInjectedConvCmdStatus 0x08001ea5   Thumb Code    26  stm32f10x_adc.o(.text)
    ADC_InjectedChannelConfig                0x08001ebf   Thumb Code   154  stm32f10x_adc.o(.text)
    ADC_InjectedSequencerLengthConfig        0x08001f59   Thumb Code    48  stm32f10x_adc.o(.text)
    ADC_SetInjectedOffset                    0x08001f89   Thumb Code    14  stm32f10x_adc.o(.text)
    ADC_GetInjectedConversionValue           0x08001f97   Thumb Code    20  stm32f10x_adc.o(.text)
    ADC_AnalogWatchdogCmd                    0x08001fab   Thumb Code    22  stm32f10x_adc.o(.text)
    ADC_AnalogWatchdogThresholdsConfig       0x08001fc1   Thumb Code     6  stm32f10x_adc.o(.text)
    ADC_AnalogWatchdogSingleChannelConfig    0x08001fc7   Thumb Code    20  stm32f10x_adc.o(.text)
    ADC_TempSensorVrefintCmd                 0x08001fdb   Thumb Code    30  stm32f10x_adc.o(.text)
    ADC_GetFlagStatus                        0x08001ff9   Thumb Code    24  stm32f10x_adc.o(.text)
    ADC_ClearFlag                            0x08002011   Thumb Code     8  stm32f10x_adc.o(.text)
    ADC_GetITStatus                          0x08002019   Thumb Code    44  stm32f10x_adc.o(.text)
    ADC_ClearITPendingBit                    0x08002045   Thumb Code    16  stm32f10x_adc.o(.text)
    DMA_DeInit                               0x0800205d   Thumb Code   284  stm32f10x_dma.o(.text)
    DMA_Init                                 0x08002179   Thumb Code    80  stm32f10x_dma.o(.text)
    DMA_StructInit                           0x080021c9   Thumb Code    28  stm32f10x_dma.o(.text)
    DMA_Cmd                                  0x080021e5   Thumb Code    22  stm32f10x_dma.o(.text)
    DMA_ITConfig                             0x080021fb   Thumb Code    22  stm32f10x_dma.o(.text)
    DMA_GetCurrDataCounter                   0x08002211   Thumb Code     8  stm32f10x_dma.o(.text)
    DMA_GetFlagStatus                        0x08002219   Thumb Code    40  stm32f10x_dma.o(.text)
    DMA_ClearFlag                            0x08002241   Thumb Code    18  stm32f10x_dma.o(.text)
    DMA_GetITStatus                          0x08002253   Thumb Code    40  stm32f10x_dma.o(.text)
    DMA_ClearITPendingBit                    0x0800227b   Thumb Code    18  stm32f10x_dma.o(.text)
    EXTI_DeInit                              0x080022a1   Thumb Code    34  stm32f10x_exti.o(.text)
    EXTI_Init                                0x080022c3   Thumb Code   158  stm32f10x_exti.o(.text)
    EXTI_StructInit                          0x08002361   Thumb Code    22  stm32f10x_exti.o(.text)
    EXTI_GenerateSWInterrupt                 0x08002377   Thumb Code    14  stm32f10x_exti.o(.text)
    EXTI_GetFlagStatus                       0x08002385   Thumb Code    26  stm32f10x_exti.o(.text)
    EXTI_ClearFlag                           0x0800239f   Thumb Code     6  stm32f10x_exti.o(.text)
    EXTI_GetITStatus                         0x080023a5   Thumb Code    38  stm32f10x_exti.o(.text)
    EXTI_ClearITPendingBit                   0x080023cb   Thumb Code     6  stm32f10x_exti.o(.text)
    GPIO_DeInit                              0x080023e9   Thumb Code   172  stm32f10x_gpio.o(.text)
    GPIO_AFIODeInit                          0x08002495   Thumb Code    20  stm32f10x_gpio.o(.text)
    GPIO_Init                                0x080024a9   Thumb Code   292  stm32f10x_gpio.o(.text)
    GPIO_StructInit                          0x080025cd   Thumb Code    20  stm32f10x_gpio.o(.text)
    GPIO_ReadInputDataBit                    0x080025e1   Thumb Code    24  stm32f10x_gpio.o(.text)
    GPIO_ReadInputData                       0x080025f9   Thumb Code     8  stm32f10x_gpio.o(.text)
    GPIO_ReadOutputDataBit                   0x08002601   Thumb Code    24  stm32f10x_gpio.o(.text)
    GPIO_ReadOutputData                      0x08002619   Thumb Code     8  stm32f10x_gpio.o(.text)
    GPIO_SetBits                             0x08002621   Thumb Code     4  stm32f10x_gpio.o(.text)
    GPIO_ResetBits                           0x08002625   Thumb Code     4  stm32f10x_gpio.o(.text)
    GPIO_WriteBit                            0x08002629   Thumb Code    10  stm32f10x_gpio.o(.text)
    GPIO_Write                               0x08002633   Thumb Code     4  stm32f10x_gpio.o(.text)
    GPIO_PinLockConfig                       0x08002637   Thumb Code    20  stm32f10x_gpio.o(.text)
    GPIO_EventOutputConfig                   0x0800264b   Thumb Code    32  stm32f10x_gpio.o(.text)
    GPIO_EventOutputCmd                      0x0800266b   Thumb Code     6  stm32f10x_gpio.o(.text)
    GPIO_PinRemapConfig                      0x08002671   Thumb Code   156  stm32f10x_gpio.o(.text)
    GPIO_EXTILineConfig                      0x0800270d   Thumb Code    84  stm32f10x_gpio.o(.text)
    GPIO_ETH_MediaInterfaceConfig            0x08002761   Thumb Code     6  stm32f10x_gpio.o(.text)
    I2C_DeInit                               0x08002795   Thumb Code    50  stm32f10x_i2c.o(.text)
    I2C_Init                                 0x080027c7   Thumb Code   250  stm32f10x_i2c.o(.text)
    I2C_StructInit                           0x080028c1   Thumb Code    34  stm32f10x_i2c.o(.text)
    I2C_Cmd                                  0x080028e3   Thumb Code    26  stm32f10x_i2c.o(.text)
    I2C_DMACmd                               0x080028fd   Thumb Code    26  stm32f10x_i2c.o(.text)
    I2C_DMALastTransferCmd                   0x08002917   Thumb Code    26  stm32f10x_i2c.o(.text)
    I2C_GenerateSTART                        0x08002931   Thumb Code    26  stm32f10x_i2c.o(.text)
    I2C_GenerateSTOP                         0x0800294b   Thumb Code    26  stm32f10x_i2c.o(.text)
    I2C_AcknowledgeConfig                    0x08002965   Thumb Code    26  stm32f10x_i2c.o(.text)
    I2C_OwnAddress2Config                    0x0800297f   Thumb Code    28  stm32f10x_i2c.o(.text)
    I2C_DualAddressCmd                       0x0800299b   Thumb Code    26  stm32f10x_i2c.o(.text)
    I2C_GeneralCallCmd                       0x080029b5   Thumb Code    26  stm32f10x_i2c.o(.text)
    I2C_ITConfig                             0x080029cf   Thumb Code    30  stm32f10x_i2c.o(.text)
    I2C_SendData                             0x080029ed   Thumb Code     4  stm32f10x_i2c.o(.text)
    I2C_ReceiveData                          0x080029f1   Thumb Code     8  stm32f10x_i2c.o(.text)
    I2C_Send7bitAddress                      0x080029f9   Thumb Code    20  stm32f10x_i2c.o(.text)
    I2C_ReadRegister                         0x08002a0d   Thumb Code    14  stm32f10x_i2c.o(.text)
    I2C_SoftwareResetCmd                     0x08002a1b   Thumb Code    22  stm32f10x_i2c.o(.text)
    I2C_SMBusAlertConfig                     0x08002a31   Thumb Code    30  stm32f10x_i2c.o(.text)
    I2C_TransmitPEC                          0x08002a4f   Thumb Code    26  stm32f10x_i2c.o(.text)
    I2C_PECPositionConfig                    0x08002a69   Thumb Code    30  stm32f10x_i2c.o(.text)
    I2C_CalculatePEC                         0x08002a87   Thumb Code    26  stm32f10x_i2c.o(.text)
    I2C_GetPEC                               0x08002aa1   Thumb Code    10  stm32f10x_i2c.o(.text)
    I2C_ARPCmd                               0x08002aab   Thumb Code    26  stm32f10x_i2c.o(.text)
    I2C_StretchClockCmd                      0x08002ac5   Thumb Code    26  stm32f10x_i2c.o(.text)
    I2C_FastModeDutyCycleConfig              0x08002adf   Thumb Code    30  stm32f10x_i2c.o(.text)
    I2C_CheckEvent                           0x08002afd   Thumb Code    50  stm32f10x_i2c.o(.text)
    I2C_GetLastEvent                         0x08002b2f   Thumb Code    30  stm32f10x_i2c.o(.text)
    I2C_GetFlagStatus                        0x08002b4d   Thumb Code    74  stm32f10x_i2c.o(.text)
    I2C_ClearFlag                            0x08002b97   Thumb Code    16  stm32f10x_i2c.o(.text)
    I2C_GetITStatus                          0x08002ba7   Thumb Code    44  stm32f10x_i2c.o(.text)
    I2C_ClearITPendingBit                    0x08002bd3   Thumb Code    16  stm32f10x_i2c.o(.text)
    RCC_DeInit                               0x08002be5   Thumb Code    68  stm32f10x_rcc.o(.text)
    RCC_HSEConfig                            0x08002c29   Thumb Code    70  stm32f10x_rcc.o(.text)
    RCC_GetFlagStatus                        0x08002c6f   Thumb Code    68  stm32f10x_rcc.o(.text)
    RCC_WaitForHSEStartUp                    0x08002cb3   Thumb Code    56  stm32f10x_rcc.o(.text)
    RCC_AdjustHSICalibrationValue            0x08002ceb   Thumb Code    22  stm32f10x_rcc.o(.text)
    RCC_HSICmd                               0x08002d01   Thumb Code     6  stm32f10x_rcc.o(.text)
    RCC_PLLConfig                            0x08002d07   Thumb Code    28  stm32f10x_rcc.o(.text)
    RCC_PLLCmd                               0x08002d23   Thumb Code     6  stm32f10x_rcc.o(.text)
    RCC_SYSCLKConfig                         0x08002d29   Thumb Code    22  stm32f10x_rcc.o(.text)
    RCC_GetSYSCLKSource                      0x08002d3f   Thumb Code    10  stm32f10x_rcc.o(.text)
    RCC_HCLKConfig                           0x08002d49   Thumb Code    22  stm32f10x_rcc.o(.text)
    RCC_PCLK1Config                          0x08002d5f   Thumb Code    22  stm32f10x_rcc.o(.text)
    RCC_PCLK2Config                          0x08002d75   Thumb Code    22  stm32f10x_rcc.o(.text)
    RCC_ITConfig                             0x08002d8b   Thumb Code    36  stm32f10x_rcc.o(.text)
    RCC_USBCLKConfig                         0x08002daf   Thumb Code     6  stm32f10x_rcc.o(.text)
    RCC_ADCCLKConfig                         0x08002db5   Thumb Code    22  stm32f10x_rcc.o(.text)
    RCC_LSEConfig                            0x08002dcb   Thumb Code    50  stm32f10x_rcc.o(.text)
    RCC_LSICmd                               0x08002dfd   Thumb Code     6  stm32f10x_rcc.o(.text)
    RCC_RTCCLKConfig                         0x08002e03   Thumb Code    14  stm32f10x_rcc.o(.text)
    RCC_RTCCLKCmd                            0x08002e11   Thumb Code     6  stm32f10x_rcc.o(.text)
    RCC_GetClocksFreq                        0x08002e17   Thumb Code   216  stm32f10x_rcc.o(.text)
    RCC_AHBPeriphClockCmd                    0x08002eef   Thumb Code    30  stm32f10x_rcc.o(.text)
    RCC_APB2PeriphClockCmd                   0x08002f0d   Thumb Code    30  stm32f10x_rcc.o(.text)
    RCC_APB1PeriphClockCmd                   0x08002f2b   Thumb Code    30  stm32f10x_rcc.o(.text)
    RCC_APB2PeriphResetCmd                   0x08002f49   Thumb Code    30  stm32f10x_rcc.o(.text)
    RCC_APB1PeriphResetCmd                   0x08002f67   Thumb Code    30  stm32f10x_rcc.o(.text)
    RCC_BackupResetCmd                       0x08002f85   Thumb Code     6  stm32f10x_rcc.o(.text)
    RCC_ClockSecuritySystemCmd               0x08002f8b   Thumb Code     6  stm32f10x_rcc.o(.text)
    RCC_MCOConfig                            0x08002f91   Thumb Code     6  stm32f10x_rcc.o(.text)
    RCC_ClearFlag                            0x08002f97   Thumb Code    14  stm32f10x_rcc.o(.text)
    RCC_GetITStatus                          0x08002fa5   Thumb Code    26  stm32f10x_rcc.o(.text)
    RCC_ClearITPendingBit                    0x08002fbf   Thumb Code    58  stm32f10x_rcc.o(.text)
    SPI_I2S_DeInit                           0x08002ff9   Thumb Code    76  stm32f10x_spi.o(.text)
    SPI_Init                                 0x08003045   Thumb Code    80  stm32f10x_spi.o(.text)
    I2S_Init                                 0x08003095   Thumb Code   250  stm32f10x_spi.o(.text)
    SPI_StructInit                           0x0800318f   Thumb Code    28  stm32f10x_spi.o(.text)
    I2S_StructInit                           0x080031ab   Thumb Code    26  stm32f10x_spi.o(.text)
    SPI_Cmd                                  0x080031c5   Thumb Code    26  stm32f10x_spi.o(.text)
    I2S_Cmd                                  0x080031df   Thumb Code    26  stm32f10x_spi.o(.text)
    SPI_I2S_ITConfig                         0x080031f9   Thumb Code    50  stm32f10x_spi.o(.text)
    SPI_I2S_DMACmd                           0x0800322b   Thumb Code    30  stm32f10x_spi.o(.text)
    SPI_I2S_SendData                         0x08003249   Thumb Code    38  stm32f10x_spi.o(.text)
    SPI_I2S_ReceiveData                      0x0800326f   Thumb Code    36  stm32f10x_spi.o(.text)
    SPI_NSSInternalSoftwareConfig            0x08003293   Thumb Code    32  stm32f10x_spi.o(.text)
    SPI_SSOutputCmd                          0x080032b3   Thumb Code    26  stm32f10x_spi.o(.text)
    SPI_DataSizeConfig                       0x080032cd   Thumb Code    22  stm32f10x_spi.o(.text)
    SPI_TransmitCRC                          0x080032e3   Thumb Code    10  stm32f10x_spi.o(.text)
    SPI_CalculateCRC                         0x080032ed   Thumb Code    26  stm32f10x_spi.o(.text)
    SPI_GetCRC                               0x08003307   Thumb Code    18  stm32f10x_spi.o(.text)
    SPI_GetCRCPolynomial                     0x08003319   Thumb Code     6  stm32f10x_spi.o(.text)
    SPI_BiDirectionalLineConfig              0x0800331f   Thumb Code    30  stm32f10x_spi.o(.text)
    SPI_I2S_GetFlagStatus                    0x0800333d   Thumb Code    24  stm32f10x_spi.o(.text)
    SPI_I2S_ClearFlag                        0x08003355   Thumb Code     8  stm32f10x_spi.o(.text)
    SPI_I2S_GetITStatus                      0x0800335d   Thumb Code    68  stm32f10x_spi.o(.text)
    SPI_I2S_ClearITPendingBit                0x080033a1   Thumb Code    28  stm32f10x_spi.o(.text)
    TIM_DeInit                               0x080033cd   Thumb Code   424  stm32f10x_tim.o(.text)
    TIM_TimeBaseInit                         0x08003575   Thumb Code   134  stm32f10x_tim.o(.text)
    TIM_OC1Init                              0x080035fb   Thumb Code   168  stm32f10x_tim.o(.text)
    TIM_OC2Init                              0x080036a3   Thumb Code   178  stm32f10x_tim.o(.text)
    TIM_OC3Init                              0x08003755   Thumb Code   240  stm32f10x_tim.o(.text)
    TIM_OC4Init                              0x08003845   Thumb Code   126  stm32f10x_tim.o(.text)
    TIM_SetIC4Prescaler                      0x080038c3   Thumb Code    26  stm32f10x_tim.o(.text)
    TIM_SetIC3Prescaler                      0x08003931   Thumb Code    22  stm32f10x_tim.o(.text)
    TIM_SetIC2Prescaler                      0x08003997   Thumb Code    26  stm32f10x_tim.o(.text)
    TIM_SetIC1Prescaler                      0x08003a05   Thumb Code    22  stm32f10x_tim.o(.text)
    TIM_ICInit                               0x08003a61   Thumb Code   110  stm32f10x_tim.o(.text)
    TIM_PWMIConfig                           0x08003acf   Thumb Code   136  stm32f10x_tim.o(.text)
    TIM_BDTRConfig                           0x08003b57   Thumb Code    44  stm32f10x_tim.o(.text)
    TIM_TimeBaseStructInit                   0x08003b83   Thumb Code    20  stm32f10x_tim.o(.text)
    TIM_OCStructInit                         0x08003b97   Thumb Code    22  stm32f10x_tim.o(.text)
    TIM_ICStructInit                         0x08003bad   Thumb Code    24  stm32f10x_tim.o(.text)
    TIM_BDTRStructInit                       0x08003bc5   Thumb Code    20  stm32f10x_tim.o(.text)
    TIM_Cmd                                  0x08003bd9   Thumb Code    26  stm32f10x_tim.o(.text)
    TIM_CtrlPWMOutputs                       0x08003bf3   Thumb Code    30  stm32f10x_tim.o(.text)
    TIM_ITConfig                             0x08003c11   Thumb Code    30  stm32f10x_tim.o(.text)
    TIM_GenerateEvent                        0x08003c2f   Thumb Code     4  stm32f10x_tim.o(.text)
    TIM_DMAConfig                            0x08003c33   Thumb Code    10  stm32f10x_tim.o(.text)
    TIM_DMACmd                               0x08003c3d   Thumb Code    30  stm32f10x_tim.o(.text)
    TIM_InternalClockConfig                  0x08003c5b   Thumb Code    14  stm32f10x_tim.o(.text)
    TIM_SelectInputTrigger                   0x08003c69   Thumb Code    32  stm32f10x_tim.o(.text)
    TIM_ITRxExternalClockConfig              0x08003c89   Thumb Code    24  stm32f10x_tim.o(.text)
    TIM_TIxExternalClockConfig               0x08003ca1   Thumb Code    62  stm32f10x_tim.o(.text)
    TIM_ETRConfig                            0x08003cdf   Thumb Code    32  stm32f10x_tim.o(.text)
    TIM_ETRClockMode1Config                  0x08003cff   Thumb Code    60  stm32f10x_tim.o(.text)
    TIM_ETRClockMode2Config                  0x08003d3b   Thumb Code    32  stm32f10x_tim.o(.text)
    TIM_PrescalerConfig                      0x08003d5b   Thumb Code     6  stm32f10x_tim.o(.text)
    TIM_CounterModeConfig                    0x08003d61   Thumb Code    24  stm32f10x_tim.o(.text)
    TIM_EncoderInterfaceConfig               0x08003d79   Thumb Code    78  stm32f10x_tim.o(.text)
    TIM_ForcedOC1Config                      0x08003dc7   Thumb Code    24  stm32f10x_tim.o(.text)
    TIM_ForcedOC2Config                      0x08003ddf   Thumb Code    28  stm32f10x_tim.o(.text)
    TIM_ForcedOC3Config                      0x08003dfb   Thumb Code    24  stm32f10x_tim.o(.text)
    TIM_ForcedOC4Config                      0x08003e13   Thumb Code    28  stm32f10x_tim.o(.text)
    TIM_ARRPreloadConfig                     0x08003e2f   Thumb Code    26  stm32f10x_tim.o(.text)
    TIM_SelectCOM                            0x08003e49   Thumb Code    26  stm32f10x_tim.o(.text)
    TIM_SelectCCDMA                          0x08003e63   Thumb Code    26  stm32f10x_tim.o(.text)
    TIM_CCPreloadControl                     0x08003e7d   Thumb Code    26  stm32f10x_tim.o(.text)
    TIM_OC1PreloadConfig                     0x08003e97   Thumb Code    24  stm32f10x_tim.o(.text)
    TIM_OC2PreloadConfig                     0x08003eaf   Thumb Code    28  stm32f10x_tim.o(.text)
    TIM_OC3PreloadConfig                     0x08003ecb   Thumb Code    24  stm32f10x_tim.o(.text)
    TIM_OC4PreloadConfig                     0x08003ee3   Thumb Code    28  stm32f10x_tim.o(.text)
    TIM_OC1FastConfig                        0x08003eff   Thumb Code    24  stm32f10x_tim.o(.text)
    TIM_OC2FastConfig                        0x08003f17   Thumb Code    28  stm32f10x_tim.o(.text)
    TIM_OC3FastConfig                        0x08003f33   Thumb Code    24  stm32f10x_tim.o(.text)
    TIM_OC4FastConfig                        0x08003f4b   Thumb Code    28  stm32f10x_tim.o(.text)
    TIM_ClearOC1Ref                          0x08003f67   Thumb Code    24  stm32f10x_tim.o(.text)
    TIM_ClearOC2Ref                          0x08003f7f   Thumb Code    24  stm32f10x_tim.o(.text)
    TIM_ClearOC3Ref                          0x08003f97   Thumb Code    24  stm32f10x_tim.o(.text)
    TIM_ClearOC4Ref                          0x08003faf   Thumb Code    24  stm32f10x_tim.o(.text)
    TIM_OC1PolarityConfig                    0x08003fc7   Thumb Code    24  stm32f10x_tim.o(.text)
    TIM_OC1NPolarityConfig                   0x08003fdf   Thumb Code    24  stm32f10x_tim.o(.text)
    TIM_OC2PolarityConfig                    0x08003ff7   Thumb Code    28  stm32f10x_tim.o(.text)
    TIM_OC2NPolarityConfig                   0x08004013   Thumb Code    28  stm32f10x_tim.o(.text)
    TIM_OC3PolarityConfig                    0x0800402f   Thumb Code    28  stm32f10x_tim.o(.text)
    TIM_OC3NPolarityConfig                   0x0800404b   Thumb Code    28  stm32f10x_tim.o(.text)
    TIM_OC4PolarityConfig                    0x08004067   Thumb Code    28  stm32f10x_tim.o(.text)
    TIM_CCxCmd                               0x08004083   Thumb Code    46  stm32f10x_tim.o(.text)
    TIM_CCxNCmd                              0x080040b1   Thumb Code    46  stm32f10x_tim.o(.text)
    TIM_SelectOCxM                           0x080040df   Thumb Code   100  stm32f10x_tim.o(.text)
    TIM_UpdateDisableConfig                  0x08004143   Thumb Code    26  stm32f10x_tim.o(.text)
    TIM_UpdateRequestConfig                  0x0800415d   Thumb Code    26  stm32f10x_tim.o(.text)
    TIM_SelectHallSensor                     0x08004177   Thumb Code    26  stm32f10x_tim.o(.text)
    TIM_SelectOnePulseMode                   0x08004191   Thumb Code    22  stm32f10x_tim.o(.text)
    TIM_SelectOutputTrigger                  0x080041a7   Thumb Code    22  stm32f10x_tim.o(.text)
    TIM_SelectSlaveMode                      0x080041bd   Thumb Code    22  stm32f10x_tim.o(.text)
    TIM_SelectMasterSlaveMode                0x080041d3   Thumb Code    22  stm32f10x_tim.o(.text)
    TIM_SetCounter                           0x080041e9   Thumb Code     4  stm32f10x_tim.o(.text)
    TIM_SetAutoreload                        0x080041ed   Thumb Code     4  stm32f10x_tim.o(.text)
    TIM_SetCompare1                          0x080041f1   Thumb Code     4  stm32f10x_tim.o(.text)
    TIM_SetCompare2                          0x080041f5   Thumb Code     4  stm32f10x_tim.o(.text)
    TIM_SetCompare3                          0x080041f9   Thumb Code     4  stm32f10x_tim.o(.text)
    TIM_SetCompare4                          0x080041fd   Thumb Code     6  stm32f10x_tim.o(.text)
    TIM_SetClockDivision                     0x08004203   Thumb Code    22  stm32f10x_tim.o(.text)
    TIM_GetCapture1                          0x08004219   Thumb Code     6  stm32f10x_tim.o(.text)
    TIM_GetCapture2                          0x0800421f   Thumb Code     6  stm32f10x_tim.o(.text)
    TIM_GetCapture3                          0x08004225   Thumb Code     6  stm32f10x_tim.o(.text)
    TIM_GetCapture4                          0x0800422b   Thumb Code     8  stm32f10x_tim.o(.text)
    TIM_GetCounter                           0x08004233   Thumb Code     6  stm32f10x_tim.o(.text)
    TIM_GetPrescaler                         0x08004239   Thumb Code     6  stm32f10x_tim.o(.text)
    TIM_GetFlagStatus                        0x0800423f   Thumb Code    24  stm32f10x_tim.o(.text)
    TIM_ClearFlag                            0x08004257   Thumb Code     8  stm32f10x_tim.o(.text)
    TIM_GetITStatus                          0x0800425f   Thumb Code    40  stm32f10x_tim.o(.text)
    TIM_ClearITPendingBit                    0x08004287   Thumb Code     8  stm32f10x_tim.o(.text)
    listen_command                           0x0800428f   Thumb Code    12  communication.o(.text)
    send_command                             0x0800429b   Thumb Code    12  communication.o(.text)
    send_listen                              0x080042a7   Thumb Code    20  communication.o(.text)
    init_protocol                            0x080042bd   Thumb Code    86  protocol.o(.text)
    EXTI15_10_IRQHandler                     0x08004313   Thumb Code    30  protocol.o(.text)
    slave_end                                0x08004331   Thumb Code    66  protocol.o(.text)
    slave_move_send                          0x08004373   Thumb Code   168  protocol.o(.text)
    slave_acknowledge_send                   0x0800441b   Thumb Code    62  protocol.o(.text)
    slave_sync_wait                          0x08004459   Thumb Code    46  protocol.o(.text)
    master_end                               0x08004487   Thumb Code    38  protocol.o(.text)
    master_result_send                       0x080044ad   Thumb Code   270  protocol.o(.text)
    master_move_wait                         0x080045bb   Thumb Code    70  protocol.o(.text)
    master_sync_send                         0x08004601   Thumb Code    88  protocol.o(.text)
    go_wait                                  0x08004659   Thumb Code    80  protocol.o(.text)
    initTIM                                  0x080046bd   Thumb Code    96  gesture_latch.o(.text)
    initAccGyro                              0x0800471d   Thumb Code    60  gesture_latch.o(.text)
    update_Orientation                       0x08004759   Thumb Code  1610  gesture_latch.o(.text)
    get_move                                 0x08004da3   Thumb Code    76  gesture_latch.o(.text)
    TIM2_IRQHandler                          0x08004def   Thumb Code   128  gesture_latch.o(.text)
    latch_move                               0x08004e6f   Thumb Code    14  gesture_latch.o(.text)
    __use_two_region_memory                  0x08004ee9   Thumb Code     2  heapauxi.o(.text)
    __rt_heap_escrow$2region                 0x08004eeb   Thumb Code     2  heapauxi.o(.text)
    __rt_heap_expand$2region                 0x08004eed   Thumb Code     2  heapauxi.o(.text)
    __read_errno                             0x08004eef   Thumb Code    10  _rserrno.o(.text)
    __set_errno                              0x08004ef9   Thumb Code    12  _rserrno.o(.text)
    __aeabi_errno_addr                       0x08004f05   Thumb Code     8  rt_errno_addr_intlibspace.o(.text)
    __errno$intlibspace                      0x08004f05   Thumb Code     0  rt_errno_addr_intlibspace.o(.text)
    __rt_errno_addr$intlibspace              0x08004f05   Thumb Code     0  rt_errno_addr_intlibspace.o(.text)
    __user_libspace                          0x08004f0d   Thumb Code     8  libspace.o(.text)
    __user_perproc_libspace                  0x08004f0d   Thumb Code     0  libspace.o(.text)
    __user_perthread_libspace                0x08004f0d   Thumb Code     0  libspace.o(.text)
    __user_setup_stackheap                   0x08004f15   Thumb Code    74  sys_stackheap_outer.o(.text)
    exit                                     0x08004f5f   Thumb Code    12  exit.o(.text)
    __rt_fp_status_addr                      0x08004f6d   Thumb Code     8  rt_fp_status_addr_intlibspace.o(.text)
    _sys_exit                                0x08004f75   Thumb Code     8  sys_exit.o(.text)
    __I$use$semihosting                      0x08004f81   Thumb Code     0  use_no_semi.o(.text)
    __use_no_semihosting_swi                 0x08004f81   Thumb Code     2  use_no_semi.o(.text)
    __ARM_fpclassify                         0x08004f83   Thumb Code    40  fpclassify.o(i.__ARM_fpclassify)
    __semihosting_library_function           0x08004f83   Thumb Code     0  indicate_semi.o(.text)
    __kernel_poly                            0x08004fab   Thumb Code   170  poly.o(i.__kernel_poly)
    __mathlib_dbl_underflow                  0x08005055   Thumb Code    10  dunder.o(i.__mathlib_dbl_underflow)
    exp                                      0x08005065   Thumb Code   566  exp.o(i.exp)
    pow                                      0x080052f5   Thumb Code  2534  pow.o(i.pow)
    sqrt                                     0x08005ce5   Thumb Code    76  sqrt.o(i.sqrt)
    __aeabi_d2f                              0x08005d31   Thumb Code     0  d2f.o(x$fpl$d2f)
    _d2f                                     0x08005d31   Thumb Code    98  d2f.o(x$fpl$d2f)
    __aeabi_dadd                             0x08005d95   Thumb Code     0  daddsub_clz.o(x$fpl$dadd)
    _dadd                                    0x08005d95   Thumb Code   332  daddsub_clz.o(x$fpl$dadd)
    __fpl_dcheck_NaN1                        0x08005ee5   Thumb Code    10  dcheck1.o(x$fpl$dcheck1)
    __fpl_dcmp_Inf                           0x08005ef5   Thumb Code    24  dcmpi.o(x$fpl$dcmpinf)
    __aeabi_ddiv                             0x08005f0d   Thumb Code     0  ddiv.o(x$fpl$ddiv)
    _ddiv                                    0x08005f0d   Thumb Code   552  ddiv.o(x$fpl$ddiv)
    __aeabi_d2iz                             0x080061bd   Thumb Code     0  dfix.o(x$fpl$dfix)
    _dfix                                    0x080061bd   Thumb Code    94  dfix.o(x$fpl$dfix)
    __aeabi_i2d                              0x0800621b   Thumb Code     0  dflt_clz.o(x$fpl$dflt)
    _dflt                                    0x0800621b   Thumb Code    46  dflt_clz.o(x$fpl$dflt)
    __aeabi_cdcmple                          0x08006249   Thumb Code     0  dleqf.o(x$fpl$dleqf)
    _dcmple                                  0x08006249   Thumb Code   120  dleqf.o(x$fpl$dleqf)
    __fpl_dcmple_InfNaN                      0x080062ab   Thumb Code     0  dleqf.o(x$fpl$dleqf)
    __aeabi_dmul                             0x080062c1   Thumb Code     0  dmul.o(x$fpl$dmul)
    _dmul                                    0x080062c1   Thumb Code   332  dmul.o(x$fpl$dmul)
    __fpl_dnaninf                            0x08006415   Thumb Code   156  dnaninf.o(x$fpl$dnaninf)
    __fpl_dretinf                            0x080064b1   Thumb Code    12  dretinf.o(x$fpl$dretinf)
    __aeabi_cdrcmple                         0x080064bd   Thumb Code     0  drleqf.o(x$fpl$drleqf)
    _drcmple                                 0x080064bd   Thumb Code   108  drleqf.o(x$fpl$drleqf)
    __aeabi_drsub                            0x08006529   Thumb Code     0  daddsub_clz.o(x$fpl$drsb)
    _drsb                                    0x08006529   Thumb Code    22  daddsub_clz.o(x$fpl$drsb)
    _dsqrt                                   0x08006541   Thumb Code   456  dsqrt_noumaal.o(x$fpl$dsqrt)
    __aeabi_dsub                             0x0800670d   Thumb Code     0  daddsub_clz.o(x$fpl$dsub)
    _dsub                                    0x0800670d   Thumb Code   464  daddsub_clz.o(x$fpl$dsub)
    __aeabi_f2d                              0x080068e1   Thumb Code     0  f2d.o(x$fpl$f2d)
    _f2d                                     0x080068e1   Thumb Code    86  f2d.o(x$fpl$f2d)
    __aeabi_fadd                             0x08006939   Thumb Code     0  faddsub_clz.o(x$fpl$fadd)
    _fadd                                    0x08006939   Thumb Code   196  faddsub_clz.o(x$fpl$fadd)
    __fpl_fcmp_Inf                           0x080069fd   Thumb Code    24  fcmpi.o(x$fpl$fcmpinf)
    __aeabi_fdiv                             0x08006a15   Thumb Code     0  fdiv.o(x$fpl$fdiv)
    _fdiv                                    0x08006a15   Thumb Code   384  fdiv.o(x$fpl$fdiv)
    __aeabi_f2uiz                            0x08006b99   Thumb Code     0  ffixu.o(x$fpl$ffixu)
    _ffixu                                   0x08006b99   Thumb Code    62  ffixu.o(x$fpl$ffixu)
    __aeabi_i2f                              0x08006bd9   Thumb Code     0  fflt_clz.o(x$fpl$fflt)
    _fflt                                    0x08006bd9   Thumb Code    48  fflt_clz.o(x$fpl$fflt)
    __aeabi_cfcmple                          0x08006c09   Thumb Code     0  fleqf.o(x$fpl$fleqf)
    _fcmple                                  0x08006c09   Thumb Code   104  fleqf.o(x$fpl$fleqf)
    __fpl_fcmple_InfNaN                      0x08006c5b   Thumb Code     0  fleqf.o(x$fpl$fleqf)
    __aeabi_fmul                             0x08006c71   Thumb Code     0  fmul.o(x$fpl$fmul)
    _fmul                                    0x08006c71   Thumb Code   258  fmul.o(x$fpl$fmul)
    __fpl_fnaninf                            0x08006d73   Thumb Code   140  fnaninf.o(x$fpl$fnaninf)
    _fp_init                                 0x08006dff   Thumb Code    14  fpinit.o(x$fpl$fpinit)
    __fplib_config_pureend_doubles           0x08006e0b   Thumb Code     0  fpinit.o(x$fpl$fpinit)
    __fpl_fretinf                            0x08006e0d   Thumb Code    10  fretinf.o(x$fpl$fretinf)
    __aeabi_cfrcmple                         0x08006e17   Thumb Code     0  frleqf.o(x$fpl$frleqf)
    _frcmple                                 0x08006e17   Thumb Code    98  frleqf.o(x$fpl$frleqf)
    __aeabi_frsub                            0x08006e79   Thumb Code     0  faddsub_clz.o(x$fpl$frsb)
    _frsb                                    0x08006e79   Thumb Code    20  faddsub_clz.o(x$fpl$frsb)
    __aeabi_fsub                             0x08006e8d   Thumb Code     0  faddsub_clz.o(x$fpl$fsub)
    _fsub                                    0x08006e8d   Thumb Code   234  faddsub_clz.o(x$fpl$fsub)
    __fpl_return_NaN                         0x08006f77   Thumb Code   100  retnan.o(x$fpl$retnan)
    __ARM_scalbn                             0x08006fdb   Thumb Code    96  scalbn.o(x$fpl$scalbn)
    __fpl_inf_scalbn                         0x08007039   Thumb Code     0  scalbn.o(x$fpl$scalbn)
    __fpl_cmpreturn                          0x0800703b   Thumb Code    48  trapv.o(x$fpl$trapveneer)
    __I$use$fp                               0x0800706b   Thumb Code     0  usenofp.o(x$fpl$usenofp)
    __mathlib_zero                           0x080072e0   Data           8  qnan.o(.constdata)
    Region$$Table$$Base                      0x080072e8   Number         0  anon$$obj.o(Region$$Table)
    Region$$Table$$Limit                     0x08007308   Number         0  anon$$obj.o(Region$$Table)
    valid_moves                              0x20000000   Data          24  gestures.o(.data)
    _latest_byte                             0x2000001e   Data           1  rf2500.o(.data)
    _new_rf_data                             0x2000001f   Data           1  rf2500.o(.data)
    _timer_run                               0x20000020   Data           1  rf2500.o(.data)
    _l_timer_run                             0x20000021   Data           1  rf2500.o(.data)
    _timeouts                                0x20000022   Data           2  rf2500.o(.data)
    _target_timeouts                         0x20000024   Data           2  rf2500.o(.data)
    _l_milliseconds                          0x20000026   Data           2  rf2500.o(.data)
    _milliseconds                            0x20000028   Data           2  rf2500.o(.data)
    t                                        0x2000002a   Data           2  rf2500.o(.data)
    t2                                       0x2000002c   Data           2  rf2500.o(.data)
    t3                                       0x2000002e   Data           1  rf2500.o(.data)
    tmp                                      0x2000002f   Data           1  rf2500.o(.data)
    status                                   0x20000030   Data           1  rf2500.o(.data)
    st                                       0x20000031   Data           1  rf2500.o(.data)
    s                                        0x20000032   Data           1  rf2500.o(.data)
    _current_state                           0x20000047   Data           1  protocol.o(.data)
    received_command                         0x20000048   Data           1  protocol.o(.data)
    master_move                              0x20000049   Data           1  protocol.o(.data)
    slave_move                               0x2000004a   Data           1  protocol.o(.data)
    recorded_move                            0x2000004b   Data           1  protocol.o(.data)
    stat_count                               0x2000004c   Data           2  gesture_latch.o(.data)
    newData                                  0x2000004e   Data           2  gesture_latch.o(.data)
    data                                     0x20000050   Data           4  gesture_latch.o(.data)
    readout                                  0x20000054   Data           2  gesture_latch.o(.data)
    latching                                 0x20000056   Data           1  gesture_latch.o(.data)
    accConfig                                0x20000057   Data           6  gesture_latch.o(.data)
    nvicConfig                               0x2000005d   Data           4  gesture_latch.o(.data)
    mean_pitch                               0x20000064   Data           4  gesture_latch.o(.data)
    mean_roll                                0x20000068   Data           4  gesture_latch.o(.data)
    pitchsquare                              0x2000006c   Data           4  gesture_latch.o(.data)
    rollsquare                               0x20000070   Data           4  gesture_latch.o(.data)
    var_pitch                                0x20000074   Data           4  gesture_latch.o(.data)
    var_roll                                 0x20000078   Data           4  gesture_latch.o(.data)
    accelX                                   0x2000007c   Data           4  gesture_latch.o(.data)
    accelY                                   0x20000080   Data           4  gesture_latch.o(.data)
    accelZ                                   0x20000084   Data           4  gesture_latch.o(.data)
    accelYZ                                  0x20000088   Data           4  gesture_latch.o(.data)
    accelXY                                  0x2000008c   Data           4  gesture_latch.o(.data)
    roll                                     0x20000090   Data           4  gesture_latch.o(.data)
    pitch                                    0x20000094   Data           4  gesture_latch.o(.data)
    yaw                                      0x20000098   Data           4  gesture_latch.o(.data)
    roll_fuse                                0x2000009c   Data           4  gesture_latch.o(.data)
    yaw_fuse                                 0x200000a0   Data           4  gesture_latch.o(.data)
    pitch_fuse                               0x200000a4   Data           4  gesture_latch.o(.data)
    gyrosp_yaw_b                             0x200000a8   Data           4  gesture_latch.o(.data)
    gyro_yaw                                 0x200000ac   Data           4  gesture_latch.o(.data)
    gyrosp_yaw                               0x200000b0   Data           4  gesture_latch.o(.data)
    gyrosp_roll_b                            0x200000b4   Data           4  gesture_latch.o(.data)
    gyro_roll                                0x200000b8   Data           4  gesture_latch.o(.data)
    gyrosp_roll                              0x200000bc   Data           4  gesture_latch.o(.data)
    gyrosp_pitch_b                           0x200000c0   Data           4  gesture_latch.o(.data)
    gyro_pitch                               0x200000c4   Data           4  gesture_latch.o(.data)
    gyrosp_pitch                             0x200000c8   Data           4  gesture_latch.o(.data)
    fuse_factor_r                            0x200000cc   Data           4  gesture_latch.o(.data)
    fuse_factor_p                            0x200000d0   Data           4  gesture_latch.o(.data)
    ax_project                               0x200000d4   Data           4  gesture_latch.o(.data)
    ay_project                               0x200000d8   Data           4  gesture_latch.o(.data)
    move                                     0x200000dc   Data           1  gesture_latch.o(.data)
    latching_move                            0x200000dd   Data           1  gesture_latch.o(.data)
    latched_move                             0x200000de   Data           1  gesture_latch.o(.data)
    ADC_ConvertedValue                       0x20000110   Data          10  lpryxxxal.o(.bss)
    statuses                                 0x2000011a   Data         128  rf2500.o(.bss)
    data_rf                                  0x2000019a   Data          32  rf2500.o(.bss)
    timConfig                                0x200001bc   Data          10  gesture_latch.o(.bss)
    rawAcc                                   0x200001c6   Data          24  gesture_latch.o(.bss)
    rawGyro                                  0x200001de   Data          24  gesture_latch.o(.bss)
    pitch_stat                               0x200001f8   Data          40  gesture_latch.o(.bss)
    roll_stat                                0x20000220   Data          40  gesture_latch.o(.bss)
    pitch2_stat                              0x20000248   Data          40  gesture_latch.o(.bss)
    roll2_stat                               0x20000270   Data          40  gesture_latch.o(.bss)
    __libspace_start                         0x20000298   Data          96  libspace.o(.bss)
    __temporary_stack_top$libspace           0x200002f8   Data           0  libspace.o(.bss)



==============================================================================

Memory Map of the image

  Image Entry point : 0x080000ed

  Load Region LR_IROM1 (Base: 0x08000000, Size: 0x000073e8, Max: 0x00080000, ABSOLUTE)

    Execution Region ER_IROM1 (Base: 0x08000000, Size: 0x00007308, Max: 0x00080000, ABSOLUTE)

    Base Addr    Size         Type   Attr      Idx    E Section Name        Object

    0x08000000   0x000000ec   Data   RO            3    RESET               stm32f10x.o
    0x080000ec   0x00000008   Code   RO          441  * !!!main             c_w.l(__main.o)
    0x080000f4   0x00000034   Code   RO          725    !!!scatter          c_w.l(__scatter.o)
    0x08000128   0x0000001a   Code   RO          727    !!handler_copy      c_w.l(__scatter_copy.o)
    0x08000142   0x00000002   PAD
    0x08000144   0x0000001c   Code   RO          729    !!handler_zi        c_w.l(__scatter_zi.o)
    0x08000160   0x00000006   Code   RO          593    .ARM.Collect$$libinit$$00000000  c_w.l(libinit.o)
    0x08000166   0x00000000   Code   RO          600    .ARM.Collect$$libinit$$00000006  c_w.l(libinit2.o)
    0x08000166   0x00000000   Code   RO          602    .ARM.Collect$$libinit$$00000008  c_w.l(libinit2.o)
    0x08000166   0x00000000   Code   RO          604    .ARM.Collect$$libinit$$0000000A  c_w.l(libinit2.o)
    0x08000166   0x00000000   Code   RO          607    .ARM.Collect$$libinit$$0000000D  c_w.l(libinit2.o)
    0x08000166   0x00000000   Code   RO          609    .ARM.Collect$$libinit$$0000000F  c_w.l(libinit2.o)
    0x08000166   0x00000000   Code   RO          611    .ARM.Collect$$libinit$$00000011  c_w.l(libinit2.o)
    0x08000166   0x00000000   Code   RO          613    .ARM.Collect$$libinit$$00000013  c_w.l(libinit2.o)
    0x08000166   0x00000000   Code   RO          615    .ARM.Collect$$libinit$$00000015  c_w.l(libinit2.o)
    0x08000166   0x00000000   Code   RO          617    .ARM.Collect$$libinit$$00000017  c_w.l(libinit2.o)
    0x08000166   0x00000000   Code   RO          619    .ARM.Collect$$libinit$$00000019  c_w.l(libinit2.o)
    0x08000166   0x00000000   Code   RO          621    .ARM.Collect$$libinit$$0000001B  c_w.l(libinit2.o)
    0x08000166   0x00000000   Code   RO          623    .ARM.Collect$$libinit$$0000001D  c_w.l(libinit2.o)
    0x08000166   0x00000000   Code   RO          625    .ARM.Collect$$libinit$$0000001F  c_w.l(libinit2.o)
    0x08000166   0x00000000   Code   RO          627    .ARM.Collect$$libinit$$00000021  c_w.l(libinit2.o)
    0x08000166   0x00000000   Code   RO          631    .ARM.Collect$$libinit$$00000028  c_w.l(libinit2.o)
    0x08000166   0x00000000   Code   RO          633    .ARM.Collect$$libinit$$0000002A  c_w.l(libinit2.o)
    0x08000166   0x00000000   Code   RO          635    .ARM.Collect$$libinit$$0000002C  c_w.l(libinit2.o)
    0x08000166   0x00000000   Code   RO          637    .ARM.Collect$$libinit$$0000002E  c_w.l(libinit2.o)
    0x08000166   0x00000002   Code   RO          638    .ARM.Collect$$libinit$$0000002F  c_w.l(libinit2.o)
    0x08000168   0x00000002   Code   RO          666    .ARM.Collect$$libshutdown$$00000000  c_w.l(libshutdown.o)
    0x0800016a   0x00000000   Code   RO          680    .ARM.Collect$$libshutdown$$00000003  c_w.l(libshutdown2.o)
    0x0800016a   0x00000000   Code   RO          683    .ARM.Collect$$libshutdown$$00000006  c_w.l(libshutdown2.o)
    0x0800016a   0x00000000   Code   RO          686    .ARM.Collect$$libshutdown$$00000009  c_w.l(libshutdown2.o)
    0x0800016a   0x00000000   Code   RO          688    .ARM.Collect$$libshutdown$$0000000B  c_w.l(libshutdown2.o)
    0x0800016a   0x00000000   Code   RO          691    .ARM.Collect$$libshutdown$$0000000E  c_w.l(libshutdown2.o)
    0x0800016a   0x00000002   Code   RO          692    .ARM.Collect$$libshutdown$$0000000F  c_w.l(libshutdown2.o)
    0x0800016c   0x00000000   Code   RO          523    .ARM.Collect$$rtentry$$00000000  c_w.l(rtentry.o)
    0x0800016c   0x00000000   Code   RO          554    .ARM.Collect$$rtentry$$00000002  c_w.l(rtentry2.o)
    0x0800016c   0x00000006   Code   RO          569    .ARM.Collect$$rtentry$$00000004  c_w.l(rtentry4.o)
    0x08000172   0x00000000   Code   RO          556    .ARM.Collect$$rtentry$$00000009  c_w.l(rtentry2.o)
    0x08000172   0x00000004   Code   RO          557    .ARM.Collect$$rtentry$$0000000A  c_w.l(rtentry2.o)
    0x08000176   0x00000000   Code   RO          559    .ARM.Collect$$rtentry$$0000000C  c_w.l(rtentry2.o)
    0x08000176   0x00000008   Code   RO          560    .ARM.Collect$$rtentry$$0000000D  c_w.l(rtentry2.o)
    0x0800017e   0x00000002   Code   RO          596    .ARM.Collect$$rtexit$$00000000  c_w.l(rtexit.o)
    0x08000180   0x00000000   Code   RO          644    .ARM.Collect$$rtexit$$00000002  c_w.l(rtexit2.o)
    0x08000180   0x00000004   Code   RO          645    .ARM.Collect$$rtexit$$00000003  c_w.l(rtexit2.o)
    0x08000184   0x00000006   Code   RO          646    .ARM.Collect$$rtexit$$00000004  c_w.l(rtexit2.o)
    0x0800018a   0x00000002   PAD
    0x0800018c   0x00000034   Code   RO            4    .text               stm32f10x.o
    0x080001c0   0x000000cc   Code   RO           10    .text               atan_lut.o
    0x0800028c   0x000001cc   Code   RO           92    .text               gestures.o
    0x08000458   0x000002ec   Code   RO          152    .text               lpryxxxal.o
    0x08000744   0x00000a20   Code   RO          173    .text               lsm303dlh.o
    0x08001164   0x00000022   Code   RO          191    .text               main.o
    0x08001186   0x00000002   PAD
    0x08001188   0x00000134   Code   RO          238    .text               mgest_stack.o
    0x080012bc   0x00000100   Code   RO          252    .text               misc.o
    0x080013bc   0x00000758   Code   RO          264    .text               rf2500.o
    0x08001b14   0x0000006e   Code   RO          284    .text               service_functions.o
    0x08001b82   0x00000002   PAD
    0x08001b84   0x000004d8   Code   RO          296    .text               stm32f10x_adc.o
    0x0800205c   0x00000244   Code   RO          308    .text               stm32f10x_dma.o
    0x080022a0   0x00000148   Code   RO          320    .text               stm32f10x_exti.o
    0x080023e8   0x000003ac   Code   RO          332    .text               stm32f10x_gpio.o
    0x08002794   0x0000044e   Code   RO          344    .text               stm32f10x_i2c.o
    0x08002be2   0x00000002   PAD
    0x08002be4   0x00000414   Code   RO          356    .text               stm32f10x_rcc.o
    0x08002ff8   0x000003d4   Code   RO          370    .text               stm32f10x_spi.o
    0x080033cc   0x00000ec2   Code   RO          382    .text               stm32f10x_tim.o
    0x0800428e   0x0000002c   Code   RO          394    .text               communication.o
    0x080042ba   0x00000002   PAD
    0x080042bc   0x00000400   Code   RO          406    .text               protocol.o
    0x080046bc   0x0000082c   Code   RO          421    .text               gesture_latch.o
    0x08004ee8   0x00000006   Code   RO          439    .text               c_w.l(heapauxi.o)
    0x08004eee   0x00000016   Code   RO          525    .text               c_w.l(_rserrno.o)
    0x08004f04   0x00000008   Code   RO          574    .text               c_w.l(rt_errno_addr_intlibspace.o)
    0x08004f0c   0x00000008   Code   RO          580    .text               c_w.l(libspace.o)
    0x08004f14   0x0000004a   Code   RO          583    .text               c_w.l(sys_stackheap_outer.o)
    0x08004f5e   0x0000000c   Code   RO          585    .text               c_w.l(exit.o)
    0x08004f6a   0x00000002   PAD
    0x08004f6c   0x00000008   Code   RO          654    .text               c_w.l(rt_fp_status_addr_intlibspace.o)
    0x08004f74   0x0000000c   Code   RO          658    .text               c_w.l(sys_exit.o)
    0x08004f80   0x00000002   Code   RO          669    .text               c_w.l(use_no_semi.o)
    0x08004f82   0x00000000   Code   RO          671    .text               c_w.l(indicate_semi.o)
    0x08004f82   0x00000028   Code   RO          548    i.__ARM_fpclassify  m_ws.l(fpclassify.o)
    0x08004faa   0x000000aa   Code   RO          550    i.__kernel_poly     m_ws.l(poly.o)
    0x08005054   0x00000010   Code   RO          546    i.__mathlib_dbl_underflow  m_ws.l(dunder.o)
    0x08005064   0x00000290   Code   RO          496    i.exp               m_ws.l(exp.o)
    0x080052f4   0x000009f0   Code   RO          506    i.pow               m_ws.l(pow.o)
    0x08005ce4   0x0000004c   Code   RO          516    i.sqrt              m_ws.l(sqrt.o)
    0x08005d30   0x00000062   Code   RO          443    x$fpl$d2f           fz_ws.l(d2f.o)
    0x08005d92   0x00000002   PAD
    0x08005d94   0x00000150   Code   RO          445    x$fpl$dadd          fz_ws.l(daddsub_clz.o)
    0x08005ee4   0x00000010   Code   RO          576    x$fpl$dcheck1       fz_ws.l(dcheck1.o)
    0x08005ef4   0x00000018   Code   RO          578    x$fpl$dcmpinf       fz_ws.l(dcmpi.o)
    0x08005f0c   0x000002b0   Code   RO          452    x$fpl$ddiv          fz_ws.l(ddiv.o)
    0x080061bc   0x0000005e   Code   RO          455    x$fpl$dfix          fz_ws.l(dfix.o)
    0x0800621a   0x0000002e   Code   RO          460    x$fpl$dflt          fz_ws.l(dflt_clz.o)
    0x08006248   0x00000078   Code   RO          527    x$fpl$dleqf         fz_ws.l(dleqf.o)
    0x080062c0   0x00000154   Code   RO          465    x$fpl$dmul          fz_ws.l(dmul.o)
    0x08006414   0x0000009c   Code   RO          529    x$fpl$dnaninf       fz_ws.l(dnaninf.o)
    0x080064b0   0x0000000c   Code   RO          531    x$fpl$dretinf       fz_ws.l(dretinf.o)
    0x080064bc   0x0000006c   Code   RO          533    x$fpl$drleqf        fz_ws.l(drleqf.o)
    0x08006528   0x00000016   Code   RO          446    x$fpl$drsb          fz_ws.l(daddsub_clz.o)
    0x0800653e   0x00000002   PAD
    0x08006540   0x000001cc   Code   RO          535    x$fpl$dsqrt         fz_ws.l(dsqrt_noumaal.o)
    0x0800670c   0x000001d4   Code   RO          447    x$fpl$dsub          fz_ws.l(daddsub_clz.o)
    0x080068e0   0x00000056   Code   RO          467    x$fpl$f2d           fz_ws.l(f2d.o)
    0x08006936   0x00000002   PAD
    0x08006938   0x000000c4   Code   RO          469    x$fpl$fadd          fz_ws.l(faddsub_clz.o)
    0x080069fc   0x00000018   Code   RO          537    x$fpl$fcmpinf       fz_ws.l(fcmpi.o)
    0x08006a14   0x00000184   Code   RO          476    x$fpl$fdiv          fz_ws.l(fdiv.o)
    0x08006b98   0x0000003e   Code   RO          479    x$fpl$ffixu         fz_ws.l(ffixu.o)
    0x08006bd6   0x00000002   PAD
    0x08006bd8   0x00000030   Code   RO          484    x$fpl$fflt          fz_ws.l(fflt_clz.o)
    0x08006c08   0x00000068   Code   RO          489    x$fpl$fleqf         fz_ws.l(fleqf.o)
    0x08006c70   0x00000102   Code   RO          491    x$fpl$fmul          fz_ws.l(fmul.o)
    0x08006d72   0x0000008c   Code   RO          539    x$fpl$fnaninf       fz_ws.l(fnaninf.o)
    0x08006dfe   0x0000000e   Code   RO          639    x$fpl$fpinit        fz_ws.l(fpinit.o)
    0x08006e0c   0x0000000a   Code   RO          541    x$fpl$fretinf       fz_ws.l(fretinf.o)
    0x08006e16   0x00000062   Code   RO          493    x$fpl$frleqf        fz_ws.l(frleqf.o)
    0x08006e78   0x00000014   Code   RO          470    x$fpl$frsb          fz_ws.l(faddsub_clz.o)
    0x08006e8c   0x000000ea   Code   RO          471    x$fpl$fsub          fz_ws.l(faddsub_clz.o)
    0x08006f76   0x00000064   Code   RO          594    x$fpl$retnan        fz_ws.l(retnan.o)
    0x08006fda   0x00000060   Code   RO          543    x$fpl$scalbn        fz_ws.l(scalbn.o)
    0x0800703a   0x00000030   Code   RO          641    x$fpl$trapveneer    fz_ws.l(trapv.o)
    0x0800706a   0x00000000   Code   RO          545    x$fpl$usenofp       fz_ws.l(usenofp.o)
    0x0800706a   0x00000002   PAD
    0x0800706c   0x00000194   Data   RO           11    .constdata          atan_lut.o
    0x08007200   0x00000058   Data   RO          497    .constdata          m_ws.l(exp.o)
    0x08007258   0x00000088   Data   RO          507    .constdata          m_ws.l(pow.o)
    0x080072e0   0x00000008   Data   RO          552    .constdata          m_ws.l(qnan.o)
    0x080072e8   0x00000020   Data   RO          723    Region$$Table       anon$$obj.o


    Execution Region RW_IRAM1 (Base: 0x20000000, Size: 0x000004f8, Max: 0x00010000, ABSOLUTE)

    Base Addr    Size         Type   Attr      Idx    E Section Name        Object

    0x20000000   0x00000018   Data   RW           94    .data               gestures.o
    0x20000018   0x00000006   Data   RW          239    .data               mgest_stack.o
    0x2000001e   0x00000015   Data   RW          266    .data               rf2500.o
    0x20000033   0x00000014   Data   RW          357    .data               stm32f10x_rcc.o
    0x20000047   0x00000005   Data   RW          407    .data               protocol.o
    0x2000004c   0x00000093   Data   RW          423    .data               gesture_latch.o
    0x200000df   0x00000001   PAD
    0x200000e0   0x00000030   Zero   RW           93    .bss                gestures.o
    0x20000110   0x0000000a   Zero   RW          153    .bss                lpryxxxal.o
    0x2000011a   0x000000a0   Zero   RW          265    .bss                rf2500.o
    0x200001ba   0x00000002   PAD
    0x200001bc   0x000000dc   Zero   RW          422    .bss                gesture_latch.o
    0x20000298   0x00000060   Zero   RW          581    .bss                c_w.l(libspace.o)
    0x200002f8   0x00000000   Zero   RW            2    HEAP                stm32f10x.o
    0x200002f8   0x00000200   Zero   RW            1    STACK               stm32f10x.o


==============================================================================

Image component sizes


      Code (inc. data)   RO Data    RW Data    ZI Data      Debug   Object Name

       204         16        404          0          0     274109   atan_lut.o
        44          0          0          0          0        778   communication.o
      2092        236          0        147        220       3657   gesture_latch.o
       460         34          0         24         48       1978   gestures.o
       748         36          0          0         10       2656   lpryxxxal.o
      2592         38          0          0          0       9150   lsm303dlh.o
        34          0          0          0          0       9505   main.o
       308         12          0          6          0       2176   mgest_stack.o
       256         30          0          0          0       1621   misc.o
      1024         20          0          5          0       3101   protocol.o
      1880         76          0         21        160      22315   rf2500.o
       110          0          0          0          0        935   service_functions.o
        52         18        236          0        512        748   stm32f10x.o
      1240         28          0          0          0      10973   stm32f10x_adc.o
       580         20          0          0          0       3447   stm32f10x_dma.o
       328         24          0          0          0       2079   stm32f10x_exti.o
       940         46          0          0          0       5601   stm32f10x_gpio.o
      1102         18          0          0          0       8876   stm32f10x_i2c.o
      1044         52          0         20          0       8728   stm32f10x_rcc.o
       980         16          0          0          0       6582   stm32f10x_spi.o
      3778         72          0          0          0      22664   stm32f10x_tim.o

    ----------------------------------------------------------------------
     19804        792        672        224        952     401679   Object Totals
         0          0         32          0          0          0   (incl. Generated)
         8          0          0          1          2          0   (incl. Padding)

    ----------------------------------------------------------------------

      Code (inc. data)   RO Data    RW Data    ZI Data      Debug   Library Member Name

         8          0          0          0          0         68   __main.o
        52          8          0          0          0          0   __scatter.o
        26          0          0          0          0          0   __scatter_copy.o
        28          0          0          0          0          0   __scatter_zi.o
        22          0          0          0          0        100   _rserrno.o
        12          0          0          0          0         72   exit.o
         6          0          0          0          0        152   heapauxi.o
         0          0          0          0          0          0   indicate_semi.o
         6          0          0          0          0          0   libinit.o
         2          0          0          0          0          0   libinit2.o
         2          0          0          0          0          0   libshutdown.o
         2          0          0          0          0          0   libshutdown2.o
         8          4          0          0         96         68   libspace.o
         8          4          0          0          0         68   rt_errno_addr_intlibspace.o
         8          4          0          0          0         68   rt_fp_status_addr_intlibspace.o
         0          0          0          0          0          0   rtentry.o
        12          0          0          0          0          0   rtentry2.o
         6          0          0          0          0          0   rtentry4.o
         2          0          0          0          0          0   rtexit.o
        10          0          0          0          0          0   rtexit2.o
        12          4          0          0          0         68   sys_exit.o
        74          0          0          0          0         80   sys_stackheap_outer.o
         2          0          0          0          0         68   use_no_semi.o
        98          4          0          0          0         92   d2f.o
       826         16          0          0          0        356   daddsub_clz.o
        16          4          0          0          0         68   dcheck1.o
        24          0          0          0          0         68   dcmpi.o
       688        140          0          0          0        212   ddiv.o
        94          4          0          0          0         92   dfix.o
        46          0          0          0          0         68   dflt_clz.o
       120          4          0          0          0         92   dleqf.o
       340         12          0          0          0        104   dmul.o
       156          4          0          0          0         92   dnaninf.o
        12          0          0          0          0         68   dretinf.o
       108          0          0          0          0         80   drleqf.o
       460         56          0          0          0        120   dsqrt_noumaal.o
        86          4          0          0          0         84   f2d.o
       450          8          0          0          0        236   faddsub_clz.o
        24          0          0          0          0         68   fcmpi.o
       388         76          0          0          0         96   fdiv.o
        62          4          0          0          0         84   ffixu.o
        48          0          0          0          0         68   fflt_clz.o
       104          4          0          0          0         84   fleqf.o
       258          4          0          0          0         84   fmul.o
       140          4          0          0          0         84   fnaninf.o
        14          0          0          0          0         76   fpinit.o
        10          0          0          0          0         68   fretinf.o
        98          0          0          0          0         68   frleqf.o
       100          0          0          0          0         68   retnan.o
        96          0          0          0          0         68   scalbn.o
        48          0          0          0          0         68   trapv.o
         0          0          0          0          0          0   usenofp.o
        16          6          0          0          0         68   dunder.o
       656         90         88          0          0        212   exp.o
        40          0          0          0          0         68   fpclassify.o
       170          0          0          0          0         96   poly.o
      2544        192        136          0          0        340   pow.o
         0          0          8          0          0          0   qnan.o
        76          0          0          0          0         84   sqrt.o

    ----------------------------------------------------------------------
      8740        660        232          0         96       4496   Library Totals
        16          0          0          0          0          0   (incl. Padding)

    ----------------------------------------------------------------------

      Code (inc. data)   RO Data    RW Data    ZI Data      Debug   Library Name

       308         24          0          0         96        812   c_w.l
      4914        348          0          0          0       2816   fz_ws.l
      3502        288        232          0          0        868   m_ws.l

    ----------------------------------------------------------------------
      8740        660        232          0         96       4496   Library Totals

    ----------------------------------------------------------------------

==============================================================================


      Code (inc. data)   RO Data    RW Data    ZI Data      Debug   

     28544       1452        904        224       1048     401703   Grand Totals
     28544       1452        904        224       1048     401703   ELF Image Totals
     28544       1452        904        224          0          0   ROM Totals

==============================================================================

    Total RO  Size (Code + RO Data)                29448 (  28.76kB)
    Total RW  Size (RW Data + ZI Data)              1272 (   1.24kB)
    Total ROM Size (Code + RO Data + RW Data)      29672 (  28.98kB)

==============================================================================

