<html>
<body>
<pre>
<h1>µVision Build Log</h1>
<h2>Project:</h2>
D:\Documents\School\Fall 2011\ECSE-426\final_svn\Code\Georgi\master.uvproj
Project File Date:  12/03/2011

<h2>Output:</h2>
Build target 'Target 1'
assembling STM32F10x.s...
compiling atan_LUT.c...
compiling debugger.c...
compiling gestures.c...
compiling LPRYxxxAL.c...
compiling LSM303DLH.c...
compiling main.c...
compiling mgest_stack.c...
compiling misc.c...
compiling rf2500.c...
rf2500.c(377): error:  #20: identifier "RF_CMD" is undefined
compiling service_functions.c...
compiling stm32f10x_adc.c...
compiling stm32f10x_dma.c...
compiling stm32f10x_exti.c...
compiling stm32f10x_gpio.c...
compiling stm32f10x_i2c.c...
compiling stm32f10x_rcc.c...
compiling stm32f10x_spi.c...
compiling stm32f10x_tim.c...
Target not created
Build target 'Target 1'
compiling rf2500.c...
linking...
Program Size: Code=27112 RO-data=904 RW-data=220 ZI-data=892  
"master.axf" - 0 Error(s), 0 Warning(s).
Build target 'Target 1'
compiling main.c...
rf2500.h(11): error:  #5: cannot open source input file "protocol.h": No such file or directory
compiling rf2500.c...
rf2500.h(11): error:  #5: cannot open source input file "protocol.h": No such file or directory
Target not created
Build target 'Target 1'
compiling main.c...
compiling rf2500.c...
linking...
Program Size: Code=27112 RO-data=904 RW-data=220 ZI-data=892  
"master.axf" - 0 Error(s), 0 Warning(s).
Build target 'Target 1'
compiling main.c...
compiling rf2500.c...
linking...
Program Size: Code=27112 RO-data=904 RW-data=220 ZI-data=892  
"master.axf" - 0 Error(s), 0 Warning(s).
Build target 'Target 1'
compiling main.c...
compiling rf2500.c...
linking...
Program Size: Code=27112 RO-data=904 RW-data=220 ZI-data=892  
"master.axf" - 0 Error(s), 0 Warning(s).
Build target 'Target 1'
compiling main.c...
compiling rf2500.c...
compiling communication.c...
communication.c(3): error:  #20: identifier "RF_CMD" is undefined
communication.c(5): error:  #20: identifier "RF_CMD_NO_CMD" is undefined
communication.c(6): warning:  #1-D: last line of file ends without a newline
Target not created
Build target 'Target 1'
compiling communication.c...
communication.c(6): warning:  #1-D: last line of file ends without a newline
linking...
Program Size: Code=27112 RO-data=904 RW-data=220 ZI-data=892  
"master.axf" - 0 Error(s), 1 Warning(s).
Build target 'Target 1'
compiling communication.c...
linking...
Program Size: Code=27112 RO-data=904 RW-data=220 ZI-data=892  
"master.axf" - 0 Error(s), 0 Warning(s).
Build target 'Target 1'
compiling main.c...
compiling communication.c...
communication.c(2): error:  #20: identifier "u8" is undefined
communication.c(12): warning:  #223-D: function "EXTI_GetITStatus" declared implicitly
communication.c(12): error:  #20: identifier "EXTI_Line6" is undefined
communication.c(12): error:  #20: identifier "RESET" is undefined
communication.c(13): warning:  #223-D: function "GPIO_ReadOutputDataBit" declared implicitly
communication.c(13): error:  #20: identifier "GPIOA" is undefined
communication.c(13): error:  #20: identifier "GPIO_Pin_4" is undefined
communication.c(18): warning:  #223-D: function "EXTI_ClearITPendingBit" declared implicitly
Target not created
Build target 'Target 1'
compiling main.c...
compiling rf2500.c...
compiling communication.c...
linking...
master.axf: Error: L6200E: Symbol _new_rf_data multiply defined (by communication.o and main.o).
Target not created
Build target 'Target 1'
compiling main.c...
linking...
Program Size: Code=27116 RO-data=908 RW-data=216 ZI-data=888  
"master.axf" - 0 Error(s), 0 Warning(s).
Build target 'Target 1'
compiling main.c...
compiling rf2500.c...
compiling communication.c...
linking...
Program Size: Code=27124 RO-data=908 RW-data=216 ZI-data=888  
"master.axf" - 0 Error(s), 0 Warning(s).
Build target 'Target 1'
compiling main.c...
compiling rf2500.c...
compiling communication.c...
linking...
master.axf: Error: L6200E: Symbol _new_rf_data multiply defined (by communication.o and rf2500.o).
Target not created
Build target 'Target 1'
compiling main.c...
compiling rf2500.c...
rf2500.c(261): error:  #20: identifier "_new_data" is undefined
rf2500.c(283): error:  #165: too few arguments in function call
rf2500.c(284): error:  #165: too few arguments in function call
rf2500.c(285): error:  #165: too few arguments in function call
rf2500.c(286): error:  #165: too few arguments in function call
compiling communication.c...
Target not created
Build target 'Target 1'
compiling rf2500.c...
rf2500.c(261): error:  #20: identifier "_new_data" is undefined
Target not created
Build target 'Target 1'
compiling rf2500.c...
linking...
Program Size: Code=27304 RO-data=904 RW-data=216 ZI-data=1048  
"master.axf" - 0 Error(s), 0 Warning(s).
Build target 'Target 1'
linking...
Program Size: Code=27304 RO-data=904 RW-data=216 ZI-data=1048  
"master.axf" - 0 Error(s), 0 Warning(s).
Build target 'Target 1'
compiling communication.c...
communication.c(4): warning:  #188-D: enumerated type mixed with another type
linking...
Program Size: Code=27304 RO-data=904 RW-data=216 ZI-data=1048  
"master.axf" - 0 Error(s), 1 Warning(s).
Build target 'Target 1'
compiling communication.c...
linking...
Program Size: Code=27304 RO-data=904 RW-data=216 ZI-data=1048  
"master.axf" - 0 Error(s), 0 Warning(s).
Build target 'Target 1'
compiling main.c...
compiling rf2500.c...
compiling communication.c...
communication.c(11): warning:  #940-D: missing return statement at end of non-void function "send_listen"
linking...
Program Size: Code=27304 RO-data=904 RW-data=216 ZI-data=1048  
"master.axf" - 0 Error(s), 1 Warning(s).
Build target 'Target 1'
compiling communication.c...
linking...
Program Size: Code=27304 RO-data=904 RW-data=216 ZI-data=1048  
"master.axf" - 0 Error(s), 0 Warning(s).
Build target 'Target 1'
compiling main.c...
compiling rf2500.c...
compiling communication.c...
linking...
Program Size: Code=27304 RO-data=904 RW-data=216 ZI-data=1048  
"master.axf" - 0 Error(s), 0 Warning(s).
Build target 'Target 1'
compiling rf2500.c...
linking...
Program Size: Code=27380 RO-data=908 RW-data=216 ZI-data=1048  
"master.axf" - 0 Error(s), 0 Warning(s).
Build target 'Target 1'
compiling rf2500.c...
rf2500.c(266): warning:  #223-D: function "wait_listen" declared implicitly
rf2500.c(326): error:  #159: declaration is incompatible with previous "wait_listen" (declared at line 266)
Target not created
Build target 'Target 1'
compiling main.c...
rf2500.h(35): error:  #130: expected a "{"
main.c(49): warning:  #12-D: parsing restarts here after previous syntax error
main.c(52): warning:  #223-D: function "initAccGyro" declared implicitly
main.c(54): warning:  #223-D: function "initTIM" declared implicitly
main.c(57): warning:  #223-D: function "init_spi" declared implicitly
main.c(58): warning:  #223-D: function "send_strobe" declared implicitly
main.c(62): error:  #20: identifier "newData" is undefined
main.c(63): warning:  #223-D: function "update_Orientation" declared implicitly
main.c(65): error:  #20: identifier "accelX" is undefined
main.c(65): error:  #20: identifier "accelY" is undefined
main.c(65): error:  #20: identifier "accelZ" is undefined
main.c(65): error:  #20: identifier "roll_fuse" is undefined
main.c(65): error:  #20: identifier "move" is undefined
main.c(79): error:  #159: declaration is incompatible with previous "initTIM" (declared at line 54)
main.c(83): error:  #20: identifier "timConfig" is undefined
main.c(95): error:  #20: identifier "nvicConfig" is undefined
main.c(104): error:  #159: declaration is incompatible with previous "initAccGyro" (declared at line 52)
main.c(106): error:  #20: identifier "accConfig" is undefined
main.c(126): error:  #20: identifier "rawAcc" is undefined
main.c(126): error:  #20: identifier "data" is undefined
main.c(127): error:  #20: identifier "rawGyro" is undefined
main.c(129): error:  #20: identifier "newData" is undefined
main.c(132): error:  #159: declaration is incompatible with previous "update_Orientation" (declared at line 63)
main.c(134): error:  #20: identifier "accelX" is undefined
main.c(134): error:  #20: identifier "rawAcc" is undefined
main.c(135): error:  #20: identifier "accelY" is undefined
main.c(136): error:  #20: identifier "accelZ" is undefined
main.c(139): error:  #20: identifier "accelYZ" is undefined
main.c(140): error:  #20: identifier "accelXY" is undefined
main.c(143): error:  #20: identifier "pitch" is undefined
main.c(144): error:  #20: identifier "roll" is undefined
main.c(153): error:  #20: identifier "mean_pitch" is undefined
main.c(153): error:  #20: identifier "pitch_stat" is undefined
main.c(153): error:  #20: identifier "stat_count" is undefined
main.c(154): error:  #20: identifier "mean_roll" is undefined
main.c(154): error:  #20: identifier "roll_stat" is undefined
compiling rf2500.c...
rf2500.h(35): error:  #130: expected a "{"
rf2500.c(9): warning:  #12-D: parsing restarts here after previous syntax error
rf2500.c(76): warning:  #223-D: function "raise_css" declared implicitly
rf2500.c(78): warning:  #223-D: function "rf_reset" declared implicitly
rf2500.c(80): warning:  #223-D: function "configure" declared implicitly
rf2500.c(96): error:  #159: declaration is incompatible with previous "raise_css" (declared at line 76)
rf2500.c(107): warning:  #223-D: function "send_strobe" declared implicitly
rf2500.c(111): warning:  #223-D: function "send_strobe" declared implicitly
rf2500.c(113): error:  #159: declaration is incompatible with previous "rf_reset" (declared at line 78)
rf2500.c(121): warning:  #223-D: function "send_strobe" declared implicitly
rf2500.c(138): warning:  #223-D: function "miso_high" declared implicitly
rf2500.c(150): error:  #20: identifier "t" is undefined
rf2500.c(159): error:  #159: declaration is incompatible with previous "send_strobe" (declared at line 107)
rf2500.c(162): warning:  #223-D: function "miso_high" declared implicitly
rf2500.c(177): error:  #20: identifier "t" is undefined
rf2500.c(190): warning:  #223-D: function "miso_high" declared implicitly
rf2500.c(199): error:  #20: identifier "t" is undefined
rf2500.c(230): error:  #20: identifier "tmp" is undefined
rf2500.c(234): error:  #20: identifier "t3" is undefined
rf2500.c(261): error:  #20: identifier "_new_rf_data" is undefined
rf2500.c(269): error:  #20: identifier "tmp" is undefined
rf2500.c(283): error:  #20: identifier "t3" is undefined
rf2500.c(291): error:  #159: declaration is incompatible with previous "miso_high" (declared at line 138)
rf2500.c(326): error:  #247: function "wait_listen" has already been defined
rf2500.c(330): error:  #20: identifier "_new_rf_data" is undefined
rf2500.c(345): error:  #159: declaration is incompatible with previous "configure" (declared at line 80)
rf2500.c(392): error:  #20: identifier "t3" is undefined
rf2500.c(402): error:  #20: identifier "_new_rf_data" is undefined
compiling communication.c...
rf2500.h(35): error:  #130: expected a "{"
communication.h(7): warning:  #12-D: parsing restarts here after previous syntax error
communication.h(8): error:  #20: identifier "RF_CMD_NO_CMD" is undefined
communication.h(9): error:  #20: identifier "RF_CMD_REQ" is undefined
communication.h(10): error:  #20: identifier "RF_CMD_ACK" is undefined
communication.h(11): error:  #20: identifier "RF_CMD_ROCK" is undefined
communication.h(12): error:  #20: identifier "RF_CMD_PAPER" is undefined
communication.h(13): error:  #20: identifier "RF_CMD_SCISSORS" is undefined
communication.h(14): error:  #20: identifier "RF_CMD_MWIN" is undefined
communication.h(15): error:  #20: identifier "RF_CMD_MLOSE" is undefined
communication.h(16): error:  #20: identifier "RF_CMD_TIE" is undefined
communication.h(17): error:  #65: expected a ";"
communication.h(17): error:  #77-D: this declaration has no storage class or type specifier
communication.h(21): error:  #757: variable "RF_CMD" is not a type name
communication.h(22): error:  #757: variable "RF_CMD" is not a type name
communication.h(23): error:  #757: variable "RF_CMD" is not a type name
communication.h(23): error:  #757: variable "RF_CMD" is not a type name
communication.c(2): error:  #757: variable "RF_CMD" is not a type name
communication.c(4): error:  #65: expected a ";"
communication.c(7): error:  #757: variable "RF_CMD" is not a type name
communication.c(8): warning:  #223-D: function "rf_send_byte" declared implicitly
communication.c(11): error:  #757: variable "RF_CMD" is not a type name
communication.c(11): error:  #757: variable "RF_CMD" is not a type name
communication.c(13): warning:  #223-D: function "rf_send_byte" declared implicitly
communication.c(14): error:  #65: expected a ";"
Target not created
Build target 'Target 1'
compiling main.c...
compiling rf2500.c...
compiling communication.c...
linking...
Program Size: Code=27380 RO-data=908 RW-data=216 ZI-data=1048  
"master.axf" - 0 Error(s), 0 Warning(s).
Build target 'Target 1'
compiling communication.c...
linking...
Program Size: Code=27380 RO-data=908 RW-data=216 ZI-data=1048  
"master.axf" - 0 Error(s), 0 Warning(s).
Build target 'Target 1'
compiling main.c...
main.c(59): error:  #268: declaration may not appear after executable statement in block
main.c(80): error:  #169: expected a declaration
main.c(104): warning:  #12-D: parsing restarts here after previous syntax error
main.c(105): error:  #169: expected a declaration
main.c(156): warning:  #12-D: parsing restarts here after previous syntax error
main.c(157): error:  #77-D: this declaration has no storage class or type specifier
main.c(157): error:  #147: declaration is incompatible with "float mean_roll" (declared at line 30)
main.c(157): error:  #28: expression must have a constant value
main.c(157): error:  #28: expression must have a constant value
main.c(157): error:  #28: expression must have a constant value
main.c(158): error:  #77-D: this declaration has no storage class or type specifier
main.c(158): error:  #147: declaration is incompatible with "float pitchsquare" (declared at line 30)
main.c(158): error:  #28: expression must have a constant value
main.c(158): error:  #28: expression must have a constant value
main.c(158): error:  #28: expression must have a constant value
main.c(158): error:  #28: expression must have a constant value
main.c(159): error:  #77-D: this declaration has no storage class or type specifier
main.c(159): error:  #147: declaration is incompatible with "float rollsquare" (declared at line 30)
main.c(159): error:  #28: expression must have a constant value
main.c(159): error:  #28: expression must have a constant value
main.c(159): error:  #28: expression must have a constant value
main.c(159): error:  #28: expression must have a constant value
main.c(162): error:  #28: expression must have a constant value
main.c(162): error:  #28: expression must have a constant value
main.c(163): error:  #28: expression must have a constant value
main.c(163): error:  #28: expression must have a constant value
main.c(163): error:  #28: expression must have a constant value
main.c(164): error:  #28: expression must have a constant value
main.c(164): error:  #28: expression must have a constant value
main.c(165): error:  #28: expression must have a constant value
main.c(165): error:  #28: expression must have a constant value
main.c(165): error:  #28: expression must have a constant value
compiling communication.c...
Target not created
Build target 'Target 1'
compiling main.c...
main.c(59): error:  #268: declaration may not appear after executable statement in block
Target not created
Build target 'Target 1'
compiling main.c...
linking...
Program Size: Code=26576 RO-data=904 RW-data=184 ZI-data=1000  
"master.axf" - 0 Error(s), 0 Warning(s).
Build target 'Target 1'
compiling main.c...
linking...
Program Size: Code=26576 RO-data=904 RW-data=184 ZI-data=1000  
"master.axf" - 0 Error(s), 0 Warning(s).
Build target 'Target 1'
compiling main.c...
linking...
Program Size: Code=26572 RO-data=908 RW-data=184 ZI-data=1000  
"master.axf" - 0 Error(s), 0 Warning(s).
Load "D:\\Documents\\School\\Fall 2011\\ECSE-426\\final_svn\\Code\\Georgi\\master.AXF" 
Erase Done.
Programming Done.
Verify OK.
Build target 'Target 1'
compiling main.c...
linking...
Program Size: Code=26580 RO-data=908 RW-data=184 ZI-data=1000  
"master.axf" - 0 Error(s), 0 Warning(s).
Load "D:\\Documents\\School\\Fall 2011\\ECSE-426\\final_svn\\Code\\Georgi\\master.AXF" 
Erase Done.
Programming Done.
Verify OK.
Build target 'Target 1'
compiling main.c...
linking...
Program Size: Code=26580 RO-data=908 RW-data=184 ZI-data=1000  
"master.axf" - 0 Error(s), 0 Warning(s).
Load "D:\\Documents\\School\\Fall 2011\\ECSE-426\\final_svn\\Code\\Georgi\\master.AXF" 
Erase Done.
Programming Done.
Verify OK.
Build target 'Target 1'
compiling main.c...
linking...
Program Size: Code=26568 RO-data=904 RW-data=184 ZI-data=1000  
"master.axf" - 0 Error(s), 0 Warning(s).
Load "D:\\Documents\\School\\Fall 2011\\ECSE-426\\final_svn\\Code\\Georgi\\master.AXF" 
Erase Done.
Programming Done.
Verify OK.
Build target 'Target 1'
compiling main.c...
linking...
Program Size: Code=26572 RO-data=908 RW-data=184 ZI-data=1000  
"master.axf" - 0 Error(s), 0 Warning(s).
Load "D:\\Documents\\School\\Fall 2011\\ECSE-426\\final_svn\\Code\\Georgi\\master.AXF" 
Erase Done.
Programming Done.
Verify OK.
Build target 'Target 1'
compiling communication.c...
linking...
Program Size: Code=26572 RO-data=908 RW-data=184 ZI-data=1000  
"master.axf" - 0 Error(s), 0 Warning(s).
Load "D:\\Documents\\School\\Fall 2011\\ECSE-426\\final_svn\\Code\\Georgi\\master.AXF" 
Erase Done.
Programming Done.
Verify OK.
Build target 'Target 1'
compiling communication.c...
linking...
Program Size: Code=26572 RO-data=908 RW-data=184 ZI-data=1000  
"master.axf" - 0 Error(s), 0 Warning(s).
Build target 'Target 1'
linking...
Program Size: Code=26572 RO-data=908 RW-data=184 ZI-data=1000  
"master.axf" - 0 Error(s), 0 Warning(s).
Load "D:\\Documents\\School\\Fall 2011\\ECSE-426\\final_svn\\Code\\Georgi\\master.AXF" 
Erase Done.
Programming Done.
Verify OK.
Build target 'Target 1'
compiling main.c...
linking...
Program Size: Code=26576 RO-data=904 RW-data=184 ZI-data=1000  
"master.axf" - 0 Error(s), 0 Warning(s).
Load "D:\\Documents\\School\\Fall 2011\\ECSE-426\\final_svn\\Code\\Georgi\\master.AXF" 
Erase Done.
Programming Done.
Verify OK.
Build target 'Target 1'
compiling communication.c...
linking...
Program Size: Code=26576 RO-data=904 RW-data=184 ZI-data=1000  
"master.axf" - 0 Error(s), 0 Warning(s).
Build target 'Target 1'
compiling rf2500.c...
linking...
Program Size: Code=26580 RO-data=908 RW-data=184 ZI-data=1000  
"master.axf" - 0 Error(s), 0 Warning(s).
Build target 'Target 1'
compiling main.c...
compiling rf2500.c...
compiling communication.c...
linking...
Program Size: Code=26580 RO-data=908 RW-data=184 ZI-data=1000  
"master.axf" - 0 Error(s), 0 Warning(s).
