<html>
<body>
<pre>
<h1>µVision Build Log</h1>
<h2>Project:</h2>
\\campus.mcgill.ca\EMF\ELE\aali28\Desktop\microP\Final\Code\NEW_MASTER\final.uvproj
Project File Date:  12/04/2011

<h2>Output:</h2>
Build target 'Target 1'
assembling STM32F10x.s...
compiling atan_LUT.c...
compiling communication.c...
compiling debugger.c...
compiling gesture_latch.c...
compiling gestures.c...
gestures.c: error: L6002U: Could not open file gestures.o: No such file or directory
Target not created
Build target 'Target 1'
assembling STM32F10x.s...
compiling atan_LUT.c...
compiling communication.c...
compiling debugger.c...
compiling gesture_latch.c...
compiling gestures.c...
compiling LPRYxxxAL.c...
compiling LSM303DLH.c...
compiling main.c...
compiling mgest_stack.c...
compiling misc.c...
compiling protocol.c...
protocol.c(70): warning:  #188-D: enumerated type mixed with another type
protocol.c(219): warning:  #188-D: enumerated type mixed with another type
compiling rf2500.c...
compiling service_functions.c...
compiling stm32f10x_adc.c...
compiling stm32f10x_dma.c...
compiling stm32f10x_exti.c...
compiling stm32f10x_gpio.c...
compiling stm32f10x_i2c.c...
compiling stm32f10x_rcc.c...
compiling stm32f10x_spi.c...
compiling stm32f10x_tim.c...
linking...
Program Size: Code=26724 RO-data=908 RW-data=228 ZI-data=1052  
"final.axf" - 0 Error(s), 2 Warning(s).
Load "\\\\campus.mcgill.ca\\EMF\\ELE\\aali28\\Desktop\\microP\\Final\\Code\\NEW_MASTER\\final.AXF" 
Erase Done.
Programming Done.
Verify OK.
