ARM Linker, 4.1 [Build 713] [Evaluation]

==============================================================================

Section Cross References

    stm32f10x.o(STACK) refers (Special) to heapauxi.o(.text) for __use_two_region_memory
    stm32f10x.o(HEAP) refers (Special) to heapauxi.o(.text) for __use_two_region_memory
    stm32f10x.o(RESET) refers (Special) to heapauxi.o(.text) for __use_two_region_memory
    stm32f10x.o(RESET) refers to stm32f10x.o(STACK) for __initial_sp
    stm32f10x.o(RESET) refers to stm32f10x.o(.text) for Reset_Handler
    stm32f10x.o(RESET) refers to rf2500.o(.text) for EXTI9_5_IRQHandler
    stm32f10x.o(RESET) refers to gesture_latch.o(.text) for TIM2_IRQHandler
    stm32f10x.o(RESET) refers to protocol.o(.text) for EXTI15_10_IRQHandler
    stm32f10x.o(.text) refers (Special) to heapauxi.o(.text) for __use_two_region_memory
    stm32f10x.o(.text) refers to __main.o(!!!main) for __main
    stm32f10x.o(.text) refers to stm32f10x.o(HEAP) for Heap_Mem
    stm32f10x.o(.text) refers to stm32f10x.o(STACK) for Stack_Mem
    atan_lut.o(.text) refers to dflt_clz.o(x$fpl$dflt) for __aeabi_i2d
    atan_lut.o(.text) refers to ddiv.o(x$fpl$ddiv) for __aeabi_ddiv
    atan_lut.o(.text) refers to atan.o(i.atan) for atan
    atan_lut.o(.text) refers to dmul.o(x$fpl$dmul) for __aeabi_dmul
    atan_lut.o(.text) refers to daddsub_clz.o(x$fpl$dadd) for __aeabi_dadd
    atan_lut.o(.text) refers to fleqf.o(x$fpl$fleqf) for __aeabi_cfcmple
    atan_lut.o(.text) refers to fmul.o(x$fpl$fmul) for __aeabi_fmul
    atan_lut.o(.text) refers to faddsub_clz.o(x$fpl$fsub) for __aeabi_fsub
    atan_lut.o(.text) refers to ffix.o(x$fpl$ffix) for __aeabi_f2iz
    atan_lut.o(.text) refers to d2f.o(x$fpl$d2f) for __aeabi_d2f
    atan_lut.o(.text) refers to f2d.o(x$fpl$f2d) for __aeabi_f2d
    atan_lut.o(.text) refers to dleqf.o(x$fpl$dleqf) for __aeabi_cdcmple
    atan_lut.o(.text) refers to fflt_clz.o(x$fpl$fflt) for __aeabi_i2f
    atan_lut.o(.text) refers to atan_lut.o(.data) for initialized
    atan_lut.o(.text) refers to atan_lut.o(.bss) for lut_2
    communication.o(.text) refers to rf2500.o(.text) for rf_read_byte
    gesture_latch.o(.text) refers to stm32f10x_rcc.o(.text) for RCC_APB1PeriphClockCmd
    gesture_latch.o(.text) refers to stm32f10x_tim.o(.text) for TIM_TimeBaseInit
    gesture_latch.o(.text) refers to misc.o(.text) for NVIC_PriorityGroupConfig
    gesture_latch.o(.text) refers to lsm303dlh.o(.text) for LSM303DLH_I2C_Init
    gesture_latch.o(.text) refers to lpryxxxal.o(.text) for LPRYxxxAL_ADC_Init
    gesture_latch.o(.text) refers to fflt_clz.o(x$fpl$fflt) for __aeabi_i2f
    gesture_latch.o(.text) refers to f2d.o(x$fpl$f2d) for __aeabi_f2d
    gesture_latch.o(.text) refers to pow.o(i.pow) for pow
    gesture_latch.o(.text) refers to daddsub_clz.o(x$fpl$dadd) for __aeabi_dadd
    gesture_latch.o(.text) refers to sqrt.o(i.sqrt) for sqrt
    gesture_latch.o(.text) refers to d2f.o(x$fpl$d2f) for __aeabi_d2f
    gesture_latch.o(.text) refers to fdiv.o(x$fpl$fdiv) for __aeabi_fdiv
    gesture_latch.o(.text) refers to atan_lut.o(.text) for atan_table
    gesture_latch.o(.text) refers to fleqf.o(x$fpl$fleqf) for __aeabi_cfcmple
    gesture_latch.o(.text) refers to faddsub_clz.o(x$fpl$fadd) for __aeabi_fadd
    gesture_latch.o(.text) refers to frleqf.o(x$fpl$frleqf) for __aeabi_cfrcmple
    gesture_latch.o(.text) refers to faddsub_clz.o(x$fpl$fsub) for __aeabi_fsub
    gesture_latch.o(.text) refers to faddsub_clz.o(x$fpl$frsb) for __aeabi_frsub
    gesture_latch.o(.text) refers to fmul.o(x$fpl$fmul) for __aeabi_fmul
    gesture_latch.o(.text) refers to exp.o(i.exp) for exp
    gesture_latch.o(.text) refers to dmul.o(x$fpl$dmul) for __aeabi_dmul
    gesture_latch.o(.text) refers to gesture_latch.o(.bss) for timConfig
    gesture_latch.o(.text) refers to gesture_latch.o(.data) for nvicConfig
    gesture_latch.o(.text) refers to ddiv.o(x$fpl$ddiv) for __aeabi_ddiv
    gesture_latch.o(.text) refers to gestures.o(.text) for updateGesture
    gesture_latch.o(.text) refers to stm32f10x_exti.o(.text) for EXTI_GenerateSWInterrupt
    gestures.o(.text) refers to ffix.o(x$fpl$ffix) for __aeabi_f2iz
    gestures.o(.text) refers to dflt_clz.o(x$fpl$dflt) for __aeabi_i2d
    gestures.o(.text) refers to dfix.o(x$fpl$dfix) for __aeabi_d2iz
    gestures.o(.text) refers to frleqf.o(x$fpl$frleqf) for __aeabi_cfrcmple
    gestures.o(.text) refers to mgest_stack.o(.text) for intelligent_push
    gestures.o(.text) refers to gestures.o(.bss) for acc
    lpryxxxal.o(.text) refers to stm32f10x_rcc.o(.text) for RCC_APB2PeriphClockCmd
    lpryxxxal.o(.text) refers to stm32f10x_gpio.o(.text) for GPIO_Init
    lpryxxxal.o(.text) refers to stm32f10x_adc.o(.text) for ADC_RegularChannelConfig
    lpryxxxal.o(.text) refers to stm32f10x_dma.o(.text) for DMA_DeInit
    lpryxxxal.o(.text) refers to dflt_clz.o(x$fpl$dflt) for __aeabi_i2d
[...]
    .text                                    0x080052ce   Section        0  exit.o(.text)
    .text                                    0x080052dc   Section        8  rt_fp_status_addr_intlibspace.o(.text)
    .text                                    0x080052e4   Section        0  sys_exit.o(.text)
    .text                                    0x080052f0   Section        2  use_no_semi.o(.text)
    .text                                    0x080052f2   Section        0  indicate_semi.o(.text)
    i.__ARM_fpclassify                       0x080052f2   Section        0  fpclassify.o(i.__ARM_fpclassify)
    i.__kernel_poly                          0x0800531a   Section        0  poly.o(i.__kernel_poly)
    i.__mathlib_dbl_underflow                0x080053c4   Section        0  dunder.o(i.__mathlib_dbl_underflow)
    i.atan                                   0x080053d4   Section        0  atan.o(i.atan)
    i.exp                                    0x080055f8   Section        0  exp.o(i.exp)
    i.pow                                    0x08005888   Section        0  pow.o(i.pow)
    i.sqrt                                   0x08006278   Section        0  sqrt.o(i.sqrt)
    x$fpl$d2f                                0x080062c4   Section       98  d2f.o(x$fpl$d2f)
    x$fpl$dadd                               0x08006328   Section      336  daddsub_clz.o(x$fpl$dadd)
    _dadd1                                   0x08006339   Thumb Code     0  daddsub_clz.o(x$fpl$dadd)
    x$fpl$dcheck1                            0x08006478   Section       16  dcheck1.o(x$fpl$dcheck1)
    x$fpl$dcmpinf                            0x08006488   Section       24  dcmpi.o(x$fpl$dcmpinf)
    x$fpl$ddiv                               0x080064a0   Section      688  ddiv.o(x$fpl$ddiv)
    ddiv_entry                               0x080064a7   Thumb Code     0  ddiv.o(x$fpl$ddiv)
    x$fpl$dfix                               0x08006750   Section       94  dfix.o(x$fpl$dfix)
    x$fpl$dflt                               0x080067ae   Section       46  dflt_clz.o(x$fpl$dflt)
    x$fpl$dleqf                              0x080067dc   Section      120  dleqf.o(x$fpl$dleqf)
    x$fpl$dmul                               0x08006854   Section      340  dmul.o(x$fpl$dmul)
    x$fpl$dnaninf                            0x080069a8   Section      156  dnaninf.o(x$fpl$dnaninf)
    x$fpl$dretinf                            0x08006a44   Section       12  dretinf.o(x$fpl$dretinf)
    x$fpl$drleqf                             0x08006a50   Section      108  drleqf.o(x$fpl$drleqf)
    x$fpl$drsb                               0x08006abc   Section       22  daddsub_clz.o(x$fpl$drsb)
    x$fpl$dsqrt                              0x08006ad4   Section      460  dsqrt_noumaal.o(x$fpl$dsqrt)
    x$fpl$dsub                               0x08006ca0   Section      468  daddsub_clz.o(x$fpl$dsub)
    _dsub1                                   0x08006cb1   Thumb Code     0  daddsub_clz.o(x$fpl$dsub)
    x$fpl$f2d                                0x08006e74   Section       86  f2d.o(x$fpl$f2d)
    x$fpl$fadd                               0x08006ecc   Section      196  faddsub_clz.o(x$fpl$fadd)
    _fadd1                                   0x08006edb   Thumb Code     0  faddsub_clz.o(x$fpl$fadd)
    x$fpl$fcmpinf                            0x08006f90   Section       24  fcmpi.o(x$fpl$fcmpinf)
    x$fpl$fdiv                               0x08006fa8   Section      388  fdiv.o(x$fpl$fdiv)
    _fdiv1                                   0x08006fa9   Thumb Code     0  fdiv.o(x$fpl$fdiv)
    x$fpl$ffix                               0x0800712c   Section       54  ffix.o(x$fpl$ffix)
    x$fpl$fflt                               0x08007164   Section       48  fflt_clz.o(x$fpl$fflt)
    x$fpl$fleqf                              0x08007194   Section      104  fleqf.o(x$fpl$fleqf)
    x$fpl$fmul                               0x080071fc   Section      258  fmul.o(x$fpl$fmul)
    x$fpl$fnaninf                            0x080072fe   Section      140  fnaninf.o(x$fpl$fnaninf)
    x$fpl$fpinit                             0x0800738a   Section       14  fpinit.o(x$fpl$fpinit)
    x$fpl$fretinf                            0x08007398   Section       10  fretinf.o(x$fpl$fretinf)
    x$fpl$frleqf                             0x080073a2   Section       98  frleqf.o(x$fpl$frleqf)
    x$fpl$frsb                               0x08007404   Section       20  faddsub_clz.o(x$fpl$frsb)
    x$fpl$fsub                               0x08007418   Section      234  faddsub_clz.o(x$fpl$fsub)
    _fsub1                                   0x08007427   Thumb Code     0  faddsub_clz.o(x$fpl$fsub)
    x$fpl$retnan                             0x08007502   Section      100  retnan.o(x$fpl$retnan)
    x$fpl$scalbn                             0x08007566   Section       96  scalbn.o(x$fpl$scalbn)
    x$fpl$trapveneer                         0x080075c6   Section       48  trapv.o(x$fpl$trapveneer)
    x$fpl$usenofp                            0x080075f6   Section        0  usenofp.o(x$fpl$usenofp)
    .constdata                               0x080075f8   Section        8  inemo_led.o(.constdata)
    .constdata                               0x08007600   Section      152  atan.o(.constdata)
    atanhi                                   0x08007600   Data          32  atan.o(.constdata)
    atanlo                                   0x08007620   Data          32  atan.o(.constdata)
    aTodd                                    0x08007640   Data          40  atan.o(.constdata)
    aTeven                                   0x08007668   Data          48  atan.o(.constdata)
    .constdata                               0x08007698   Section       88  exp.o(.constdata)
    halF                                     0x08007698   Data          16  exp.o(.constdata)
    ln2HI                                    0x080076a8   Data          16  exp.o(.constdata)
    ln2LO                                    0x080076b8   Data          16  exp.o(.constdata)
    P                                        0x080076c8   Data          40  exp.o(.constdata)
    .constdata                               0x080076f0   Section      136  pow.o(.constdata)
    bp                                       0x080076f0   Data          16  pow.o(.constdata)
    dp_h                                     0x08007700   Data          16  pow.o(.constdata)
    dp_l                                     0x08007710   Data          16  pow.o(.constdata)
    L                                        0x08007720   Data          48  pow.o(.constdata)
    P                                        0x08007750   Data          40  pow.o(.constdata)
    .constdata                               0x08007778   Section        8  qnan.o(.constdata)
    .data                                    0x20000000   Section        4  atan_lut.o(.data)
    initialized                              0x20000000   Data           4  atan_lut.o(.data)
    .data                                    0x20000004   Section      147  gesture_latch.o(.data)
    .data                                    0x20000097   Section       24  gestures.o(.data)
    .data                                    0x200000b0   Section        6  mgest_stack.o(.data)
    sp                                       0x200000b0   Data           4  mgest_stack.o(.data)
    buff                                     0x200000b4   Data           2  mgest_stack.o(.data)
    .data                                    0x200000b6   Section        8  protocol.o(.data)
    .data                                    0x200000c0   Section       22  rf2500.o(.data)
    .data                                    0x200000d6   Section       20  stm32f10x_rcc.o(.data)
    APBAHBPrescTable                         0x200000d6   Data          16  stm32f10x_rcc.o(.data)
    ADCPrescTable                            0x200000e6   Data           4  stm32f10x_rcc.o(.data)
    .data                                    0x200000ec   Section        4  inemo_led.o(.data)
    .bss                                     0x200000f0   Section     1600  atan_lut.o(.bss)
    lut_1                                    0x200000f0   Data         800  atan_lut.o(.bss)
    lut_2                                    0x20000410   Data         800  atan_lut.o(.bss)
    .bss                                     0x20000730   Section      220  gesture_latch.o(.bss)
    .bss                                     0x2000080c   Section       48  gestures.o(.bss)
    .bss                                     0x2000083c   Section       10  lpryxxxal.o(.bss)
    .bss                                     0x20000846   Section      160  rf2500.o(.bss)
    .bss                                     0x200008e8   Section       96  libspace.o(.bss)
    HEAP                                     0x20000948   Section        0  stm32f10x.o(HEAP)
    STACK                                    0x20000948   Section      512  stm32f10x.o(STACK)
    Heap_Mem                                 0x20000948   Data           0  stm32f10x.o(HEAP)
    Stack_Mem                                0x20000948   Data         512  stm32f10x.o(STACK)
    __initial_sp                             0x20000b48   Data           0  stm32f10x.o(STACK)

    Global Symbols

    Symbol Name                              Value     Ov Type        Size  Object(Section)

    BuildAttributes$$THM_ISAv4$P$D$K$B$S$PE$A:L22UL41UL21$X:L11$S22US41US21$IEEE1$IW$USESV6$~STKCKD$USESV7$~SHL$OTIME$ROPI$IEEEX$EBA8$UX$STANDARDLIB$REQ8$PRES8$EABIv2 0x00000000   Number         0  anon$$obj.o ABSOLUTE
    __ARM_use_no_argv                        0x00000000   Number         0  main.o ABSOLUTE
    __ARM_exceptions_init                     - Undefined Weak Reference
    __alloca_initialize                       - Undefined Weak Reference
    __cpp_initialize__aeabi_                  - Undefined Weak Reference
    __cxa_finalize                            - Undefined Weak Reference
    __fpl_infinity                            - Undefined Weak Reference
    __rt_locale                               - Undefined Weak Reference
    __sigvec_lookup                           - Undefined Weak Reference
    _atexit_init                              - Undefined Weak Reference
    _call_atexit_fns                          - Undefined Weak Reference
    _clock_init                               - Undefined Weak Reference
    _fp_trap_init                             - Undefined Weak Reference
    _fp_trap_shutdown                         - Undefined Weak Reference
    _get_lc_collate                           - Undefined Weak Reference
    _get_lc_ctype                             - Undefined Weak Reference
    _get_lc_monetary                          - Undefined Weak Reference
    _get_lc_numeric                           - Undefined Weak Reference
    _get_lc_time                              - Undefined Weak Reference
    _getenv_init                              - Undefined Weak Reference
    _handle_redirection                       - Undefined Weak Reference
    _init_alloc                               - Undefined Weak Reference
    _init_user_alloc                          - Undefined Weak Reference
    _initio                                   - Undefined Weak Reference
    _rand_init                                - Undefined Weak Reference
    _signal_finish                            - Undefined Weak Reference
    _signal_init                              - Undefined Weak Reference
    _terminate_alloc                          - Undefined Weak Reference
    _terminate_user_alloc                     - Undefined Weak Reference
    _terminateio                              - Undefined Weak Reference
    __Vectors                                0x08000000   Data           4  stm32f10x.o(RESET)
    __main                                   0x080000ed   Thumb Code     8  __main.o(!!!main)
    __scatterload                            0x080000f5   Thumb Code     0  __scatter.o(!!!scatter)
    __scatterload_rt2                        0x080000f5   Thumb Code    44  __scatter.o(!!!scatter)
    __scatterload_rt2_thumb_only             0x080000f5   Thumb Code     0  __scatter.o(!!!scatter)
    __scatterload_null                       0x08000103   Thumb Code     0  __scatter.o(!!!scatter)
    __scatterload_copy                       0x08000129   Thumb Code    26  __scatter_copy.o(!!handler_copy)
    __scatterload_zeroinit                   0x08000145   Thumb Code    28  __scatter_zi.o(!!handler_zi)
    __rt_lib_init                            0x08000161   Thumb Code     0  libinit.o(.ARM.Collect$$libinit$$00000000)
    __rt_lib_init_alloca_1                   0x08000167   Thumb Code     0  libinit2.o(.ARM.Collect$$libinit$$0000002A)
    __rt_lib_init_argv_1                     0x08000167   Thumb Code     0  libinit2.o(.ARM.Collect$$libinit$$00000028)
    __rt_lib_init_atexit_1                   0x08000167   Thumb Code     0  libinit2.o(.ARM.Collect$$libinit$$00000017)
    __rt_lib_init_clock_1                    0x08000167   Thumb Code     0  libinit2.o(.ARM.Collect$$libinit$$0000001D)
    __rt_lib_init_cpp_1                      0x08000167   Thumb Code     0  libinit2.o(.ARM.Collect$$libinit$$0000002E)
    __rt_lib_init_exceptions_1               0x08000167   Thumb Code     0  libinit2.o(.ARM.Collect$$libinit$$0000002C)
    __rt_lib_init_fp_trap_1                  0x08000167   Thumb Code     0  libinit2.o(.ARM.Collect$$libinit$$0000001B)
    __rt_lib_init_getenv_1                   0x08000167   Thumb Code     0  libinit2.o(.ARM.Collect$$libinit$$0000001F)
    __rt_lib_init_heap_1                     0x08000167   Thumb Code     0  libinit2.o(.ARM.Collect$$libinit$$00000006)
    __rt_lib_init_lc_collate_1               0x08000167   Thumb Code     0  libinit2.o(.ARM.Collect$$libinit$$0000000D)
    __rt_lib_init_lc_ctype_1                 0x08000167   Thumb Code     0  libinit2.o(.ARM.Collect$$libinit$$0000000F)
    __rt_lib_init_lc_monetary_1              0x08000167   Thumb Code     0  libinit2.o(.ARM.Collect$$libinit$$00000011)
    __rt_lib_init_lc_numeric_1               0x08000167   Thumb Code     0  libinit2.o(.ARM.Collect$$libinit$$00000013)
    __rt_lib_init_lc_time_1                  0x08000167   Thumb Code     0  libinit2.o(.ARM.Collect$$libinit$$00000015)
    __rt_lib_init_rand_1                     0x08000167   Thumb Code     0  libinit2.o(.ARM.Collect$$libinit$$0000000A)
    __rt_lib_init_return                     0x08000167   Thumb Code     0  libinit2.o(.ARM.Collect$$libinit$$0000002F)
    __rt_lib_init_signal_1                   0x08000167   Thumb Code     0  libinit2.o(.ARM.Collect$$libinit$$00000019)
    __rt_lib_init_stdio_1                    0x08000167   Thumb Code     0  libinit2.o(.ARM.Collect$$libinit$$00000021)
    __rt_lib_init_user_alloc_1               0x08000167   Thumb Code     0  libinit2.o(.ARM.Collect$$libinit$$00000008)
    __rt_lib_shutdown                        0x08000169   Thumb Code     0  libshutdown.o(.ARM.Collect$$libshutdown$$00000000)
    __rt_lib_shutdown_fp_trap_1              0x0800016b   Thumb Code     0  libshutdown2.o(.ARM.Collect$$libshutdown$$00000006)
    __rt_lib_shutdown_heap_1                 0x0800016b   Thumb Code     0  libshutdown2.o(.ARM.Collect$$libshutdown$$0000000E)
    __rt_lib_shutdown_return                 0x0800016b   Thumb Code     0  libshutdown2.o(.ARM.Collect$$libshutdown$$0000000F)
    __rt_lib_shutdown_signal_1               0x0800016b   Thumb Code     0  libshutdown2.o(.ARM.Collect$$libshutdown$$00000009)
    __rt_lib_shutdown_stdio_1                0x0800016b   Thumb Code     0  libshutdown2.o(.ARM.Collect$$libshutdown$$00000003)
    __rt_lib_shutdown_user_alloc_1           0x0800016b   Thumb Code     0  libshutdown2.o(.ARM.Collect$$libshutdown$$0000000B)
    __rt_entry                               0x0800016d   Thumb Code     0  rtentry.o(.ARM.Collect$$rtentry$$00000000)
    __rt_entry_presh_1                       0x0800016d   Thumb Code     0  rtentry2.o(.ARM.Collect$$rtentry$$00000002)
    __rt_entry_sh                            0x0800016d   Thumb Code     0  rtentry4.o(.ARM.Collect$$rtentry$$00000004)
    __rt_entry_li                            0x08000173   Thumb Code     0  rtentry2.o(.ARM.Collect$$rtentry$$0000000A)
    __rt_entry_postsh_1                      0x08000173   Thumb Code     0  rtentry2.o(.ARM.Collect$$rtentry$$00000009)
    __rt_entry_main                          0x08000177   Thumb Code     0  rtentry2.o(.ARM.Collect$$rtentry$$0000000D)
    __rt_entry_postli_1                      0x08000177   Thumb Code     0  rtentry2.o(.ARM.Collect$$rtentry$$0000000C)
    __rt_exit                                0x0800017f   Thumb Code     0  rtexit.o(.ARM.Collect$$rtexit$$00000000)
    __rt_exit_ls                             0x08000181   Thumb Code     0  rtexit2.o(.ARM.Collect$$rtexit$$00000003)
    __rt_exit_prels_1                        0x08000181   Thumb Code     0  rtexit2.o(.ARM.Collect$$rtexit$$00000002)
    __rt_exit_exit                           0x08000185   Thumb Code     0  rtexit2.o(.ARM.Collect$$rtexit$$00000004)
    Reset_Handler                            0x0800018d   Thumb Code     4  stm32f10x.o(.text)
    NMI_Handler                              0x08000191   Thumb Code     2  stm32f10x.o(.text)
    HardFault_Handler                        0x08000193   Thumb Code     2  stm32f10x.o(.text)
    MemManage_Handler                        0x08000195   Thumb Code     2  stm32f10x.o(.text)
    BusFault_Handler                         0x08000197   Thumb Code     2  stm32f10x.o(.text)
    UsageFault_Handler                       0x08000199   Thumb Code     2  stm32f10x.o(.text)
    SVC_Handler                              0x0800019b   Thumb Code     2  stm32f10x.o(.text)
    DebugMon_Handler                         0x0800019d   Thumb Code     2  stm32f10x.o(.text)
    PendSV_Handler                           0x0800019f   Thumb Code     2  stm32f10x.o(.text)
    SysTick_Handler                          0x080001a1   Thumb Code     2  stm32f10x.o(.text)
    ADC_IRQHandler                           0x080001a3   Thumb Code     0  stm32f10x.o(.text)
    CAN_RX1_IRQHandler                       0x080001a3   Thumb Code     0  stm32f10x.o(.text)
    CAN_SCE_IRQHandler                       0x080001a3   Thumb Code     0  stm32f10x.o(.text)
    DMAChannel1_IRQHandler                   0x080001a3   Thumb Code     0  stm32f10x.o(.text)
    DMAChannel2_IRQHandler                   0x080001a3   Thumb Code     0  stm32f10x.o(.text)
    DMAChannel3_IRQHandler                   0x080001a3   Thumb Code     0  stm32f10x.o(.text)
    DMAChannel4_IRQHandler                   0x080001a3   Thumb Code     0  stm32f10x.o(.text)
    DMAChannel5_IRQHandler                   0x080001a3   Thumb Code     0  stm32f10x.o(.text)
    DMAChannel6_IRQHandler                   0x080001a3   Thumb Code     0  stm32f10x.o(.text)
    DMAChannel7_IRQHandler                   0x080001a3   Thumb Code     0  stm32f10x.o(.text)
    EXTI0_IRQHandler                         0x080001a3   Thumb Code     0  stm32f10x.o(.text)
    EXTI1_IRQHandler                         0x080001a3   Thumb Code     0  stm32f10x.o(.text)
    EXTI2_IRQHandler                         0x080001a3   Thumb Code     0  stm32f10x.o(.text)
    EXTI3_IRQHandler                         0x080001a3   Thumb Code     0  stm32f10x.o(.text)
    EXTI4_IRQHandler                         0x080001a3   Thumb Code     0  stm32f10x.o(.text)
    FLASH_IRQHandler                         0x080001a3   Thumb Code     0  stm32f10x.o(.text)
    I2C1_ER_IRQHandler                       0x080001a3   Thumb Code     0  stm32f10x.o(.text)
    I2C1_EV_IRQHandler                       0x080001a3   Thumb Code     0  stm32f10x.o(.text)
    I2C2_ER_IRQHandler                       0x080001a3   Thumb Code     0  stm32f10x.o(.text)
    I2C2_EV_IRQHandler                       0x080001a3   Thumb Code     0  stm32f10x.o(.text)
    PVD_IRQHandler                           0x080001a3   Thumb Code     0  stm32f10x.o(.text)
    RCC_IRQHandler                           0x080001a3   Thumb Code     0  stm32f10x.o(.text)
    RTCAlarm_IRQHandler                      0x080001a3   Thumb Code     0  stm32f10x.o(.text)
    RTC_IRQHandler                           0x080001a3   Thumb Code     0  stm32f10x.o(.text)
    SPI1_IRQHandler                          0x080001a3   Thumb Code     0  stm32f10x.o(.text)
    SPI2_IRQHandler                          0x080001a3   Thumb Code     0  stm32f10x.o(.text)
    TAMPER_IRQHandler                        0x080001a3   Thumb Code     0  stm32f10x.o(.text)
    TIM1_BRK_IRQHandler                      0x080001a3   Thumb Code     0  stm32f10x.o(.text)
    TIM1_CC_IRQHandler                       0x080001a3   Thumb Code     0  stm32f10x.o(.text)
    TIM1_TRG_COM_IRQHandler                  0x080001a3   Thumb Code     0  stm32f10x.o(.text)
    TIM1_UP_IRQHandler                       0x080001a3   Thumb Code     0  stm32f10x.o(.text)
    TIM4_IRQHandler                          0x080001a3   Thumb Code     0  stm32f10x.o(.text)
    USART1_IRQHandler                        0x080001a3   Thumb Code     0  stm32f10x.o(.text)
    USART2_IRQHandler                        0x080001a3   Thumb Code     0  stm32f10x.o(.text)
    USART3_IRQHandler                        0x080001a3   Thumb Code     0  stm32f10x.o(.text)
    USBWakeUp_IRQHandler                     0x080001a3   Thumb Code     0  stm32f10x.o(.text)
    USB_HP_CAN_TX_IRQHandler                 0x080001a3   Thumb Code     0  stm32f10x.o(.text)
    USB_LP_CAN_RX0_IRQHandler                0x080001a3   Thumb Code     0  stm32f10x.o(.text)
    WWDG_IRQHandler                          0x080001a3   Thumb Code     0  stm32f10x.o(.text)
    __user_initial_stackheap                 0x080001a5   Thumb Code     0  stm32f10x.o(.text)
    init_lut                                 0x080001c1   Thumb Code   148  atan_lut.o(.text)
    atan_table                               0x08000255   Thumb Code   332  atan_lut.o(.text)
    listen_command                           0x0800040d   Thumb Code    12  communication.o(.text)
    send_command                             0x08000419   Thumb Code    12  communication.o(.text)
    send_listen                              0x08000425   Thumb Code    20  communication.o(.text)
    initTIM                                  0x08000439   Thumb Code   174  gesture_latch.o(.text)
    initAccGyro                              0x080004e7   Thumb Code    60  gesture_latch.o(.text)
    update_Orientation                       0x08000523   Thumb Code  1602  gesture_latch.o(.text)
    get_move                                 0x08000b65   Thumb Code    86  gesture_latch.o(.text)
    TIM2_IRQHandler                          0x08000bbb   Thumb Code   128  gesture_latch.o(.text)
    latch_move                               0x08000c3b   Thumb Code    14  gesture_latch.o(.text)
    updateGesture                            0x08000cc9   Thumb Code   438  gestures.o(.text)
    LPRYxxxAL_ADC_Init                       0x08000e95   Thumb Code   198  lpryxxxal.o(.text)
    LPRYxxxAL_DMA_Init                       0x08000f5b   Thumb Code    92  lpryxxxal.o(.text)
    LPRYxxxAL_PD_ST_Init                     0x08000fb7   Thumb Code    44  lpryxxxal.o(.text)
    LPRYxxxAL_On                             0x08000fe3   Thumb Code    22  lpryxxxal.o(.text)
    LPRYxxxAL_Off                            0x08000ff9   Thumb Code    22  lpryxxxal.o(.text)
    LPRYxxxAL_ST_On                          0x0800100f   Thumb Code    22  lpryxxxal.o(.text)
    LPRYxxxAL_ST_Off                         0x08001025   Thumb Code    22  lpryxxxal.o(.text)
    LPRYxxxAL_Read                           0x0800103b   Thumb Code   100  lpryxxxal.o(.text)
    LPRYxxxAL_Read_Rate                      0x0800109f   Thumb Code   126  lpryxxxal.o(.text)
    LPRYxxxAL_Read_RawRate                   0x0800111d   Thumb Code    64  lpryxxxal.o(.text)
    LSM303DLH_I2C_Init                       0x08001181   Thumb Code   116  lsm303dlh.o(.text)
    LSM303DLH_I2C_ByteWrite                  0x080011f5   Thumb Code   114  lsm303dlh.o(.text)
    LSM303DLH_I2C_BufferRead                 0x08001267   Thumb Code   222  lsm303dlh.o(.text)
    LSM303DLH_Acc_Config                     0x08001345   Thumb Code    86  lsm303dlh.o(.text)
    LSM303DLH_Acc_Filter_Config              0x0800139b   Thumb Code    74  lsm303dlh.o(.text)
    LSM303DLH_Acc_Lowpower_Cmd               0x080013e5   Thumb Code    58  lsm303dlh.o(.text)
    LSM303DLH_Acc_DataRate_Cmd               0x0800141f   Thumb Code    58  lsm303dlh.o(.text)
    LSM303DLH_Acc_FullScale_Cmd              0x08001459   Thumb Code    58  lsm303dlh.o(.text)
    LSM303DLH_Acc_Reboot_Cmd                 0x08001493   Thumb Code    40  lsm303dlh.o(.text)
    LSM_Acc_Read_OutReg                      0x080014bb   Thumb Code    24  lsm303dlh.o(.text)
    LSM303DLH_Acc_Read_RawData               0x080014d3   Thumb Code   238  lsm303dlh.o(.text)
    LSM303DLH_Acc_Read_Acc                   0x080015c1   Thumb Code   534  lsm303dlh.o(.text)
    LSM303DLH_Magn_Config                    0x080017d7   Thumb Code    92  lsm303dlh.o(.text)
    LSM303DLH_Magn_ReadOut                   0x08001833   Thumb Code    24  lsm303dlh.o(.text)
    LSM303DLH_Magn_Read_Magn                 0x0800184b   Thumb Code   790  lsm303dlh.o(.text)
    LSM303DLH_Magn_Read_RawData              0x08001b61   Thumb Code    64  lsm303dlh.o(.text)
    main                                     0x08001ba1   Thumb Code    38  main.o(.text)
    push                                     0x08001be7   Thumb Code    38  mgest_stack.o(.text)
    pop                                      0x08001c0d   Thumb Code    38  mgest_stack.o(.text)
    peek                                     0x08001c33   Thumb Code    34  mgest_stack.o(.text)
    intelligent_push                         0x08001c55   Thumb Code    48  mgest_stack.o(.text)
    process_symbol                           0x08001c85   Thumb Code   124  mgest_stack.o(.text)
    NVIC_PriorityGroupConfig                 0x08001d0d   Thumb Code    12  misc.o(.text)
    NVIC_Init                                0x08001d19   Thumb Code   128  misc.o(.text)
    NVIC_SetVectorTable                      0x08001d99   Thumb Code    16  misc.o(.text)
    NVIC_SystemLPConfig                      0x08001da9   Thumb Code    30  misc.o(.text)
    SysTick_CLKSourceConfig                  0x08001dc7   Thumb Code    40  misc.o(.text)
    init_protocol                            0x08001e0d   Thumb Code    90  protocol.o(.text)
    EXTI15_10_IRQHandler                     0x08001e67   Thumb Code    30  protocol.o(.text)
    equality_for_all                         0x08001e85   Thumb Code    76  protocol.o(.text)
    victory_dance                            0x08001ed1   Thumb Code    48  protocol.o(.text)
    lose_and_weep                            0x08001f01   Thumb Code    56  protocol.o(.text)
    slave_end                                0x08001f39   Thumb Code    94  protocol.o(.text)
    slave_move_send                          0x08001f97   Thumb Code   186  protocol.o(.text)
    slave_acknowledge_send                   0x08002051   Thumb Code    58  protocol.o(.text)
    slave_sync_wait                          0x0800208b   Thumb Code    26  protocol.o(.text)
    master_end                               0x080020a5   Thumb Code    82  protocol.o(.text)
    master_result_send                       0x080020f7   Thumb Code   324  protocol.o(.text)
    master_move_wait                         0x0800223b   Thumb Code    70  protocol.o(.text)
    master_sync_send                         0x08002281   Thumb Code    82  protocol.o(.text)
    go_wait                                  0x080022d3   Thumb Code    80  protocol.o(.text)
    raise_css                                0x08002335   Thumb Code    28  rf2500.o(.text)
    miso_high                                0x08002351   Thumb Code    12  rf2500.o(.text)
    drop_css                                 0x0800235d   Thumb Code    28  rf2500.o(.text)
    read_byte                                0x08002379   Thumb Code    80  rf2500.o(.text)
    write_byte                               0x080023c9   Thumb Code    74  rf2500.o(.text)
    set_config                               0x08002413   Thumb Code    32  rf2500.o(.text)
    configure                                0x08002433   Thumb Code   562  rf2500.o(.text)
    send_strobe                              0x08002665   Thumb Code    86  rf2500.o(.text)
    wait                                     0x080026bb   Thumb Code    42  rf2500.o(.text)
    rf_reset                                 0x080026e5   Thumb Code    42  rf2500.o(.text)
    init_spi                                 0x0800270f   Thumb Code   308  rf2500.o(.text)
    rf_get_status                            0x08002843   Thumb Code    14  rf2500.o(.text)
    rf_get_free_bytes                        0x08002851   Thumb Code    14  rf2500.o(.text)
    rf_send_byte                             0x0800285f   Thumb Code   130  rf2500.o(.text)
    rf_read_byte                             0x080028e1   Thumb Code   168  rf2500.o(.text)
    test_send                                0x08002989   Thumb Code    52  rf2500.o(.text)
    EXTI9_5_IRQHandler                       0x080029bd   Thumb Code    36  rf2500.o(.text)
    init_timer                               0x080029e1   Thumb Code    18  rf2500.o(.text)
    TIM3_IRQHandler                          0x080029f3   Thumb Code    54  rf2500.o(.text)
    wait_listen                              0x08002a29   Thumb Code     2  rf2500.o(.text)
    findMode                                 0x08002a59   Thumb Code   110  service_functions.o(.text)
    ADC_DeInit                               0x08002ac9   Thumb Code    78  stm32f10x_adc.o(.text)
    ADC_Init                                 0x08002b17   Thumb Code    86  stm32f10x_adc.o(.text)
    ADC_StructInit                           0x08002b6d   Thumb Code    22  stm32f10x_adc.o(.text)
    ADC_Cmd                                  0x08002b83   Thumb Code    22  stm32f10x_adc.o(.text)
    ADC_DMACmd                               0x08002b99   Thumb Code    22  stm32f10x_adc.o(.text)
    ADC_ITConfig                             0x08002baf   Thumb Code    30  stm32f10x_adc.o(.text)
    ADC_ResetCalibration                     0x08002bcd   Thumb Code    10  stm32f10x_adc.o(.text)
    ADC_GetResetCalibrationStatus            0x08002bd7   Thumb Code    26  stm32f10x_adc.o(.text)
    ADC_StartCalibration                     0x08002bf1   Thumb Code    10  stm32f10x_adc.o(.text)
    ADC_GetCalibrationStatus                 0x08002bfb   Thumb Code    26  stm32f10x_adc.o(.text)
    ADC_SoftwareStartConvCmd                 0x08002c15   Thumb Code    22  stm32f10x_adc.o(.text)
    ADC_GetSoftwareStartConvStatus           0x08002c2b   Thumb Code    26  stm32f10x_adc.o(.text)
    ADC_DiscModeChannelCountConfig           0x08002c45   Thumb Code    28  stm32f10x_adc.o(.text)
    ADC_DiscModeCmd                          0x08002c61   Thumb Code    22  stm32f10x_adc.o(.text)
    ADC_RegularChannelConfig                 0x08002c77   Thumb Code   224  stm32f10x_adc.o(.text)
    ADC_ExternalTrigConvCmd                  0x08002d57   Thumb Code    22  stm32f10x_adc.o(.text)
    ADC_GetConversionValue                   0x08002d6d   Thumb Code     8  stm32f10x_adc.o(.text)
    ADC_GetDualModeConversionValue           0x08002d75   Thumb Code     8  stm32f10x_adc.o(.text)
    ADC_AutoInjectedConvCmd                  0x08002d7d   Thumb Code    22  stm32f10x_adc.o(.text)
    ADC_InjectedDiscModeCmd                  0x08002d93   Thumb Code    22  stm32f10x_adc.o(.text)
    ADC_ExternalTrigInjectedConvConfig       0x08002da9   Thumb Code    20  stm32f10x_adc.o(.text)
    ADC_ExternalTrigInjectedConvCmd          0x08002dbd   Thumb Code    22  stm32f10x_adc.o(.text)
    ADC_SoftwareStartInjectedConvCmd         0x08002dd3   Thumb Code    22  stm32f10x_adc.o(.text)
    ADC_GetSoftwareStartInjectedConvCmdStatus 0x08002de9   Thumb Code    26  stm32f10x_adc.o(.text)
    ADC_InjectedChannelConfig                0x08002e03   Thumb Code   154  stm32f10x_adc.o(.text)
    ADC_InjectedSequencerLengthConfig        0x08002e9d   Thumb Code    48  stm32f10x_adc.o(.text)
    ADC_SetInjectedOffset                    0x08002ecd   Thumb Code    14  stm32f10x_adc.o(.text)
    ADC_GetInjectedConversionValue           0x08002edb   Thumb Code    20  stm32f10x_adc.o(.text)
    ADC_AnalogWatchdogCmd                    0x08002eef   Thumb Code    22  stm32f10x_adc.o(.text)
    ADC_AnalogWatchdogThresholdsConfig       0x08002f05   Thumb Code     6  stm32f10x_adc.o(.text)
    ADC_AnalogWatchdogSingleChannelConfig    0x08002f0b   Thumb Code    20  stm32f10x_adc.o(.text)
    ADC_TempSensorVrefintCmd                 0x08002f1f   Thumb Code    30  stm32f10x_adc.o(.text)
    ADC_GetFlagStatus                        0x08002f3d   Thumb Code    24  stm32f10x_adc.o(.text)
    ADC_ClearFlag                            0x08002f55   Thumb Code     8  stm32f10x_adc.o(.text)
    ADC_GetITStatus                          0x08002f5d   Thumb Code    44  stm32f10x_adc.o(.text)
    ADC_ClearITPendingBit                    0x08002f89   Thumb Code    16  stm32f10x_adc.o(.text)
    DMA_DeInit                               0x08002fa1   Thumb Code   284  stm32f10x_dma.o(.text)
    DMA_Init                                 0x080030bd   Thumb Code    80  stm32f10x_dma.o(.text)
    DMA_StructInit                           0x0800310d   Thumb Code    28  stm32f10x_dma.o(.text)
    DMA_Cmd                                  0x08003129   Thumb Code    22  stm32f10x_dma.o(.text)
    DMA_ITConfig                             0x0800313f   Thumb Code    22  stm32f10x_dma.o(.text)
    DMA_GetCurrDataCounter                   0x08003155   Thumb Code     8  stm32f10x_dma.o(.text)
    DMA_GetFlagStatus                        0x0800315d   Thumb Code    40  stm32f10x_dma.o(.text)
    DMA_ClearFlag                            0x08003185   Thumb Code    18  stm32f10x_dma.o(.text)
    DMA_GetITStatus                          0x08003197   Thumb Code    40  stm32f10x_dma.o(.text)
    DMA_ClearITPendingBit                    0x080031bf   Thumb Code    18  stm32f10x_dma.o(.text)
    EXTI_DeInit                              0x080031e5   Thumb Code    34  stm32f10x_exti.o(.text)
    EXTI_Init                                0x08003207   Thumb Code   158  stm32f10x_exti.o(.text)
    EXTI_StructInit                          0x080032a5   Thumb Code    22  stm32f10x_exti.o(.text)
    EXTI_GenerateSWInterrupt                 0x080032bb   Thumb Code    14  stm32f10x_exti.o(.text)
    EXTI_GetFlagStatus                       0x080032c9   Thumb Code    26  stm32f10x_exti.o(.text)
    EXTI_ClearFlag                           0x080032e3   Thumb Code     6  stm32f10x_exti.o(.text)
    EXTI_GetITStatus                         0x080032e9   Thumb Code    38  stm32f10x_exti.o(.text)
    EXTI_ClearITPendingBit                   0x0800330f   Thumb Code     6  stm32f10x_exti.o(.text)
    GPIO_DeInit                              0x0800332d   Thumb Code   172  stm32f10x_gpio.o(.text)
    GPIO_AFIODeInit                          0x080033d9   Thumb Code    20  stm32f10x_gpio.o(.text)
    GPIO_Init                                0x080033ed   Thumb Code   292  stm32f10x_gpio.o(.text)
    GPIO_StructInit                          0x08003511   Thumb Code    20  stm32f10x_gpio.o(.text)
    GPIO_ReadInputDataBit                    0x08003525   Thumb Code    24  stm32f10x_gpio.o(.text)
    GPIO_ReadInputData                       0x0800353d   Thumb Code     8  stm32f10x_gpio.o(.text)
    GPIO_ReadOutputDataBit                   0x08003545   Thumb Code    24  stm32f10x_gpio.o(.text)
    GPIO_ReadOutputData                      0x0800355d   Thumb Code     8  stm32f10x_gpio.o(.text)
    GPIO_SetBits                             0x08003565   Thumb Code     4  stm32f10x_gpio.o(.text)
    GPIO_ResetBits                           0x08003569   Thumb Code     4  stm32f10x_gpio.o(.text)
    GPIO_WriteBit                            0x0800356d   Thumb Code    10  stm32f10x_gpio.o(.text)
    GPIO_Write                               0x08003577   Thumb Code     4  stm32f10x_gpio.o(.text)
    GPIO_PinLockConfig                       0x0800357b   Thumb Code    20  stm32f10x_gpio.o(.text)
    GPIO_EventOutputConfig                   0x0800358f   Thumb Code    32  stm32f10x_gpio.o(.text)
    GPIO_EventOutputCmd                      0x080035af   Thumb Code     6  stm32f10x_gpio.o(.text)
    GPIO_PinRemapConfig                      0x080035b5   Thumb Code   156  stm32f10x_gpio.o(.text)
    GPIO_EXTILineConfig                      0x08003651   Thumb Code    84  stm32f10x_gpio.o(.text)
    GPIO_ETH_MediaInterfaceConfig            0x080036a5   Thumb Code     6  stm32f10x_gpio.o(.text)
    I2C_DeInit                               0x080036d9   Thumb Code    50  stm32f10x_i2c.o(.text)
    I2C_Init                                 0x0800370b   Thumb Code   250  stm32f10x_i2c.o(.text)
    I2C_StructInit                           0x08003805   Thumb Code    34  stm32f10x_i2c.o(.text)
    I2C_Cmd                                  0x08003827   Thumb Code    26  stm32f10x_i2c.o(.text)
    I2C_DMACmd                               0x08003841   Thumb Code    26  stm32f10x_i2c.o(.text)
    I2C_DMALastTransferCmd                   0x0800385b   Thumb Code    26  stm32f10x_i2c.o(.text)
    I2C_GenerateSTART                        0x08003875   Thumb Code    26  stm32f10x_i2c.o(.text)
    I2C_GenerateSTOP                         0x0800388f   Thumb Code    26  stm32f10x_i2c.o(.text)
    I2C_AcknowledgeConfig                    0x080038a9   Thumb Code    26  stm32f10x_i2c.o(.text)
    I2C_OwnAddress2Config                    0x080038c3   Thumb Code    28  stm32f10x_i2c.o(.text)
    I2C_DualAddressCmd                       0x080038df   Thumb Code    26  stm32f10x_i2c.o(.text)
    I2C_GeneralCallCmd                       0x080038f9   Thumb Code    26  stm32f10x_i2c.o(.text)
    I2C_ITConfig                             0x08003913   Thumb Code    30  stm32f10x_i2c.o(.text)
    I2C_SendData                             0x08003931   Thumb Code     4  stm32f10x_i2c.o(.text)
    I2C_ReceiveData                          0x08003935   Thumb Code     8  stm32f10x_i2c.o(.text)
    I2C_Send7bitAddress                      0x0800393d   Thumb Code    20  stm32f10x_i2c.o(.text)
    I2C_ReadRegister                         0x08003951   Thumb Code    14  stm32f10x_i2c.o(.text)
    I2C_SoftwareResetCmd                     0x0800395f   Thumb Code    22  stm32f10x_i2c.o(.text)
    I2C_SMBusAlertConfig                     0x08003975   Thumb Code    30  stm32f10x_i2c.o(.text)
    I2C_TransmitPEC                          0x08003993   Thumb Code    26  stm32f10x_i2c.o(.text)
    I2C_PECPositionConfig                    0x080039ad   Thumb Code    30  stm32f10x_i2c.o(.text)
    I2C_CalculatePEC                         0x080039cb   Thumb Code    26  stm32f10x_i2c.o(.text)
    I2C_GetPEC                               0x080039e5   Thumb Code    10  stm32f10x_i2c.o(.text)
    I2C_ARPCmd                               0x080039ef   Thumb Code    26  stm32f10x_i2c.o(.text)
    I2C_StretchClockCmd                      0x08003a09   Thumb Code    26  stm32f10x_i2c.o(.text)
    I2C_FastModeDutyCycleConfig              0x08003a23   Thumb Code    30  stm32f10x_i2c.o(.text)
    I2C_CheckEvent                           0x08003a41   Thumb Code    50  stm32f10x_i2c.o(.text)
    I2C_GetLastEvent                         0x08003a73   Thumb Code    30  stm32f10x_i2c.o(.text)
    I2C_GetFlagStatus                        0x08003a91   Thumb Code    74  stm32f10x_i2c.o(.text)
    I2C_ClearFlag                            0x08003adb   Thumb Code    16  stm32f10x_i2c.o(.text)
    I2C_GetITStatus                          0x08003aeb   Thumb Code    44  stm32f10x_i2c.o(.text)
    I2C_ClearITPendingBit                    0x08003b17   Thumb Code    16  stm32f10x_i2c.o(.text)
    RCC_DeInit                               0x08003b29   Thumb Code    68  stm32f10x_rcc.o(.text)
    RCC_HSEConfig                            0x08003b6d   Thumb Code    70  stm32f10x_rcc.o(.text)
    RCC_GetFlagStatus                        0x08003bb3   Thumb Code    68  stm32f10x_rcc.o(.text)
    RCC_WaitForHSEStartUp                    0x08003bf7   Thumb Code    56  stm32f10x_rcc.o(.text)
    RCC_AdjustHSICalibrationValue            0x08003c2f   Thumb Code    22  stm32f10x_rcc.o(.text)
    RCC_HSICmd                               0x08003c45   Thumb Code     6  stm32f10x_rcc.o(.text)
    RCC_PLLConfig                            0x08003c4b   Thumb Code    28  stm32f10x_rcc.o(.text)
    RCC_PLLCmd                               0x08003c67   Thumb Code     6  stm32f10x_rcc.o(.text)
    RCC_SYSCLKConfig                         0x08003c6d   Thumb Code    22  stm32f10x_rcc.o(.text)
    RCC_GetSYSCLKSource                      0x08003c83   Thumb Code    10  stm32f10x_rcc.o(.text)
    RCC_HCLKConfig                           0x08003c8d   Thumb Code    22  stm32f10x_rcc.o(.text)
    RCC_PCLK1Config                          0x08003ca3   Thumb Code    22  stm32f10x_rcc.o(.text)
    RCC_PCLK2Config                          0x08003cb9   Thumb Code    22  stm32f10x_rcc.o(.text)
    RCC_ITConfig                             0x08003ccf   Thumb Code    36  stm32f10x_rcc.o(.text)
    RCC_USBCLKConfig                         0x08003cf3   Thumb Code     6  stm32f10x_rcc.o(.text)
    RCC_ADCCLKConfig                         0x08003cf9   Thumb Code    22  stm32f10x_rcc.o(.text)
    RCC_LSEConfig                            0x08003d0f   Thumb Code    50  stm32f10x_rcc.o(.text)
    RCC_LSICmd                               0x08003d41   Thumb Code     6  stm32f10x_rcc.o(.text)
    RCC_RTCCLKConfig                         0x08003d47   Thumb Code    14  stm32f10x_rcc.o(.text)
    RCC_RTCCLKCmd                            0x08003d55   Thumb Code     6  stm32f10x_rcc.o(.text)
    RCC_GetClocksFreq                        0x08003d5b   Thumb Code   216  stm32f10x_rcc.o(.text)
    RCC_AHBPeriphClockCmd                    0x08003e33   Thumb Code    30  stm32f10x_rcc.o(.text)
    RCC_APB2PeriphClockCmd                   0x08003e51   Thumb Code    30  stm32f10x_rcc.o(.text)
    RCC_APB1PeriphClockCmd                   0x08003e6f   Thumb Code    30  stm32f10x_rcc.o(.text)
    RCC_APB2PeriphResetCmd                   0x08003e8d   Thumb Code    30  stm32f10x_rcc.o(.text)
    RCC_APB1PeriphResetCmd                   0x08003eab   Thumb Code    30  stm32f10x_rcc.o(.text)
    RCC_BackupResetCmd                       0x08003ec9   Thumb Code     6  stm32f10x_rcc.o(.text)
    RCC_ClockSecuritySystemCmd               0x08003ecf   Thumb Code     6  stm32f10x_rcc.o(.text)
    RCC_MCOConfig                            0x08003ed5   Thumb Code     6  stm32f10x_rcc.o(.text)
    RCC_ClearFlag                            0x08003edb   Thumb Code    14  stm32f10x_rcc.o(.text)
    RCC_GetITStatus                          0x08003ee9   Thumb Code    26  stm32f10x_rcc.o(.text)
    RCC_ClearITPendingBit                    0x08003f03   Thumb Code    58  stm32f10x_rcc.o(.text)
    SPI_I2S_DeInit                           0x08003f3d   Thumb Code    76  stm32f10x_spi.o(.text)
    SPI_Init                                 0x08003f89   Thumb Code    80  stm32f10x_spi.o(.text)
    I2S_Init                                 0x08003fd9   Thumb Code   250  stm32f10x_spi.o(.text)
    SPI_StructInit                           0x080040d3   Thumb Code    28  stm32f10x_spi.o(.text)
    I2S_StructInit                           0x080040ef   Thumb Code    26  stm32f10x_spi.o(.text)
    SPI_Cmd                                  0x08004109   Thumb Code    26  stm32f10x_spi.o(.text)
    I2S_Cmd                                  0x08004123   Thumb Code    26  stm32f10x_spi.o(.text)
    SPI_I2S_ITConfig                         0x0800413d   Thumb Code    50  stm32f10x_spi.o(.text)
    SPI_I2S_DMACmd                           0x0800416f   Thumb Code    30  stm32f10x_spi.o(.text)
    SPI_I2S_SendData                         0x0800418d   Thumb Code    38  stm32f10x_spi.o(.text)
    SPI_I2S_ReceiveData                      0x080041b3   Thumb Code    36  stm32f10x_spi.o(.text)
    SPI_NSSInternalSoftwareConfig            0x080041d7   Thumb Code    32  stm32f10x_spi.o(.text)
    SPI_SSOutputCmd                          0x080041f7   Thumb Code    26  stm32f10x_spi.o(.text)
    SPI_DataSizeConfig                       0x08004211   Thumb Code    22  stm32f10x_spi.o(.text)
    SPI_TransmitCRC                          0x08004227   Thumb Code    10  stm32f10x_spi.o(.text)
    SPI_CalculateCRC                         0x08004231   Thumb Code    26  stm32f10x_spi.o(.text)
    SPI_GetCRC                               0x0800424b   Thumb Code    18  stm32f10x_spi.o(.text)
    SPI_GetCRCPolynomial                     0x0800425d   Thumb Code     6  stm32f10x_spi.o(.text)
    SPI_BiDirectionalLineConfig              0x08004263   Thumb Code    30  stm32f10x_spi.o(.text)
    SPI_I2S_GetFlagStatus                    0x08004281   Thumb Code    24  stm32f10x_spi.o(.text)
    SPI_I2S_ClearFlag                        0x08004299   Thumb Code     8  stm32f10x_spi.o(.text)
    SPI_I2S_GetITStatus                      0x080042a1   Thumb Code    68  stm32f10x_spi.o(.text)
    SPI_I2S_ClearITPendingBit                0x080042e5   Thumb Code    28  stm32f10x_spi.o(.text)
    TIM_DeInit                               0x08004311   Thumb Code   424  stm32f10x_tim.o(.text)
    TIM_TimeBaseInit                         0x080044b9   Thumb Code   134  stm32f10x_tim.o(.text)
    TIM_OC1Init                              0x0800453f   Thumb Code   168  stm32f10x_tim.o(.text)
    TIM_OC2Init                              0x080045e7   Thumb Code   178  stm32f10x_tim.o(.text)
    TIM_OC3Init                              0x08004699   Thumb Code   240  stm32f10x_tim.o(.text)
    TIM_OC4Init                              0x08004789   Thumb Code   126  stm32f10x_tim.o(.text)
    TIM_SetIC4Prescaler                      0x08004807   Thumb Code    26  stm32f10x_tim.o(.text)
    TIM_SetIC3Prescaler                      0x08004875   Thumb Code    22  stm32f10x_tim.o(.text)
    TIM_SetIC2Prescaler                      0x080048db   Thumb Code    26  stm32f10x_tim.o(.text)
    TIM_SetIC1Prescaler                      0x08004949   Thumb Code    22  stm32f10x_tim.o(.text)
    TIM_ICInit                               0x080049a5   Thumb Code   110  stm32f10x_tim.o(.text)
    TIM_PWMIConfig                           0x08004a13   Thumb Code   136  stm32f10x_tim.o(.text)
    TIM_BDTRConfig                           0x08004a9b   Thumb Code    44  stm32f10x_tim.o(.text)
    TIM_TimeBaseStructInit                   0x08004ac7   Thumb Code    20  stm32f10x_tim.o(.text)
    TIM_OCStructInit                         0x08004adb   Thumb Code    22  stm32f10x_tim.o(.text)
    TIM_ICStructInit                         0x08004af1   Thumb Code    24  stm32f10x_tim.o(.text)
    TIM_BDTRStructInit                       0x08004b09   Thumb Code    20  stm32f10x_tim.o(.text)
    TIM_Cmd                                  0x08004b1d   Thumb Code    26  stm32f10x_tim.o(.text)
    TIM_CtrlPWMOutputs                       0x08004b37   Thumb Code    30  stm32f10x_tim.o(.text)
    TIM_ITConfig                             0x08004b55   Thumb Code    30  stm32f10x_tim.o(.text)
    TIM_GenerateEvent                        0x08004b73   Thumb Code     4  stm32f10x_tim.o(.text)
    TIM_DMAConfig                            0x08004b77   Thumb Code    10  stm32f10x_tim.o(.text)
    TIM_DMACmd                               0x08004b81   Thumb Code    30  stm32f10x_tim.o(.text)
    TIM_InternalClockConfig                  0x08004b9f   Thumb Code    14  stm32f10x_tim.o(.text)
    TIM_SelectInputTrigger                   0x08004bad   Thumb Code    32  stm32f10x_tim.o(.text)
    TIM_ITRxExternalClockConfig              0x08004bcd   Thumb Code    24  stm32f10x_tim.o(.text)
    TIM_TIxExternalClockConfig               0x08004be5   Thumb Code    62  stm32f10x_tim.o(.text)
    TIM_ETRConfig                            0x08004c23   Thumb Code    32  stm32f10x_tim.o(.text)
    TIM_ETRClockMode1Config                  0x08004c43   Thumb Code    60  stm32f10x_tim.o(.text)
    TIM_ETRClockMode2Config                  0x08004c7f   Thumb Code    32  stm32f10x_tim.o(.text)
    TIM_PrescalerConfig                      0x08004c9f   Thumb Code     6  stm32f10x_tim.o(.text)
    TIM_CounterModeConfig                    0x08004ca5   Thumb Code    24  stm32f10x_tim.o(.text)
    TIM_EncoderInterfaceConfig               0x08004cbd   Thumb Code    78  stm32f10x_tim.o(.text)
    TIM_ForcedOC1Config                      0x08004d0b   Thumb Code    24  stm32f10x_tim.o(.text)
    TIM_ForcedOC2Config                      0x08004d23   Thumb Code    28  stm32f10x_tim.o(.text)
    TIM_ForcedOC3Config                      0x08004d3f   Thumb Code    24  stm32f10x_tim.o(.text)
    TIM_ForcedOC4Config                      0x08004d57   Thumb Code    28  stm32f10x_tim.o(.text)
    TIM_ARRPreloadConfig                     0x08004d73   Thumb Code    26  stm32f10x_tim.o(.text)
    TIM_SelectCOM                            0x08004d8d   Thumb Code    26  stm32f10x_tim.o(.text)
    TIM_SelectCCDMA                          0x08004da7   Thumb Code    26  stm32f10x_tim.o(.text)
    TIM_CCPreloadControl                     0x08004dc1   Thumb Code    26  stm32f10x_tim.o(.text)
    TIM_OC1PreloadConfig                     0x08004ddb   Thumb Code    24  stm32f10x_tim.o(.text)
    TIM_OC2PreloadConfig                     0x08004df3   Thumb Code    28  stm32f10x_tim.o(.text)
    TIM_OC3PreloadConfig                     0x08004e0f   Thumb Code    24  stm32f10x_tim.o(.text)
    TIM_OC4PreloadConfig                     0x08004e27   Thumb Code    28  stm32f10x_tim.o(.text)
    TIM_OC1FastConfig                        0x08004e43   Thumb Code    24  stm32f10x_tim.o(.text)
    TIM_OC2FastConfig                        0x08004e5b   Thumb Code    28  stm32f10x_tim.o(.text)
    TIM_OC3FastConfig                        0x08004e77   Thumb Code    24  stm32f10x_tim.o(.text)
    TIM_OC4FastConfig                        0x08004e8f   Thumb Code    28  stm32f10x_tim.o(.text)
    TIM_ClearOC1Ref                          0x08004eab   Thumb Code    24  stm32f10x_tim.o(.text)
    TIM_ClearOC2Ref                          0x08004ec3   Thumb Code    24  stm32f10x_tim.o(.text)
    TIM_ClearOC3Ref                          0x08004edb   Thumb Code    24  stm32f10x_tim.o(.text)
    TIM_ClearOC4Ref                          0x08004ef3   Thumb Code    24  stm32f10x_tim.o(.text)
    TIM_OC1PolarityConfig                    0x08004f0b   Thumb Code    24  stm32f10x_tim.o(.text)
    TIM_OC1NPolarityConfig                   0x08004f23   Thumb Code    24  stm32f10x_tim.o(.text)
    TIM_OC2PolarityConfig                    0x08004f3b   Thumb Code    28  stm32f10x_tim.o(.text)
    TIM_OC2NPolarityConfig                   0x08004f57   Thumb Code    28  stm32f10x_tim.o(.text)
    TIM_OC3PolarityConfig                    0x08004f73   Thumb Code    28  stm32f10x_tim.o(.text)
    TIM_OC3NPolarityConfig                   0x08004f8f   Thumb Code    28  stm32f10x_tim.o(.text)
    TIM_OC4PolarityConfig                    0x08004fab   Thumb Code    28  stm32f10x_tim.o(.text)
    TIM_CCxCmd                               0x08004fc7   Thumb Code    46  stm32f10x_tim.o(.text)
    TIM_CCxNCmd                              0x08004ff5   Thumb Code    46  stm32f10x_tim.o(.text)
    TIM_SelectOCxM                           0x08005023   Thumb Code   100  stm32f10x_tim.o(.text)
    TIM_UpdateDisableConfig                  0x08005087   Thumb Code    26  stm32f10x_tim.o(.text)
    TIM_UpdateRequestConfig                  0x080050a1   Thumb Code    26  stm32f10x_tim.o(.text)
    TIM_SelectHallSensor                     0x080050bb   Thumb Code    26  stm32f10x_tim.o(.text)
    TIM_SelectOnePulseMode                   0x080050d5   Thumb Code    22  stm32f10x_tim.o(.text)
    TIM_SelectOutputTrigger                  0x080050eb   Thumb Code    22  stm32f10x_tim.o(.text)
    TIM_SelectSlaveMode                      0x08005101   Thumb Code    22  stm32f10x_tim.o(.text)
    TIM_SelectMasterSlaveMode                0x08005117   Thumb Code    22  stm32f10x_tim.o(.text)
    TIM_SetCounter                           0x0800512d   Thumb Code     4  stm32f10x_tim.o(.text)
    TIM_SetAutoreload                        0x08005131   Thumb Code     4  stm32f10x_tim.o(.text)
    TIM_SetCompare1                          0x08005135   Thumb Code     4  stm32f10x_tim.o(.text)
    TIM_SetCompare2                          0x08005139   Thumb Code     4  stm32f10x_tim.o(.text)
    TIM_SetCompare3                          0x0800513d   Thumb Code     4  stm32f10x_tim.o(.text)
    TIM_SetCompare4                          0x08005141   Thumb Code     6  stm32f10x_tim.o(.text)
    TIM_SetClockDivision                     0x08005147   Thumb Code    22  stm32f10x_tim.o(.text)
    TIM_GetCapture1                          0x0800515d   Thumb Code     6  stm32f10x_tim.o(.text)
    TIM_GetCapture2                          0x08005163   Thumb Code     6  stm32f10x_tim.o(.text)
    TIM_GetCapture3                          0x08005169   Thumb Code     6  stm32f10x_tim.o(.text)
    TIM_GetCapture4                          0x0800516f   Thumb Code     8  stm32f10x_tim.o(.text)
    TIM_GetCounter                           0x08005177   Thumb Code     6  stm32f10x_tim.o(.text)
    TIM_GetPrescaler                         0x0800517d   Thumb Code     6  stm32f10x_tim.o(.text)
    TIM_GetFlagStatus                        0x08005183   Thumb Code    24  stm32f10x_tim.o(.text)
    TIM_ClearFlag                            0x0800519b   Thumb Code     8  stm32f10x_tim.o(.text)
    TIM_GetITStatus                          0x080051a3   Thumb Code    40  stm32f10x_tim.o(.text)
    TIM_ClearITPendingBit                    0x080051cb   Thumb Code     8  stm32f10x_tim.o(.text)
    iNEMO_Led_Init                           0x080051d5   Thumb Code    58  inemo_led.o(.text)
    iNEMO_Led_On                             0x0800520f   Thumb Code    16  inemo_led.o(.text)
    iNEMO_Led_Off                            0x0800521f   Thumb Code    16  inemo_led.o(.text)
    iNEMO_Led_Toggle                         0x0800522f   Thumb Code    28  inemo_led.o(.text)
    __use_two_region_memory                  0x08005259   Thumb Code     2  heapauxi.o(.text)
    __rt_heap_escrow$2region                 0x0800525b   Thumb Code     2  heapauxi.o(.text)
    __rt_heap_expand$2region                 0x0800525d   Thumb Code     2  heapauxi.o(.text)
    __read_errno                             0x0800525f   Thumb Code    10  _rserrno.o(.text)
    __set_errno                              0x08005269   Thumb Code    12  _rserrno.o(.text)
    __aeabi_errno_addr                       0x08005275   Thumb Code     8  rt_errno_addr_intlibspace.o(.text)
    __errno$intlibspace                      0x08005275   Thumb Code     0  rt_errno_addr_intlibspace.o(.text)
    __rt_errno_addr$intlibspace              0x08005275   Thumb Code     0  rt_errno_addr_intlibspace.o(.text)
    __user_libspace                          0x0800527d   Thumb Code     8  libspace.o(.text)
    __user_perproc_libspace                  0x0800527d   Thumb Code     0  libspace.o(.text)
    __user_perthread_libspace                0x0800527d   Thumb Code     0  libspace.o(.text)
    __user_setup_stackheap                   0x08005285   Thumb Code    74  sys_stackheap_outer.o(.text)
    exit                                     0x080052cf   Thumb Code    12  exit.o(.text)
    __rt_fp_status_addr                      0x080052dd   Thumb Code     8  rt_fp_status_addr_intlibspace.o(.text)
    _sys_exit                                0x080052e5   Thumb Code     8  sys_exit.o(.text)
    __I$use$semihosting                      0x080052f1   Thumb Code     0  use_no_semi.o(.text)
    __use_no_semihosting_swi                 0x080052f1   Thumb Code     2  use_no_semi.o(.text)
    __ARM_fpclassify                         0x080052f3   Thumb Code    40  fpclassify.o(i.__ARM_fpclassify)
    __semihosting_library_function           0x080052f3   Thumb Code     0  indicate_semi.o(.text)
    __kernel_poly                            0x0800531b   Thumb Code   170  poly.o(i.__kernel_poly)
    __mathlib_dbl_underflow                  0x080053c5   Thumb Code    10  dunder.o(i.__mathlib_dbl_underflow)
    atan                                     0x080053d5   Thumb Code   480  atan.o(i.atan)
    exp                                      0x080055f9   Thumb Code   566  exp.o(i.exp)
    pow                                      0x08005889   Thumb Code  2534  pow.o(i.pow)
    sqrt                                     0x08006279   Thumb Code    76  sqrt.o(i.sqrt)
    __aeabi_d2f                              0x080062c5   Thumb Code     0  d2f.o(x$fpl$d2f)
    _d2f                                     0x080062c5   Thumb Code    98  d2f.o(x$fpl$d2f)
    __aeabi_dadd                             0x08006329   Thumb Code     0  daddsub_clz.o(x$fpl$dadd)
    _dadd                                    0x08006329   Thumb Code   332  daddsub_clz.o(x$fpl$dadd)
    __fpl_dcheck_NaN1                        0x08006479   Thumb Code    10  dcheck1.o(x$fpl$dcheck1)
    __fpl_dcmp_Inf                           0x08006489   Thumb Code    24  dcmpi.o(x$fpl$dcmpinf)
    __aeabi_ddiv                             0x080064a1   Thumb Code     0  ddiv.o(x$fpl$ddiv)
    _ddiv                                    0x080064a1   Thumb Code   552  ddiv.o(x$fpl$ddiv)
    __aeabi_d2iz                             0x08006751   Thumb Code     0  dfix.o(x$fpl$dfix)
    _dfix                                    0x08006751   Thumb Code    94  dfix.o(x$fpl$dfix)
    __aeabi_i2d                              0x080067af   Thumb Code     0  dflt_clz.o(x$fpl$dflt)
    _dflt                                    0x080067af   Thumb Code    46  dflt_clz.o(x$fpl$dflt)
    __aeabi_cdcmple                          0x080067dd   Thumb Code     0  dleqf.o(x$fpl$dleqf)
    _dcmple                                  0x080067dd   Thumb Code   120  dleqf.o(x$fpl$dleqf)
    __fpl_dcmple_InfNaN                      0x0800683f   Thumb Code     0  dleqf.o(x$fpl$dleqf)
    __aeabi_dmul                             0x08006855   Thumb Code     0  dmul.o(x$fpl$dmul)
    _dmul                                    0x08006855   Thumb Code   332  dmul.o(x$fpl$dmul)
    __fpl_dnaninf                            0x080069a9   Thumb Code   156  dnaninf.o(x$fpl$dnaninf)
    __fpl_dretinf                            0x08006a45   Thumb Code    12  dretinf.o(x$fpl$dretinf)
    __aeabi_cdrcmple                         0x08006a51   Thumb Code     0  drleqf.o(x$fpl$drleqf)
    _drcmple                                 0x08006a51   Thumb Code   108  drleqf.o(x$fpl$drleqf)
    __aeabi_drsub                            0x08006abd   Thumb Code     0  daddsub_clz.o(x$fpl$drsb)
    _drsb                                    0x08006abd   Thumb Code    22  daddsub_clz.o(x$fpl$drsb)
    _dsqrt                                   0x08006ad5   Thumb Code   456  dsqrt_noumaal.o(x$fpl$dsqrt)
    __aeabi_dsub                             0x08006ca1   Thumb Code     0  daddsub_clz.o(x$fpl$dsub)
    _dsub                                    0x08006ca1   Thumb Code   464  daddsub_clz.o(x$fpl$dsub)
    __aeabi_f2d                              0x08006e75   Thumb Code     0  f2d.o(x$fpl$f2d)
    _f2d                                     0x08006e75   Thumb Code    86  f2d.o(x$fpl$f2d)
    __aeabi_fadd                             0x08006ecd   Thumb Code     0  faddsub_clz.o(x$fpl$fadd)
    _fadd                                    0x08006ecd   Thumb Code   196  faddsub_clz.o(x$fpl$fadd)
    __fpl_fcmp_Inf                           0x08006f91   Thumb Code    24  fcmpi.o(x$fpl$fcmpinf)
    __aeabi_fdiv                             0x08006fa9   Thumb Code     0  fdiv.o(x$fpl$fdiv)
    _fdiv                                    0x08006fa9   Thumb Code   384  fdiv.o(x$fpl$fdiv)
    __aeabi_f2iz                             0x0800712d   Thumb Code     0  ffix.o(x$fpl$ffix)
    _ffix                                    0x0800712d   Thumb Code    54  ffix.o(x$fpl$ffix)
    __aeabi_i2f                              0x08007165   Thumb Code     0  fflt_clz.o(x$fpl$fflt)
    _fflt                                    0x08007165   Thumb Code    48  fflt_clz.o(x$fpl$fflt)
    __aeabi_cfcmple                          0x08007195   Thumb Code     0  fleqf.o(x$fpl$fleqf)
    _fcmple                                  0x08007195   Thumb Code   104  fleqf.o(x$fpl$fleqf)
    __fpl_fcmple_InfNaN                      0x080071e7   Thumb Code     0  fleqf.o(x$fpl$fleqf)
    __aeabi_fmul                             0x080071fd   Thumb Code     0  fmul.o(x$fpl$fmul)
    _fmul                                    0x080071fd   Thumb Code   258  fmul.o(x$fpl$fmul)
    __fpl_fnaninf                            0x080072ff   Thumb Code   140  fnaninf.o(x$fpl$fnaninf)
    _fp_init                                 0x0800738b   Thumb Code    14  fpinit.o(x$fpl$fpinit)
    __fplib_config_pureend_doubles           0x08007397   Thumb Code     0  fpinit.o(x$fpl$fpinit)
    __fpl_fretinf                            0x08007399   Thumb Code    10  fretinf.o(x$fpl$fretinf)
    __aeabi_cfrcmple                         0x080073a3   Thumb Code     0  frleqf.o(x$fpl$frleqf)
    _frcmple                                 0x080073a3   Thumb Code    98  frleqf.o(x$fpl$frleqf)
    __aeabi_frsub                            0x08007405   Thumb Code     0  faddsub_clz.o(x$fpl$frsb)
    _frsb                                    0x08007405   Thumb Code    20  faddsub_clz.o(x$fpl$frsb)
    __aeabi_fsub                             0x08007419   Thumb Code     0  faddsub_clz.o(x$fpl$fsub)
    _fsub                                    0x08007419   Thumb Code   234  faddsub_clz.o(x$fpl$fsub)
    __fpl_return_NaN                         0x08007503   Thumb Code   100  retnan.o(x$fpl$retnan)
    __ARM_scalbn                             0x08007567   Thumb Code    96  scalbn.o(x$fpl$scalbn)
    __fpl_inf_scalbn                         0x080075c5   Thumb Code     0  scalbn.o(x$fpl$scalbn)
    __fpl_cmpreturn                          0x080075c7   Thumb Code    48  trapv.o(x$fpl$trapveneer)
    __I$use$fp                               0x080075f7   Thumb Code     0  usenofp.o(x$fpl$usenofp)
    LED_PIN                                  0x080075f8   Data           2  inemo_led.o(.constdata)
    LED_CLK                                  0x080075fc   Data           4  inemo_led.o(.constdata)
    __mathlib_zero                           0x08007778   Data           8  qnan.o(.constdata)
    Region$$Table$$Base                      0x08007780   Number         0  anon$$obj.o(Region$$Table)
    Region$$Table$$Limit                     0x080077a0   Number         0  anon$$obj.o(Region$$Table)
    stat_count                               0x20000004   Data           2  gesture_latch.o(.data)
    newData                                  0x20000006   Data           2  gesture_latch.o(.data)
    data                                     0x20000008   Data           4  gesture_latch.o(.data)
    readout                                  0x2000000c   Data           2  gesture_latch.o(.data)
    latching                                 0x2000000e   Data           1  gesture_latch.o(.data)
    accConfig                                0x2000000f   Data           6  gesture_latch.o(.data)
    nvicConfig                               0x20000015   Data           4  gesture_latch.o(.data)
    mean_pitch                               0x2000001c   Data           4  gesture_latch.o(.data)
    mean_roll                                0x20000020   Data           4  gesture_latch.o(.data)
    pitchsquare                              0x20000024   Data           4  gesture_latch.o(.data)
    rollsquare                               0x20000028   Data           4  gesture_latch.o(.data)
    var_pitch                                0x2000002c   Data           4  gesture_latch.o(.data)
    var_roll                                 0x20000030   Data           4  gesture_latch.o(.data)
    accelX                                   0x20000034   Data           4  gesture_latch.o(.data)
    accelY                                   0x20000038   Data           4  gesture_latch.o(.data)
    accelZ                                   0x2000003c   Data           4  gesture_latch.o(.data)
    accelYZ                                  0x20000040   Data           4  gesture_latch.o(.data)
    accelXY                                  0x20000044   Data           4  gesture_latch.o(.data)
    roll                                     0x20000048   Data           4  gesture_latch.o(.data)
    pitch                                    0x2000004c   Data           4  gesture_latch.o(.data)
    yaw                                      0x20000050   Data           4  gesture_latch.o(.data)
    roll_fuse                                0x20000054   Data           4  gesture_latch.o(.data)
    yaw_fuse                                 0x20000058   Data           4  gesture_latch.o(.data)
    pitch_fuse                               0x2000005c   Data           4  gesture_latch.o(.data)
    gyrosp_yaw_b                             0x20000060   Data           4  gesture_latch.o(.data)
    gyro_yaw                                 0x20000064   Data           4  gesture_latch.o(.data)
    gyrosp_yaw                               0x20000068   Data           4  gesture_latch.o(.data)
    gyrosp_roll_b                            0x2000006c   Data           4  gesture_latch.o(.data)
    gyro_roll                                0x20000070   Data           4  gesture_latch.o(.data)
    gyrosp_roll                              0x20000074   Data           4  gesture_latch.o(.data)
    gyrosp_pitch_b                           0x20000078   Data           4  gesture_latch.o(.data)
    gyro_pitch                               0x2000007c   Data           4  gesture_latch.o(.data)
    gyrosp_pitch                             0x20000080   Data           4  gesture_latch.o(.data)
    fuse_factor_r                            0x20000084   Data           4  gesture_latch.o(.data)
    fuse_factor_p                            0x20000088   Data           4  gesture_latch.o(.data)
    ax_project                               0x2000008c   Data           4  gesture_latch.o(.data)
    ay_project                               0x20000090   Data           4  gesture_latch.o(.data)
    move                                     0x20000094   Data           1  gesture_latch.o(.data)
    latching_move                            0x20000095   Data           1  gesture_latch.o(.data)
    latched_move                             0x20000096   Data           1  gesture_latch.o(.data)
    valid_moves                              0x20000097   Data          24  gestures.o(.data)
    _current_state                           0x200000b6   Data           1  protocol.o(.data)
    received_command                         0x200000b7   Data           1  protocol.o(.data)
    master_move                              0x200000b8   Data           1  protocol.o(.data)
    slave_move                               0x200000b9   Data           1  protocol.o(.data)
    game_result                              0x200000ba   Data           1  protocol.o(.data)
    _t_lock                                  0x200000bb   Data           1  protocol.o(.data)
    recorded_move                            0x200000bc   Data           1  protocol.o(.data)
    led                                      0x200000bd   Data           1  protocol.o(.data)
    _latest_byte                             0x200000c0   Data           1  rf2500.o(.data)
    _new_rf_data                             0x200000c1   Data           1  rf2500.o(.data)
    _milliseconds                            0x200000c2   Data           2  rf2500.o(.data)
    _wait_time                               0x200000c4   Data           2  rf2500.o(.data)
    read_lock                                0x200000c6   Data           1  rf2500.o(.data)
    t                                        0x200000c8   Data           2  rf2500.o(.data)
    t2                                       0x200000ca   Data           2  rf2500.o(.data)
    t3                                       0x200000cc   Data           1  rf2500.o(.data)
    tmp                                      0x200000cd   Data           1  rf2500.o(.data)
    timer_lock                               0x200000d0   Data           4  rf2500.o(.data)
    status                                   0x200000d4   Data           1  rf2500.o(.data)
    s                                        0x200000d5   Data           1  rf2500.o(.data)
    LED_PORT                                 0x200000ec   Data           4  inemo_led.o(.data)
    timConfig                                0x20000730   Data          10  gesture_latch.o(.bss)
    rawAcc                                   0x2000073a   Data          24  gesture_latch.o(.bss)
    rawGyro                                  0x20000752   Data          24  gesture_latch.o(.bss)
    pitch_stat                               0x2000076c   Data          40  gesture_latch.o(.bss)
    roll_stat                                0x20000794   Data          40  gesture_latch.o(.bss)
    pitch2_stat                              0x200007bc   Data          40  gesture_latch.o(.bss)
    roll2_stat                               0x200007e4   Data          40  gesture_latch.o(.bss)
    prev_acc                                 0x2000080c   Data          12  gestures.o(.bss)
    acc                                      0x20000818   Data          12  gestures.o(.bss)
    delta                                    0x20000824   Data          12  gestures.o(.bss)
    abs_delta                                0x20000830   Data          12  gestures.o(.bss)
    ADC_ConvertedValue                       0x2000083c   Data          10  lpryxxxal.o(.bss)
    statuses                                 0x20000846   Data         128  rf2500.o(.bss)
    data_rf                                  0x200008c6   Data          32  rf2500.o(.bss)
    __libspace_start                         0x200008e8   Data          96  libspace.o(.bss)
    __temporary_stack_top$libspace           0x20000948   Data           0  libspace.o(.bss)



==============================================================================

Memory Map of the image

  Image Entry point : 0x080000ed

  Load Region LR_IROM1 (Base: 0x08000000, Size: 0x00007890, Max: 0x00080000, ABSOLUTE)

    Execution Region ER_IROM1 (Base: 0x08000000, Size: 0x000077a0, Max: 0x00080000, ABSOLUTE)

    Base Addr    Size         Type   Attr      Idx    E Section Name        Object

    0x08000000   0x000000ec   Data   RO            3    RESET               stm32f10x.o
    0x080000ec   0x00000008   Code   RO          457  * !!!main             c_w.l(__main.o)
    0x080000f4   0x00000034   Code   RO          751    !!!scatter          c_w.l(__scatter.o)
    0x08000128   0x0000001a   Code   RO          753    !!handler_copy      c_w.l(__scatter_copy.o)
    0x08000142   0x00000002   PAD
    0x08000144   0x0000001c   Code   RO          755    !!handler_zi        c_w.l(__scatter_zi.o)
    0x08000160   0x00000006   Code   RO          619    .ARM.Collect$$libinit$$00000000  c_w.l(libinit.o)
    0x08000166   0x00000000   Code   RO          626    .ARM.Collect$$libinit$$00000006  c_w.l(libinit2.o)
    0x08000166   0x00000000   Code   RO          628    .ARM.Collect$$libinit$$00000008  c_w.l(libinit2.o)
    0x08000166   0x00000000   Code   RO          630    .ARM.Collect$$libinit$$0000000A  c_w.l(libinit2.o)
    0x08000166   0x00000000   Code   RO          633    .ARM.Collect$$libinit$$0000000D  c_w.l(libinit2.o)
    0x08000166   0x00000000   Code   RO          635    .ARM.Collect$$libinit$$0000000F  c_w.l(libinit2.o)
    0x08000166   0x00000000   Code   RO          637    .ARM.Collect$$libinit$$00000011  c_w.l(libinit2.o)
    0x08000166   0x00000000   Code   RO          639    .ARM.Collect$$libinit$$00000013  c_w.l(libinit2.o)
    0x08000166   0x00000000   Code   RO          641    .ARM.Collect$$libinit$$00000015  c_w.l(libinit2.o)
    0x08000166   0x00000000   Code   RO          643    .ARM.Collect$$libinit$$00000017  c_w.l(libinit2.o)
    0x08000166   0x00000000   Code   RO          645    .ARM.Collect$$libinit$$00000019  c_w.l(libinit2.o)
    0x08000166   0x00000000   Code   RO          647    .ARM.Collect$$libinit$$0000001B  c_w.l(libinit2.o)
    0x08000166   0x00000000   Code   RO          649    .ARM.Collect$$libinit$$0000001D  c_w.l(libinit2.o)
    0x08000166   0x00000000   Code   RO          651    .ARM.Collect$$libinit$$0000001F  c_w.l(libinit2.o)
    0x08000166   0x00000000   Code   RO          653    .ARM.Collect$$libinit$$00000021  c_w.l(libinit2.o)
    0x08000166   0x00000000   Code   RO          657    .ARM.Collect$$libinit$$00000028  c_w.l(libinit2.o)
    0x08000166   0x00000000   Code   RO          659    .ARM.Collect$$libinit$$0000002A  c_w.l(libinit2.o)
    0x08000166   0x00000000   Code   RO          661    .ARM.Collect$$libinit$$0000002C  c_w.l(libinit2.o)
    0x08000166   0x00000000   Code   RO          663    .ARM.Collect$$libinit$$0000002E  c_w.l(libinit2.o)
    0x08000166   0x00000002   Code   RO          664    .ARM.Collect$$libinit$$0000002F  c_w.l(libinit2.o)
    0x08000168   0x00000002   Code   RO          692    .ARM.Collect$$libshutdown$$00000000  c_w.l(libshutdown.o)
    0x0800016a   0x00000000   Code   RO          706    .ARM.Collect$$libshutdown$$00000003  c_w.l(libshutdown2.o)
    0x0800016a   0x00000000   Code   RO          709    .ARM.Collect$$libshutdown$$00000006  c_w.l(libshutdown2.o)
    0x0800016a   0x00000000   Code   RO          712    .ARM.Collect$$libshutdown$$00000009  c_w.l(libshutdown2.o)
    0x0800016a   0x00000000   Code   RO          714    .ARM.Collect$$libshutdown$$0000000B  c_w.l(libshutdown2.o)
    0x0800016a   0x00000000   Code   RO          717    .ARM.Collect$$libshutdown$$0000000E  c_w.l(libshutdown2.o)
    0x0800016a   0x00000002   Code   RO          718    .ARM.Collect$$libshutdown$$0000000F  c_w.l(libshutdown2.o)
    0x0800016c   0x00000000   Code   RO          551    .ARM.Collect$$rtentry$$00000000  c_w.l(rtentry.o)
    0x0800016c   0x00000000   Code   RO          582    .ARM.Collect$$rtentry$$00000002  c_w.l(rtentry2.o)
    0x0800016c   0x00000006   Code   RO          597    .ARM.Collect$$rtentry$$00000004  c_w.l(rtentry4.o)
    0x08000172   0x00000000   Code   RO          584    .ARM.Collect$$rtentry$$00000009  c_w.l(rtentry2.o)
    0x08000172   0x00000004   Code   RO          585    .ARM.Collect$$rtentry$$0000000A  c_w.l(rtentry2.o)
    0x08000176   0x00000000   Code   RO          587    .ARM.Collect$$rtentry$$0000000C  c_w.l(rtentry2.o)
    0x08000176   0x00000008   Code   RO          588    .ARM.Collect$$rtentry$$0000000D  c_w.l(rtentry2.o)
    0x0800017e   0x00000002   Code   RO          622    .ARM.Collect$$rtexit$$00000000  c_w.l(rtexit.o)
    0x08000180   0x00000000   Code   RO          670    .ARM.Collect$$rtexit$$00000002  c_w.l(rtexit2.o)
    0x08000180   0x00000004   Code   RO          671    .ARM.Collect$$rtexit$$00000003  c_w.l(rtexit2.o)
    0x08000184   0x00000006   Code   RO          672    .ARM.Collect$$rtexit$$00000004  c_w.l(rtexit2.o)
    0x0800018a   0x00000002   PAD
    0x0800018c   0x00000034   Code   RO            4    .text               stm32f10x.o
    0x080001c0   0x0000024c   Code   RO           10    .text               atan_lut.o
    0x0800040c   0x0000002c   Code   RO           73    .text               communication.o
    0x08000438   0x00000890   Code   RO          132    .text               gesture_latch.o
    0x08000cc8   0x000001cc   Code   RO          167    .text               gestures.o
    0x08000e94   0x000002ec   Code   RO          223    .text               lpryxxxal.o
    0x08001180   0x00000a20   Code   RO          238    .text               lsm303dlh.o
    0x08001ba0   0x00000026   Code   RO          250    .text               main.o
    0x08001bc6   0x00000002   PAD
    0x08001bc8   0x00000144   Code   RO          270    .text               mgest_stack.o
    0x08001d0c   0x00000100   Code   RO          284    .text               misc.o
    0x08001e0c   0x00000528   Code   RO          296    .text               protocol.o
    0x08002334   0x00000724   Code   RO          311    .text               rf2500.o
    0x08002a58   0x0000006e   Code   RO          327    .text               service_functions.o
    0x08002ac6   0x00000002   PAD
    0x08002ac8   0x000004d8   Code   RO          339    .text               stm32f10x_adc.o
    0x08002fa0   0x00000244   Code   RO          351    .text               stm32f10x_dma.o
    0x080031e4   0x00000148   Code   RO          363    .text               stm32f10x_exti.o
    0x0800332c   0x000003ac   Code   RO          375    .text               stm32f10x_gpio.o
    0x080036d8   0x0000044e   Code   RO          387    .text               stm32f10x_i2c.o
    0x08003b26   0x00000002   PAD
    0x08003b28   0x00000414   Code   RO          399    .text               stm32f10x_rcc.o
    0x08003f3c   0x000003d4   Code   RO          413    .text               stm32f10x_spi.o
    0x08004310   0x00000ec2   Code   RO          425    .text               stm32f10x_tim.o
    0x080051d2   0x00000002   PAD
    0x080051d4   0x00000084   Code   RO          437    .text               inemo_led.o
    0x08005258   0x00000006   Code   RO          455    .text               c_w.l(heapauxi.o)
    0x0800525e   0x00000016   Code   RO          553    .text               c_w.l(_rserrno.o)
    0x08005274   0x00000008   Code   RO          602    .text               c_w.l(rt_errno_addr_intlibspace.o)
    0x0800527c   0x00000008   Code   RO          606    .text               c_w.l(libspace.o)
    0x08005284   0x0000004a   Code   RO          609    .text               c_w.l(sys_stackheap_outer.o)
    0x080052ce   0x0000000c   Code   RO          611    .text               c_w.l(exit.o)
    0x080052da   0x00000002   PAD
    0x080052dc   0x00000008   Code   RO          680    .text               c_w.l(rt_fp_status_addr_intlibspace.o)
    0x080052e4   0x0000000c   Code   RO          684    .text               c_w.l(sys_exit.o)
    0x080052f0   0x00000002   Code   RO          695    .text               c_w.l(use_no_semi.o)
    0x080052f2   0x00000000   Code   RO          697    .text               c_w.l(indicate_semi.o)
    0x080052f2   0x00000028   Code   RO          576    i.__ARM_fpclassify  m_ws.l(fpclassify.o)
    0x0800531a   0x000000aa   Code   RO          578    i.__kernel_poly     m_ws.l(poly.o)
    0x080053c4   0x00000010   Code   RO          574    i.__mathlib_dbl_underflow  m_ws.l(dunder.o)
    0x080053d4   0x00000224   Code   RO          514    i.atan              m_ws.l(atan.o)
    0x080055f8   0x00000290   Code   RO          524    i.exp               m_ws.l(exp.o)
    0x08005888   0x000009f0   Code   RO          534    i.pow               m_ws.l(pow.o)
    0x08006278   0x0000004c   Code   RO          544    i.sqrt              m_ws.l(sqrt.o)
    0x080062c4   0x00000062   Code   RO          459    x$fpl$d2f           fz_ws.l(d2f.o)
    0x08006326   0x00000002   PAD
    0x08006328   0x00000150   Code   RO          461    x$fpl$dadd          fz_ws.l(daddsub_clz.o)
    0x08006478   0x00000010   Code   RO          604    x$fpl$dcheck1       fz_ws.l(dcheck1.o)
    0x08006488   0x00000018   Code   RO          555    x$fpl$dcmpinf       fz_ws.l(dcmpi.o)
    0x080064a0   0x000002b0   Code   RO          468    x$fpl$ddiv          fz_ws.l(ddiv.o)
    0x08006750   0x0000005e   Code   RO          471    x$fpl$dfix          fz_ws.l(dfix.o)
    0x080067ae   0x0000002e   Code   RO          476    x$fpl$dflt          fz_ws.l(dflt_clz.o)
    0x080067dc   0x00000078   Code   RO          481    x$fpl$dleqf         fz_ws.l(dleqf.o)
    0x08006854   0x00000154   Code   RO          483    x$fpl$dmul          fz_ws.l(dmul.o)
    0x080069a8   0x0000009c   Code   RO          557    x$fpl$dnaninf       fz_ws.l(dnaninf.o)
    0x08006a44   0x0000000c   Code   RO          559    x$fpl$dretinf       fz_ws.l(dretinf.o)
    0x08006a50   0x0000006c   Code   RO          561    x$fpl$drleqf        fz_ws.l(drleqf.o)
    0x08006abc   0x00000016   Code   RO          462    x$fpl$drsb          fz_ws.l(daddsub_clz.o)
    0x08006ad2   0x00000002   PAD
    0x08006ad4   0x000001cc   Code   RO          563    x$fpl$dsqrt         fz_ws.l(dsqrt_noumaal.o)
    0x08006ca0   0x000001d4   Code   RO          463    x$fpl$dsub          fz_ws.l(daddsub_clz.o)
    0x08006e74   0x00000056   Code   RO          485    x$fpl$f2d           fz_ws.l(f2d.o)
    0x08006eca   0x00000002   PAD
    0x08006ecc   0x000000c4   Code   RO          487    x$fpl$fadd          fz_ws.l(faddsub_clz.o)
    0x08006f90   0x00000018   Code   RO          565    x$fpl$fcmpinf       fz_ws.l(fcmpi.o)
    0x08006fa8   0x00000184   Code   RO          494    x$fpl$fdiv          fz_ws.l(fdiv.o)
    0x0800712c   0x00000036   Code   RO          497    x$fpl$ffix          fz_ws.l(ffix.o)
    0x08007162   0x00000002   PAD
    0x08007164   0x00000030   Code   RO          502    x$fpl$fflt          fz_ws.l(fflt_clz.o)
    0x08007194   0x00000068   Code   RO          507    x$fpl$fleqf         fz_ws.l(fleqf.o)
    0x080071fc   0x00000102   Code   RO          509    x$fpl$fmul          fz_ws.l(fmul.o)
    0x080072fe   0x0000008c   Code   RO          567    x$fpl$fnaninf       fz_ws.l(fnaninf.o)
    0x0800738a   0x0000000e   Code   RO          665    x$fpl$fpinit        fz_ws.l(fpinit.o)
    0x08007398   0x0000000a   Code   RO          569    x$fpl$fretinf       fz_ws.l(fretinf.o)
    0x080073a2   0x00000062   Code   RO          511    x$fpl$frleqf        fz_ws.l(frleqf.o)
    0x08007404   0x00000014   Code   RO          488    x$fpl$frsb          fz_ws.l(faddsub_clz.o)
    0x08007418   0x000000ea   Code   RO          489    x$fpl$fsub          fz_ws.l(faddsub_clz.o)
    0x08007502   0x00000064   Code   RO          620    x$fpl$retnan        fz_ws.l(retnan.o)
    0x08007566   0x00000060   Code   RO          571    x$fpl$scalbn        fz_ws.l(scalbn.o)
    0x080075c6   0x00000030   Code   RO          667    x$fpl$trapveneer    fz_ws.l(trapv.o)
    0x080075f6   0x00000000   Code   RO          573    x$fpl$usenofp       fz_ws.l(usenofp.o)
    0x080075f6   0x00000002   PAD
    0x080075f8   0x00000008   Data   RO          438    .constdata          inemo_led.o
    0x08007600   0x00000098   Data   RO          515    .constdata          m_ws.l(atan.o)
    0x08007698   0x00000058   Data   RO          525    .constdata          m_ws.l(exp.o)
    0x080076f0   0x00000088   Data   RO          535    .constdata          m_ws.l(pow.o)
    0x08007778   0x00000008   Data   RO          580    .constdata          m_ws.l(qnan.o)
    0x08007780   0x00000020   Data   RO          749    Region$$Table       anon$$obj.o


    Execution Region RW_IRAM1 (Base: 0x20000000, Size: 0x00000b48, Max: 0x00010000, ABSOLUTE)

    Base Addr    Size         Type   Attr      Idx    E Section Name        Object

    0x20000000   0x00000004   Data   RW           12    .data               atan_lut.o
    0x20000004   0x00000093   Data   RW          134    .data               gesture_latch.o
    0x20000097   0x00000018   Data   RW          169    .data               gestures.o
    0x200000af   0x00000001   PAD
    0x200000b0   0x00000006   Data   RW          271    .data               mgest_stack.o
    0x200000b6   0x00000008   Data   RW          297    .data               protocol.o
    0x200000be   0x00000002   PAD
    0x200000c0   0x00000016   Data   RW          313    .data               rf2500.o
    0x200000d6   0x00000014   Data   RW          400    .data               stm32f10x_rcc.o
    0x200000ea   0x00000002   PAD
    0x200000ec   0x00000004   Data   RW          439    .data               inemo_led.o
    0x200000f0   0x00000640   Zero   RW           11    .bss                atan_lut.o
    0x20000730   0x000000dc   Zero   RW          133    .bss                gesture_latch.o
    0x2000080c   0x00000030   Zero   RW          168    .bss                gestures.o
    0x2000083c   0x0000000a   Zero   RW          224    .bss                lpryxxxal.o
    0x20000846   0x000000a0   Zero   RW          312    .bss                rf2500.o
    0x200008e6   0x00000002   PAD
    0x200008e8   0x00000060   Zero   RW          607    .bss                c_w.l(libspace.o)
    0x20000948   0x00000000   Zero   RW            2    HEAP                stm32f10x.o
    0x20000948   0x00000200   Zero   RW            1    STACK               stm32f10x.o


==============================================================================

Image component sizes


      Code (inc. data)   RO Data    RW Data    ZI Data      Debug   Object Name

       588        108          0          4       1600     274298   atan_lut.o
        44          0          0          0          0       9778   communication.o
      2192        248          0        147        220       8207   gesture_latch.o
       460         22          0         24         48       2135   gestures.o
       132         14          8          4          0       1504   inemo_led.o
       748         36          0          0         10       2724   lpryxxxal.o
      2592         38          0          0          0       5446   lsm303dlh.o
        38          0          0          0          0        447   main.o
       324         12          0          6          0       2256   mgest_stack.o
       256         30          0          0          0       1665   misc.o
      1320         50          0          8          0       3914   protocol.o
      1828         80          0         22        160       5542   rf2500.o
       110          0          0          0          0        979   service_functions.o
        52         18        236          0        512        772   stm32f10x.o
      1240         28          0          0          0      11021   stm32f10x_adc.o
       580         20          0          0          0       3487   stm32f10x_dma.o
       328         24          0          0          0       2127   stm32f10x_exti.o
       940         46          0          0          0       5645   stm32f10x_gpio.o
      1102         18          0          0          0       8924   stm32f10x_i2c.o
      1044         52          0         20          0       8796   stm32f10x_rcc.o
       980         16          0          0          0       6630   stm32f10x_spi.o
      3778         72          0          0          0      22712   stm32f10x_tim.o

    ----------------------------------------------------------------------
     20684        932        276        240       2552     389009   Object Totals
         0          0         32          0          0          0   (incl. Generated)
         8          0          0          5          2          0   (incl. Padding)

    ----------------------------------------------------------------------

      Code (inc. data)   RO Data    RW Data    ZI Data      Debug   Library Member Name

         8          0          0          0          0         68   __main.o
        52          8          0          0          0          0   __scatter.o
        26          0          0          0          0          0   __scatter_copy.o
        28          0          0          0          0          0   __scatter_zi.o
        22          0          0          0          0        100   _rserrno.o
        12          0          0          0          0         72   exit.o
         6          0          0          0          0        152   heapauxi.o
         0          0          0          0          0          0   indicate_semi.o
         6          0          0          0          0          0   libinit.o
         2          0          0          0          0          0   libinit2.o
         2          0          0          0          0          0   libshutdown.o
         2          0          0          0          0          0   libshutdown2.o
         8          4          0          0         96         68   libspace.o
         8          4          0          0          0         68   rt_errno_addr_intlibspace.o
         8          4          0          0          0         68   rt_fp_status_addr_intlibspace.o
         0          0          0          0          0          0   rtentry.o
        12          0          0          0          0          0   rtentry2.o
         6          0          0          0          0          0   rtentry4.o
         2          0          0          0          0          0   rtexit.o
        10          0          0          0          0          0   rtexit2.o
        12          4          0          0          0         68   sys_exit.o
        74          0          0          0          0         80   sys_stackheap_outer.o
         2          0          0          0          0         68   use_no_semi.o
        98          4          0          0          0         92   d2f.o
       826         16          0          0          0        356   daddsub_clz.o
        16          4          0          0          0         68   dcheck1.o
        24          0          0          0          0         68   dcmpi.o
       688        140          0          0          0        212   ddiv.o
        94          4          0          0          0         92   dfix.o
        46          0          0          0          0         68   dflt_clz.o
       120          4          0          0          0         92   dleqf.o
       340         12          0          0          0        104   dmul.o
       156          4          0          0          0         92   dnaninf.o
        12          0          0          0          0         68   dretinf.o
       108          0          0          0          0         80   drleqf.o
       460         56          0          0          0        120   dsqrt_noumaal.o
        86          4          0          0          0         84   f2d.o
       450          8          0          0          0        236   faddsub_clz.o
        24          0          0          0          0         68   fcmpi.o
       388         76          0          0          0         96   fdiv.o
        54          4          0          0          0         84   ffix.o
        48          0          0          0          0         68   fflt_clz.o
       104          4          0          0          0         84   fleqf.o
       258          4          0          0          0         84   fmul.o
       140          4          0          0          0         84   fnaninf.o
        14          0          0          0          0         76   fpinit.o
        10          0          0          0          0         68   fretinf.o
        98          0          0          0          0         68   frleqf.o
       100          0          0          0          0         68   retnan.o
        96          0          0          0          0         68   scalbn.o
        48          0          0          0          0         68   trapv.o
         0          0          0          0          0          0   usenofp.o
       548         68        152          0          0        128   atan.o
        16          6          0          0          0         68   dunder.o
       656         90         88          0          0        212   exp.o
        40          0          0          0          0         68   fpclassify.o
       170          0          0          0          0         96   poly.o
      2544        192        136          0          0        340   pow.o
         0          0          8          0          0          0   qnan.o
        76          0          0          0          0         84   sqrt.o

    ----------------------------------------------------------------------
      9280        728        384          0         96       4624   Library Totals
        16          0          0          0          0          0   (incl. Padding)

    ----------------------------------------------------------------------

      Code (inc. data)   RO Data    RW Data    ZI Data      Debug   Library Name

       308         24          0          0         96        812   c_w.l
      4906        348          0          0          0       2816   fz_ws.l
      4050        356        384          0          0        996   m_ws.l

    ----------------------------------------------------------------------
      9280        728        384          0         96       4624   Library Totals

    ----------------------------------------------------------------------

==============================================================================


      Code (inc. data)   RO Data    RW Data    ZI Data      Debug   

     29964       1660        660        240       2648     389005   Grand Totals
     29964       1660        660        240       2648     389005   ELF Image Totals
     29964       1660        660        240          0          0   ROM Totals

==============================================================================

    Total RO  Size (Code + RO Data)                30624 (  29.91kB)
    Total RW  Size (RW Data + ZI Data)              2888 (   2.82kB)
    Total ROM Size (Code + RO Data + RW Data)      30864 (  30.14kB)

==============================================================================

