<html>
<body>
<pre>
<h1>µVision Build Log</h1>
<h2>Project:</h2>
H:\code\Code\Georgi\Lab 2_final\lab_2.uvproj
Project File Date:  11/25/2011

<h2>Output:</h2>
Build target 'Target 1'
assembling STM32F10x.s...
compiling main.c...
main.c(9): warning:  #111-D: statement is unreachable
compiling stm32f10x_gpio.c...
compiling stm32f10x_i2c.c...
compiling stm32f10x_rcc.c...
compiling debugger.c...
compiling system_stm32f10x.c...
compiling stm32f10x_tim.c...
compiling misc.c...
compiling stm32f10x_exti.c...
compiling LPS001DL_I2C.c...
compiling stm32f10x_spi.c...
compiling rf2500.c...
rf2500.c(248): error:  #268: declaration may not appear after executable statement in block
rf2500.c(249): warning:  #111-D: statement is unreachable
rf2500.c(258): warning:  #128-D: loop is not reachable from preceding code
rf2500.c(248): warning:  #550-D: variable "bytes" was set but never used
Target not created
Build target 'Target 1'
compiling rf2500.c...
rf2500.c(266): warning:  #111-D: statement is unreachable
linking...
Program Size: Code=4392 RO-data=268 RW-data=36 ZI-data=612  
"lab_2.axf" - 0 Error(s), 1 Warning(s).
Load "H:\\code\\Code\\Georgi\\Lab 2_final\\lab_2.AXF" 
Full Chip Erase Done.
Programming Done.
Verify OK.
Build target 'Target 1'
compiling rf2500.c...
rf2500.c(267): warning:  #111-D: statement is unreachable
linking...
Program Size: Code=4404 RO-data=268 RW-data=36 ZI-data=612  
"lab_2.axf" - 0 Error(s), 1 Warning(s).
Load "H:\\code\\Code\\Georgi\\Lab 2_final\\lab_2.AXF" 
Full Chip Erase Done.
Programming Done.
Verify OK.
Build target 'Target 1'
compiling rf2500.c...
linking...
Program Size: Code=4476 RO-data=268 RW-data=36 ZI-data=612  
"lab_2.axf" - 0 Error(s), 0 Warning(s).
Build target 'Target 1'
compiling rf2500.c...
rf2500.c(269): warning:  #111-D: statement is unreachable
linking...
Program Size: Code=4408 RO-data=268 RW-data=36 ZI-data=612  
"lab_2.axf" - 0 Error(s), 1 Warning(s).
Load "H:\\code\\Code\\Georgi\\Lab 2_final\\lab_2.AXF" 
Full Chip Erase Done.
Programming Done.
Verify OK.
Build target 'Target 1'
compiling rf2500.c...
rf2500.c(274): warning:  #111-D: statement is unreachable
linking...
Program Size: Code=4424 RO-data=268 RW-data=36 ZI-data=612  
"lab_2.axf" - 0 Error(s), 1 Warning(s).
Build target 'Target 1'
compiling rf2500.c...
rf2500.c(275): warning:  #111-D: statement is unreachable
linking...
Program Size: Code=4432 RO-data=268 RW-data=36 ZI-data=612  
"lab_2.axf" - 0 Error(s), 1 Warning(s).
Load "H:\\code\\Code\\Georgi\\Lab 2_final\\lab_2.AXF" 
Full Chip Erase Done.
Programming Done.
Verify OK.
Build target 'Target 1'
compiling rf2500.c...
rf2500.c(276): warning:  #111-D: statement is unreachable
linking...
Program Size: Code=4436 RO-data=268 RW-data=36 ZI-data=612  
"lab_2.axf" - 0 Error(s), 1 Warning(s).
Load "H:\\code\\Code\\Georgi\\Lab 2_final\\lab_2.AXF" 
Full Chip Erase Done.
Programming Done.
Verify OK.
Build target 'Target 1'
compiling rf2500.c...
rf2500.c(276): warning:  #111-D: statement is unreachable
linking...
Program Size: Code=4436 RO-data=268 RW-data=36 ZI-data=612  
"lab_2.axf" - 0 Error(s), 1 Warning(s).
Load "H:\\code\\Code\\Georgi\\Lab 2_final\\lab_2.AXF" 
Full Chip Erase Done.
Programming Done.
Verify OK.
Build target 'Target 1'
compiling rf2500.c...
rf2500.c(247): warning:  #128-D: loop is not reachable from preceding code
rf2500.c(276): warning:  #111-D: statement is unreachable
linking...
Program Size: Code=4392 RO-data=268 RW-data=36 ZI-data=612  
"lab_2.axf" - 0 Error(s), 2 Warning(s).
Load "H:\\code\\Code\\Georgi\\Lab 2_final\\lab_2.AXF" 
Full Chip Erase Done.
Programming Done.
Verify OK.
Build target 'Target 1'
compiling rf2500.c...
rf2500.c(256): warning:  #128-D: loop is not reachable from preceding code
rf2500.c(279): warning:  #111-D: statement is unreachable
linking...
Program Size: Code=4428 RO-data=268 RW-data=36 ZI-data=612  
"lab_2.axf" - 0 Error(s), 2 Warning(s).
Load "H:\\code\\Code\\Georgi\\Lab 2_final\\lab_2.AXF" 
Full Chip Erase Done.
Programming Done.
Verify OK.
Build target 'Target 1'
compiling rf2500.c...
rf2500.c(256): warning:  #128-D: loop is not reachable from preceding code
rf2500.c(279): warning:  #111-D: statement is unreachable
linking...
Program Size: Code=4428 RO-data=268 RW-data=36 ZI-data=612  
"lab_2.axf" - 0 Error(s), 2 Warning(s).
Load "H:\\code\\Code\\Georgi\\Lab 2_final\\lab_2.AXF" 
Full Chip Erase Done.
Programming Done.
Verify OK.
Build target 'Target 1'
compiling rf2500.c...
rf2500.c(258): warning:  #128-D: loop is not reachable from preceding code
rf2500.c(281): warning:  #111-D: statement is unreachable
linking...
Program Size: Code=4436 RO-data=268 RW-data=36 ZI-data=612  
"lab_2.axf" - 0 Error(s), 2 Warning(s).
Load "H:\\code\\Code\\Georgi\\Lab 2_final\\lab_2.AXF" 
Full Chip Erase Done.
Programming Done.
Verify OK.
Build target 'Target 1'
linking...
Program Size: Code=4436 RO-data=268 RW-data=36 ZI-data=612  
"lab_2.axf" - 0 Error(s), 0 Warning(s).
Load "H:\\code\\Code\\Georgi\\Lab 2_final\\lab_2.AXF" 
Full Chip Erase Done.
Programming Done.
Verify OK.
Build target 'Target 1'
compiling rf2500.c...
rf2500.c(247): warning:  #128-D: loop is not reachable from preceding code
rf2500.c(258): warning:  #128-D: loop is not reachable from preceding code
rf2500.c(281): warning:  #111-D: statement is unreachable
linking...
Program Size: Code=4392 RO-data=268 RW-data=36 ZI-data=612  
"lab_2.axf" - 0 Error(s), 3 Warning(s).
Load "H:\\code\\Code\\Georgi\\Lab 2_final\\lab_2.AXF" 
Full Chip Erase Done.
Programming Done.
Verify OK.
Build target 'Target 1'
compiling rf2500.c...
rf2500.c(247): warning:  #128-D: loop is not reachable from preceding code
rf2500.c(258): warning:  #128-D: loop is not reachable from preceding code
rf2500.c(281): warning:  #111-D: statement is unreachable
linking...
Program Size: Code=4392 RO-data=268 RW-data=36 ZI-data=612  
"lab_2.axf" - 0 Error(s), 3 Warning(s).
Load "H:\\code\\Code\\Georgi\\Lab 2_final\\lab_2.AXF" 
Full Chip Erase Done.
Programming Done.
Verify OK.
Build target 'Target 1'
compiling rf2500.c...
rf2500.c(247): warning:  #128-D: loop is not reachable from preceding code
rf2500.c(258): warning:  #128-D: loop is not reachable from preceding code
rf2500.c(281): warning:  #111-D: statement is unreachable
linking...
Program Size: Code=4396 RO-data=268 RW-data=36 ZI-data=612  
"lab_2.axf" - 0 Error(s), 3 Warning(s).
Load "H:\\code\\Code\\Georgi\\Lab 2_final\\lab_2.AXF" 
Full Chip Erase Done.
Programming Done.
Verify OK.
Build target 'Target 1'
compiling rf2500.c...
rf2500.c(247): warning:  #128-D: loop is not reachable from preceding code
rf2500.c(258): warning:  #128-D: loop is not reachable from preceding code
rf2500.c(281): warning:  #111-D: statement is unreachable
linking...
Program Size: Code=4396 RO-data=268 RW-data=36 ZI-data=612  
"lab_2.axf" - 0 Error(s), 3 Warning(s).
Load "H:\\code\\Code\\Georgi\\Lab 2_final\\lab_2.AXF" 
Full Chip Erase Done.
Programming Done.
Verify OK.
Build target 'Target 1'
compiling rf2500.c...
rf2500.c(249): warning:  #128-D: loop is not reachable from preceding code
rf2500.c(260): warning:  #128-D: loop is not reachable from preceding code
rf2500.c(283): warning:  #111-D: statement is unreachable
linking...
Program Size: Code=4408 RO-data=268 RW-data=36 ZI-data=612  
"lab_2.axf" - 0 Error(s), 3 Warning(s).
Load "H:\\code\\Code\\Georgi\\Lab 2_final\\lab_2.AXF" 
Full Chip Erase Done.
Programming Done.
Verify OK.
Build target 'Target 1'
compiling rf2500.c...
rf2500.c(250): warning:  #128-D: loop is not reachable from preceding code
rf2500.c(261): warning:  #128-D: loop is not reachable from preceding code
rf2500.c(284): warning:  #111-D: statement is unreachable
linking...
Program Size: Code=4412 RO-data=268 RW-data=36 ZI-data=612  
"lab_2.axf" - 0 Error(s), 3 Warning(s).
Load "H:\\code\\Code\\Georgi\\Lab 2_final\\lab_2.AXF" 
Full Chip Erase Done.
Programming Done.
Verify OK.
Build target 'Target 1'
compiling rf2500.c...
rf2500.c(251): warning:  #128-D: loop is not reachable from preceding code
rf2500.c(262): warning:  #128-D: loop is not reachable from preceding code
rf2500.c(285): warning:  #111-D: statement is unreachable
linking...
Program Size: Code=4420 RO-data=268 RW-data=36 ZI-data=612  
"lab_2.axf" - 0 Error(s), 3 Warning(s).
Load "H:\\code\\Code\\Georgi\\Lab 2_final\\lab_2.AXF" 
Full Chip Erase Done.
Programming Done.
Verify OK.
Build target 'Target 1'
compiling rf2500.c...
rf2500.c(251): warning:  #128-D: loop is not reachable from preceding code
rf2500.c(262): warning:  #128-D: loop is not reachable from preceding code
rf2500.c(285): warning:  #111-D: statement is unreachable
linking...
Program Size: Code=4420 RO-data=268 RW-data=36 ZI-data=612  
"lab_2.axf" - 0 Error(s), 3 Warning(s).
Load "H:\\code\\Code\\Georgi\\Lab 2_final\\lab_2.AXF" 
Full Chip Erase Done.
Programming Done.
Verify OK.
Build target 'Target 1'
compiling rf2500.c...
rf2500.c(266): warning:  #128-D: loop is not reachable from preceding code
rf2500.c(289): warning:  #111-D: statement is unreachable
linking...
Program Size: Code=4456 RO-data=268 RW-data=36 ZI-data=612  
"lab_2.axf" - 0 Error(s), 2 Warning(s).
Load "H:\\code\\Code\\Georgi\\Lab 2_final\\lab_2.AXF" 
Full Chip Erase Done.
Programming Done.
Verify OK.
Build target 'Target 1'
compiling rf2500.c...
rf2500.c(266): warning:  #128-D: loop is not reachable from preceding code
rf2500.c(289): warning:  #111-D: statement is unreachable
linking...
Program Size: Code=4456 RO-data=268 RW-data=36 ZI-data=612  
"lab_2.axf" - 0 Error(s), 2 Warning(s).
Load "H:\\code\\Code\\Georgi\\Lab 2_final\\lab_2.AXF" 
Full Chip Erase Done.
Programming Done.
Verify OK.
Build target 'Target 1'
compiling rf2500.c...
rf2500.c(266): warning:  #128-D: loop is not reachable from preceding code
rf2500.c(289): warning:  #111-D: statement is unreachable
linking...
Program Size: Code=4456 RO-data=268 RW-data=36 ZI-data=612  
"lab_2.axf" - 0 Error(s), 2 Warning(s).
Load "H:\\code\\Code\\Georgi\\Lab 2_final\\lab_2.AXF" 
Full Chip Erase Done.
Programming Done.
Verify OK.
Build target 'Target 1'
compiling rf2500.c...
rf2500.c(266): warning:  #128-D: loop is not reachable from preceding code
rf2500.c(289): warning:  #111-D: statement is unreachable
linking...
Program Size: Code=4456 RO-data=268 RW-data=36 ZI-data=612  
"lab_2.axf" - 0 Error(s), 2 Warning(s).
Load "H:\\code\\Code\\Georgi\\Lab 2_final\\lab_2.AXF" 
Full Chip Erase Done.
Programming Done.
Verify OK.
Build target 'Target 1'
compiling rf2500.c...
rf2500.c(266): warning:  #128-D: loop is not reachable from preceding code
rf2500.c(289): warning:  #111-D: statement is unreachable
linking...
Program Size: Code=4456 RO-data=268 RW-data=36 ZI-data=612  
"lab_2.axf" - 0 Error(s), 2 Warning(s).
Load "H:\\code\\Code\\Georgi\\Lab 2_final\\lab_2.AXF" 
Full Chip Erase Done.
Programming Done.
Verify OK.
Build target 'Target 1'
compiling rf2500.c...
rf2500.c(266): warning:  #128-D: loop is not reachable from preceding code
rf2500.c(289): warning:  #111-D: statement is unreachable
linking...
Program Size: Code=4456 RO-data=268 RW-data=36 ZI-data=612  
"lab_2.axf" - 0 Error(s), 2 Warning(s).
Build target 'Target 1'
compiling rf2500.c...
rf2500.c(271): warning:  #128-D: loop is not reachable from preceding code
rf2500.c(294): warning:  #111-D: statement is unreachable
linking...
Program Size: Code=4504 RO-data=268 RW-data=36 ZI-data=740  
"lab_2.axf" - 0 Error(s), 2 Warning(s).
Load "H:\\code\\Code\\Georgi\\Lab 2_final\\lab_2.AXF" 
Full Chip Erase Done.
Programming Done.
Verify OK.
Build target 'Target 1'
compiling rf2500.c...
rf2500.c(271): warning:  #128-D: loop is not reachable from preceding code
rf2500.c(294): warning:  #111-D: statement is unreachable
linking...
Program Size: Code=4500 RO-data=268 RW-data=36 ZI-data=676  
"lab_2.axf" - 0 Error(s), 2 Warning(s).
Load "H:\\code\\Code\\Georgi\\Lab 2_final\\lab_2.AXF" 
Full Chip Erase Done.
Programming Done.
Verify OK.
Build target 'Target 1'
compiling rf2500.c...
rf2500.c(67): error:  #65: expected a ";"
rf2500.c(69): warning:  #111-D: statement is unreachable
rf2500.c(275): warning:  #128-D: loop is not reachable from preceding code
rf2500.c(298): warning:  #111-D: statement is unreachable
Target not created
Build target 'Target 1'
compiling rf2500.c...
rf2500.c(69): warning:  #111-D: statement is unreachable
rf2500.c(275): warning:  #128-D: loop is not reachable from preceding code
rf2500.c(298): warning:  #111-D: statement is unreachable
linking...
Program Size: Code=4520 RO-data=268 RW-data=36 ZI-data=676  
"lab_2.axf" - 0 Error(s), 3 Warning(s).
Load "H:\\code\\Code\\Georgi\\Lab 2_final\\lab_2.AXF" 
Full Chip Erase Done.
Programming Done.
Verify OK.
Build target 'Target 1'
compiling rf2500.c...
rf2500.c(69): warning:  #111-D: statement is unreachable
rf2500.c(275): warning:  #128-D: loop is not reachable from preceding code
rf2500.c(298): warning:  #111-D: statement is unreachable
linking...
Program Size: Code=4512 RO-data=268 RW-data=36 ZI-data=676  
"lab_2.axf" - 0 Error(s), 3 Warning(s).
Load "H:\\code\\Code\\Georgi\\Lab 2_final\\lab_2.AXF" 
Full Chip Erase Done.
Programming Done.
Verify OK.
Build target 'Target 1'
compiling rf2500.c...
rf2500.c(69): warning:  #111-D: statement is unreachable
rf2500.c(275): warning:  #128-D: loop is not reachable from preceding code
rf2500.c(298): warning:  #111-D: statement is unreachable
linking...
Program Size: Code=4512 RO-data=268 RW-data=36 ZI-data=676  
"lab_2.axf" - 0 Error(s), 3 Warning(s).
Load "H:\\code\\Code\\Georgi\\Lab 2_final\\lab_2.AXF" 
Full Chip Erase Done.
Programming Done.
Verify OK.
Build target 'Target 1'
compiling rf2500.c...
rf2500.c(280): warning:  #128-D: loop is not reachable from preceding code
rf2500.c(303): warning:  #111-D: statement is unreachable
linking...
Program Size: Code=4540 RO-data=268 RW-data=36 ZI-data=740  
"lab_2.axf" - 0 Error(s), 2 Warning(s).
Load "H:\\code\\Code\\Georgi\\Lab 2_final\\lab_2.AXF" 
Full Chip Erase Done.
Programming Done.
Verify OK.
Build target 'Target 1'
compiling rf2500.c...
rf2500.c(246): warning:  #111-D: statement is unreachable
rf2500.c(282): warning:  #128-D: loop is not reachable from preceding code
rf2500.c(305): warning:  #111-D: statement is unreachable
linking...
Program Size: Code=4388 RO-data=268 RW-data=36 ZI-data=612  
"lab_2.axf" - 0 Error(s), 3 Warning(s).
Load "H:\\code\\Code\\Georgi\\Lab 2_final\\lab_2.AXF" 
Full Chip Erase Done.
Programming Done.
Verify OK.
Build target 'Target 1'
compiling rf2500.c...
rf2500.c(249): warning:  #111-D: statement is unreachable
rf2500.c(284): warning:  #128-D: loop is not reachable from preceding code
rf2500.c(307): warning:  #111-D: statement is unreachable
linking...
Program Size: Code=4392 RO-data=268 RW-data=36 ZI-data=612  
"lab_2.axf" - 0 Error(s), 3 Warning(s).
Load "H:\\code\\Code\\Georgi\\Lab 2_final\\lab_2.AXF" 
Full Chip Erase Done.
Programming Done.
Verify OK.
Build target 'Target 1'
compiling rf2500.c...
rf2500.c(257): warning:  #128-D: loop is not reachable from preceding code
rf2500.c(287): warning:  #128-D: loop is not reachable from preceding code
rf2500.c(310): warning:  #111-D: statement is unreachable
linking...
Program Size: Code=4400 RO-data=268 RW-data=36 ZI-data=612  
"lab_2.axf" - 0 Error(s), 3 Warning(s).
Load "H:\\code\\Code\\Georgi\\Lab 2_final\\lab_2.AXF" 
Full Chip Erase Done.
Programming Done.
Verify OK.
Build target 'Target 1'
compiling rf2500.c...
rf2500.c(257): warning:  #128-D: loop is not reachable from preceding code
rf2500.c(287): warning:  #128-D: loop is not reachable from preceding code
rf2500.c(310): warning:  #111-D: statement is unreachable
linking...
Program Size: Code=4408 RO-data=268 RW-data=36 ZI-data=612  
"lab_2.axf" - 0 Error(s), 3 Warning(s).
Load "H:\\code\\Code\\Georgi\\Lab 2_final\\lab_2.AXF" 
Full Chip Erase Done.
Programming Done.
Verify OK.
Build target 'Target 1'
compiling rf2500.c...
rf2500.c(249): warning:  #111-D: statement is unreachable
rf2500.c(257): warning:  #128-D: loop is not reachable from preceding code
rf2500.c(287): warning:  #128-D: loop is not reachable from preceding code
rf2500.c(310): warning:  #111-D: statement is unreachable
linking...
Program Size: Code=4392 RO-data=268 RW-data=36 ZI-data=612  
"lab_2.axf" - 0 Error(s), 4 Warning(s).
Load "H:\\code\\Code\\Georgi\\Lab 2_final\\lab_2.AXF" 
Full Chip Erase Done.
Programming Done.
Verify OK.
Build target 'Target 1'
compiling rf2500.c...
rf2500.c(265): warning:  #128-D: loop is not reachable from preceding code
rf2500.c(291): warning:  #128-D: loop is not reachable from preceding code
rf2500.c(314): warning:  #111-D: statement is unreachable
linking...
Program Size: Code=4460 RO-data=268 RW-data=36 ZI-data=740  
"lab_2.axf" - 0 Error(s), 3 Warning(s).
Load "H:\\code\\Code\\Georgi\\Lab 2_final\\lab_2.AXF" 
Full Chip Erase Done.
Programming Done.
Verify OK.
Build target 'Target 1'
compiling rf2500.c...
rf2500.c(265): warning:  #128-D: loop is not reachable from preceding code
rf2500.c(291): warning:  #128-D: loop is not reachable from preceding code
rf2500.c(314): warning:  #111-D: statement is unreachable
linking...
Program Size: Code=4456 RO-data=268 RW-data=36 ZI-data=740  
"lab_2.axf" - 0 Error(s), 3 Warning(s).
Load "H:\\code\\Code\\Georgi\\Lab 2_final\\lab_2.AXF" 
Full Chip Erase Done.
Programming Done.
Verify OK.
Build target 'Target 1'
compiling rf2500.c...
rf2500.c(265): warning:  #128-D: loop is not reachable from preceding code
rf2500.c(291): warning:  #128-D: loop is not reachable from preceding code
rf2500.c(314): warning:  #111-D: statement is unreachable
linking...
Program Size: Code=4460 RO-data=268 RW-data=36 ZI-data=740  
"lab_2.axf" - 0 Error(s), 3 Warning(s).
Load "H:\\code\\Code\\Georgi\\Lab 2_final\\lab_2.AXF" 
Full Chip Erase Done.
Programming Done.
Verify OK.
Build target 'Target 1'
compiling rf2500.c...
rf2500.c(265): warning:  #128-D: loop is not reachable from preceding code
rf2500.c(291): warning:  #128-D: loop is not reachable from preceding code
rf2500.c(314): warning:  #111-D: statement is unreachable
linking...
Program Size: Code=4460 RO-data=268 RW-data=36 ZI-data=740  
"lab_2.axf" - 0 Error(s), 3 Warning(s).
Load "H:\\code\\Code\\Georgi\\Lab 2_final\\lab_2.AXF" 
Full Chip Erase Done.
Programming Done.
Verify OK.
Build target 'Target 1'
compiling rf2500.c...
rf2500.c(265): warning:  #128-D: loop is not reachable from preceding code
rf2500.c(291): warning:  #128-D: loop is not reachable from preceding code
rf2500.c(314): warning:  #111-D: statement is unreachable
linking...
Program Size: Code=4460 RO-data=268 RW-data=36 ZI-data=740  
"lab_2.axf" - 0 Error(s), 3 Warning(s).
Load "H:\\code\\Code\\Georgi\\Lab 2_final\\lab_2.AXF" 
Full Chip Erase Done.
Programming Done.
Verify OK.
Build target 'Target 1'
compiling rf2500.c...
rf2500.c(265): warning:  #128-D: loop is not reachable from preceding code
rf2500.c(291): warning:  #128-D: loop is not reachable from preceding code
rf2500.c(314): warning:  #111-D: statement is unreachable
linking...
Program Size: Code=4460 RO-data=268 RW-data=36 ZI-data=740  
"lab_2.axf" - 0 Error(s), 3 Warning(s).
Load "H:\\code\\Code\\Georgi\\Lab 2_final\\lab_2.AXF" 
Full Chip Erase Done.
Programming Done.
Verify OK.
Build target 'Target 1'
compiling rf2500.c...
rf2500.c(264): warning:  #128-D: loop is not reachable from preceding code
rf2500.c(290): warning:  #128-D: loop is not reachable from preceding code
rf2500.c(313): warning:  #111-D: statement is unreachable
linking...
Program Size: Code=4452 RO-data=268 RW-data=36 ZI-data=740  
"lab_2.axf" - 0 Error(s), 3 Warning(s).
Load "H:\\code\\Code\\Georgi\\Lab 2_final\\lab_2.AXF" 
Full Chip Erase Done.
Programming Done.
Verify OK.
Build target 'Target 1'
compiling rf2500.c...
rf2500.c(266): warning:  #128-D: loop is not reachable from preceding code
rf2500.c(292): warning:  #128-D: loop is not reachable from preceding code
rf2500.c(315): warning:  #111-D: statement is unreachable
linking...
Program Size: Code=4456 RO-data=268 RW-data=36 ZI-data=740  
"lab_2.axf" - 0 Error(s), 3 Warning(s).
Load "H:\\code\\Code\\Georgi\\Lab 2_final\\lab_2.AXF" 
Full Chip Erase Done.
Programming Done.
Verify OK.
Build target 'Target 1'
compiling rf2500.c...
rf2500.c(266): warning:  #128-D: loop is not reachable from preceding code
rf2500.c(292): warning:  #128-D: loop is not reachable from preceding code
rf2500.c(315): warning:  #111-D: statement is unreachable
linking...
Program Size: Code=4456 RO-data=268 RW-data=36 ZI-data=740  
"lab_2.axf" - 0 Error(s), 3 Warning(s).
Load "H:\\code\\Code\\Georgi\\Lab 2_final\\lab_2.AXF" 
Full Chip Erase Done.
Programming Done.
Verify OK.
Build target 'Target 1'
compiling rf2500.c...
rf2500.c(267): warning:  #128-D: loop is not reachable from preceding code
rf2500.c(293): warning:  #128-D: loop is not reachable from preceding code
rf2500.c(316): warning:  #111-D: statement is unreachable
linking...
Program Size: Code=4456 RO-data=268 RW-data=36 ZI-data=740  
"lab_2.axf" - 0 Error(s), 3 Warning(s).
Load "H:\\code\\Code\\Georgi\\Lab 2_final\\lab_2.AXF" 
Full Chip Erase Done.
Programming Done.
Verify OK.
