<html>
<body>
<pre>
<h1>µVision Build Log</h1>
<h2>Project:</h2>
C:\Users\Akeel\McGill\Fall 2011\microP\FinalProject\Code\Akeel\akeel.uvproj
Project File Date:  11/28/2011

<h2>Output:</h2>
Build target 'Target 1'
compiling atan_LUT.c...
compiling debugger.c...
compiling LPRYxxxAL.c...
compiling LSM303DLH.c...
compiling main.c...
compiling misc.c...
compiling stm32f10x_adc.c...
compiling stm32f10x_dma.c...
compiling stm32f10x_exti.c...
compiling stm32f10x_gpio.c...
compiling stm32f10x_i2c.c...
compiling stm32f10x_rcc.c...
compiling stm32f10x_tim.c...
assembling STM32F10x.s...
compiling gestures.c...
compiling mgest_stack.c...
compiling cc2500.c...
compiling spi_protocol.c...
compiling stm32f10x_spi.c...
linking...
Program Size: Code=26268 RO-data=908 RW-data=196 ZI-data=892  
"akeel.axf" - 0 Error(s), 0 Warning(s).
Clean started: Project: 'akeel'
   deleting intermediate output files for target 'Target 1'
Build target 'Target 1'
compiling atan_LUT.c...
compiling debugger.c...
compiling LPRYxxxAL.c...
compiling LSM303DLH.c...
compiling main.c...
compiling misc.c...
compiling stm32f10x_adc.c...
compiling stm32f10x_dma.c...
compiling stm32f10x_exti.c...
compiling stm32f10x_gpio.c...
compiling stm32f10x_i2c.c...
compiling stm32f10x_rcc.c...
compiling stm32f10x_tim.c...
assembling STM32F10x.s...
compiling gestures.c...
compiling mgest_stack.c...
compiling cc2500.c...
compiling spi_protocol.c...
compiling stm32f10x_spi.c...
linking...
Program Size: Code=26268 RO-data=908 RW-data=196 ZI-data=892  
"akeel.axf" - 0 Error(s), 0 Warning(s).
Load "C:\\Users\\Akeel\\McGill\\Fall 2011\\microP\\FinalProject\\Code\\Akeel\\akeel.AXF" 
Erase Done.
Programming Done.
Verify OK.
