


ARM Macro Assembler    Page 1 


    1 00000000                 AREA             PROGRAM, CODE, READONLY
    2 00000000         
    3 00000000                 EXPORT           bcdadd
    4 00000000         
    5 00000000                 ENTRY
    6 00000000         
    7 00000000         
    8 00000000         
    9 00000000         bcdadd
   10 00000000         
   11 00000000 F04F 0002       LDR              R0,=0x2
   12 00000004 E7FE            B                .
   13 00000006         
   14 00000006                 END
Command Line: --debug --xref --cpu=Cortex-M3 --apcs=interwork --depend=bcdadd.d
 -obcdadd.o -IC:\Keil\ARM\INC -IC:\Keil\ARM\INC\ST\STM32F10x --list=bcdadd.lst 
bcdadd.s



ARM Macro Assembler    Page 1 Alphabetic symbol ordering
Relocatable symbols

PROGRAM 00000000

Symbol: PROGRAM
   Definitions
      At line 1 in file bcdadd.s
   Uses
      None
Comment: PROGRAM unused
bcdadd 00000000

Symbol: bcdadd
   Definitions
      At line 9 in file bcdadd.s
   Uses
      At line 3 in file bcdadd.s
Comment: bcdadd used once
2 symbols
325 symbols in table
