<html>
<body>
<pre>
<h1>µVision Build Log</h1>
<h2>Project:</h2>
D:\Documents\School\Fall 2011\ECSE-426\final_svn\Code\Georgi\Lab 2_final\lab_2.uvproj
Project File Date:  11/30/2011

<h2>Output:</h2>
Build target 'Target 1'
assembling STM32F10x.s...
compiling main.c...
main.c(9): warning:  #111-D: statement is unreachable
compiling stm32f10x_gpio.c...
compiling stm32f10x_i2c.c...
compiling stm32f10x_rcc.c...
compiling debugger.c...
compiling system_stm32f10x.c...
compiling stm32f10x_tim.c...
compiling misc.c...
compiling stm32f10x_exti.c...
compiling LPS001DL_I2C.c...
compiling stm32f10x_spi.c...
compiling rf2500.c...
rf2500.c(246): warning:  #550-D: variable "bytes" was set but never used
linking...
Program Size: Code=4872 RO-data=268 RW-data=32 ZI-data=608  
"lab_2.axf" - 0 Error(s), 2 Warning(s).
Load "D:\\Documents\\School\\Fall 2011\\ECSE-426\\final_svn\\Code\\Georgi\\Lab 2_final\\lab_2.AXF" 
Full Chip Erase Done.
Programming Done.
Verify OK.
Build target 'Target 1'
compiling rf2500.c...
linking...
Program Size: Code=4876 RO-data=268 RW-data=32 ZI-data=608  
"lab_2.axf" - 0 Error(s), 0 Warning(s).
Build target 'Target 1'
compiling rf2500.c...
linking...
Program Size: Code=4888 RO-data=268 RW-data=32 ZI-data=608  
"lab_2.axf" - 0 Error(s), 0 Warning(s).
Load "D:\\Documents\\School\\Fall 2011\\ECSE-426\\final_svn\\Code\\Georgi\\Lab 2_final\\lab_2.AXF" 
Full Chip Erase Done.
Programming Done.
Verify OK.
Build target 'Target 1'
compiling rf2500.c...
rf2500.c(256): warning:  #111-D: statement is unreachable
linking...
Program Size: Code=4872 RO-data=268 RW-data=32 ZI-data=608  
"lab_2.axf" - 0 Error(s), 1 Warning(s).
Load "D:\\Documents\\School\\Fall 2011\\ECSE-426\\final_svn\\Code\\Georgi\\Lab 2_final\\lab_2.AXF" 
Full Chip Erase Done.
Programming Done.
Verify OK.
Build target 'Target 1'
compiling rf2500.c...
rf2500.c(256): warning:  #111-D: statement is unreachable
rf2500.c(246): warning:  #550-D: variable "bytes" was set but never used
linking...
Program Size: Code=4860 RO-data=268 RW-data=32 ZI-data=608  
"lab_2.axf" - 0 Error(s), 2 Warning(s).
Load "D:\\Documents\\School\\Fall 2011\\ECSE-426\\final_svn\\Code\\Georgi\\Lab 2_final\\lab_2.AXF" 
Full Chip Erase Done.
Programming Done.
Verify OK.
Build target 'Target 1'
compiling rf2500.c...
rf2500.c(283): warning:  #111-D: statement is unreachable
linking...
Program Size: Code=4864 RO-data=268 RW-data=32 ZI-data=608  
"lab_2.axf" - 0 Error(s), 1 Warning(s).
Load "D:\\Documents\\School\\Fall 2011\\ECSE-426\\final_svn\\Code\\Georgi\\Lab 2_final\\lab_2.AXF" 
Full Chip Erase Done.
Programming Done.
Verify OK.
Build target 'Target 1'
compiling rf2500.c...
rf2500.c(287): warning:  #111-D: statement is unreachable
linking...
Program Size: Code=4864 RO-data=268 RW-data=32 ZI-data=608  
"lab_2.axf" - 0 Error(s), 1 Warning(s).
Load "D:\\Documents\\School\\Fall 2011\\ECSE-426\\final_svn\\Code\\Georgi\\Lab 2_final\\lab_2.AXF" 
Full Chip Erase Done.
Programming Done.
Verify OK.
Build target 'Target 1'
compiling rf2500.c...
rf2500.c(290): warning:  #111-D: statement is unreachable
linking...
Program Size: Code=4880 RO-data=268 RW-data=32 ZI-data=608  
"lab_2.axf" - 0 Error(s), 1 Warning(s).
Load "D:\\Documents\\School\\Fall 2011\\ECSE-426\\final_svn\\Code\\Georgi\\Lab 2_final\\lab_2.AXF" 
Full Chip Erase Done.
Programming Done.
Verify OK.
Build target 'Target 1'
linking...
Program Size: Code=4880 RO-data=268 RW-data=32 ZI-data=608  
"lab_2.axf" - 0 Error(s), 0 Warning(s).
Load "D:\\Documents\\School\\Fall 2011\\ECSE-426\\final_svn\\Code\\Georgi\\Lab 2_final\\lab_2.AXF" 
Full Chip Erase Done.
Programming Done.
Verify OK.
Build target 'Target 1'
compiling rf2500.c...
rf2500.c(292): warning:  #111-D: statement is unreachable
linking...
Program Size: Code=4880 RO-data=268 RW-data=32 ZI-data=608  
"lab_2.axf" - 0 Error(s), 1 Warning(s).
Build target 'Target 1'
linking...
Program Size: Code=4880 RO-data=268 RW-data=32 ZI-data=608  
"lab_2.axf" - 0 Error(s), 0 Warning(s).
Load "D:\\Documents\\School\\Fall 2011\\ECSE-426\\final_svn\\Code\\Georgi\\Lab 2_final\\lab_2.AXF" 
Full Chip Erase Done.
Programming Done.
Verify OK.
Build target 'Target 1'
compiling rf2500.c...
rf2500.c(303): warning:  #111-D: statement is unreachable
rf2500.c(273): warning:  #550-D: variable "bytes" was set but never used
linking...
Program Size: Code=4936 RO-data=268 RW-data=32 ZI-data=608  
"lab_2.axf" - 0 Error(s), 2 Warning(s).
Load "D:\\Documents\\School\\Fall 2011\\ECSE-426\\final_svn\\Code\\Georgi\\Lab 2_final\\lab_2.AXF" 
Full Chip Erase Done.
Programming Done.
Verify OK.
Build target 'Target 1'
compiling rf2500.c...
rf2500.c(303): warning:  #111-D: statement is unreachable
rf2500.c(273): warning:  #550-D: variable "bytes" was set but never used
linking...
Program Size: Code=4924 RO-data=268 RW-data=32 ZI-data=608  
"lab_2.axf" - 0 Error(s), 2 Warning(s).
Load "D:\\Documents\\School\\Fall 2011\\ECSE-426\\final_svn\\Code\\Georgi\\Lab 2_final\\lab_2.AXF" 
Full Chip Erase Done.
Programming Done.
Verify OK.
Build target 'Target 1'
compiling rf2500.c...
rf2500.c(288): warning:  #111-D: statement is unreachable
rf2500.c(303): warning:  #111-D: statement is unreachable
rf2500.c(273): warning:  #550-D: variable "bytes" was set but never used
linking...
Program Size: Code=4860 RO-data=268 RW-data=32 ZI-data=608  
"lab_2.axf" - 0 Error(s), 3 Warning(s).
Load "D:\\Documents\\School\\Fall 2011\\ECSE-426\\final_svn\\Code\\Georgi\\Lab 2_final\\lab_2.AXF" 
Full Chip Erase Done.
Programming Done.
Verify OK.
Build target 'Target 1'
compiling rf2500.c...
rf2500.c(292): warning:  #111-D: statement is unreachable
rf2500.c(307): warning:  #111-D: statement is unreachable
rf2500.c(273): warning:  #550-D: variable "bytes" was set but never used
linking...
Program Size: Code=4888 RO-data=268 RW-data=32 ZI-data=608  
"lab_2.axf" - 0 Error(s), 3 Warning(s).
Load "D:\\Documents\\School\\Fall 2011\\ECSE-426\\final_svn\\Code\\Georgi\\Lab 2_final\\lab_2.AXF" 
Full Chip Erase Done.
Programming Done.
Verify OK.
Build target 'Target 1'
compiling rf2500.c...
rf2500.c(292): warning:  #111-D: statement is unreachable
rf2500.c(307): warning:  #111-D: statement is unreachable
rf2500.c(273): warning:  #550-D: variable "bytes" was set but never used
linking...
Program Size: Code=4872 RO-data=268 RW-data=32 ZI-data=608  
"lab_2.axf" - 0 Error(s), 3 Warning(s).
Load "D:\\Documents\\School\\Fall 2011\\ECSE-426\\final_svn\\Code\\Georgi\\Lab 2_final\\lab_2.AXF" 
Full Chip Erase Done.
Programming Done.
Verify OK.
Build target 'Target 1'
compiling rf2500.c...
rf2500.c(294): warning:  #111-D: statement is unreachable
rf2500.c(309): warning:  #111-D: statement is unreachable
rf2500.c(273): warning:  #550-D: variable "bytes" was set but never used
linking...
Program Size: Code=4900 RO-data=268 RW-data=32 ZI-data=608  
"lab_2.axf" - 0 Error(s), 3 Warning(s).
Load "D:\\Documents\\School\\Fall 2011\\ECSE-426\\final_svn\\Code\\Georgi\\Lab 2_final\\lab_2.AXF" 
Full Chip Erase Done.
Programming Done.
Verify OK.
Build target 'Target 1'
compiling rf2500.c...
rf2500.c(297): warning:  #111-D: statement is unreachable
rf2500.c(273): warning:  #550-D: variable "bytes" was set but never used
linking...
Program Size: Code=4908 RO-data=268 RW-data=32 ZI-data=608  
"lab_2.axf" - 0 Error(s), 2 Warning(s).
Load "D:\\Documents\\School\\Fall 2011\\ECSE-426\\final_svn\\Code\\Georgi\\Lab 2_final\\lab_2.AXF" 
Full Chip Erase Done.
Programming Done.
Verify OK.
Build target 'Target 1'
compiling rf2500.c...
rf2500.c(297): warning:  #111-D: statement is unreachable
rf2500.c(273): warning:  #550-D: variable "bytes" was set but never used
linking...
Program Size: Code=4908 RO-data=268 RW-data=32 ZI-data=608  
"lab_2.axf" - 0 Error(s), 2 Warning(s).
Load "D:\\Documents\\School\\Fall 2011\\ECSE-426\\final_svn\\Code\\Georgi\\Lab 2_final\\lab_2.AXF" 
Full Chip Erase Done.
Programming Done.
Verify OK.
Build target 'Target 1'
compiling rf2500.c...
rf2500.c(297): warning:  #111-D: statement is unreachable
rf2500.c(273): warning:  #550-D: variable "bytes" was set but never used
linking...
Program Size: Code=4908 RO-data=268 RW-data=32 ZI-data=608  
"lab_2.axf" - 0 Error(s), 2 Warning(s).
Load "D:\\Documents\\School\\Fall 2011\\ECSE-426\\final_svn\\Code\\Georgi\\Lab 2_final\\lab_2.AXF" 
Full Chip Erase Done.
Programming Done.
Verify OK.
Build target 'Target 1'
compiling rf2500.c...
rf2500.c(297): warning:  #111-D: statement is unreachable
rf2500.c(273): warning:  #550-D: variable "bytes" was set but never used
linking...
Program Size: Code=4916 RO-data=268 RW-data=32 ZI-data=608  
"lab_2.axf" - 0 Error(s), 2 Warning(s).
Load "D:\\Documents\\School\\Fall 2011\\ECSE-426\\final_svn\\Code\\Georgi\\Lab 2_final\\lab_2.AXF" 
Full Chip Erase Done.
Programming Done.
Verify OK.
Build target 'Target 1'
compiling rf2500.c...
rf2500.c(273): warning:  #550-D: variable "bytes" was set but never used
linking...
Program Size: Code=4928 RO-data=268 RW-data=32 ZI-data=608  
"lab_2.axf" - 0 Error(s), 1 Warning(s).
Load "D:\\Documents\\School\\Fall 2011\\ECSE-426\\final_svn\\Code\\Georgi\\Lab 2_final\\lab_2.AXF" 
Full Chip Erase Done.
Programming Done.
Verify OK.
Build target 'Target 1'
compiling rf2500.c...
rf2500.c(273): warning:  #550-D: variable "bytes" was set but never used
linking...
Program Size: Code=4936 RO-data=268 RW-data=32 ZI-data=608  
"lab_2.axf" - 0 Error(s), 1 Warning(s).
Load "D:\\Documents\\School\\Fall 2011\\ECSE-426\\final_svn\\Code\\Georgi\\Lab 2_final\\lab_2.AXF" 
Full Chip Erase Done.
Programming Done.
Verify OK.
Build target 'Target 1'
compiling rf2500.c...
rf2500.c(273): warning:  #550-D: variable "bytes" was set but never used
linking...
Program Size: Code=4932 RO-data=268 RW-data=32 ZI-data=608  
"lab_2.axf" - 0 Error(s), 1 Warning(s).
Load "D:\\Documents\\School\\Fall 2011\\ECSE-426\\final_svn\\Code\\Georgi\\Lab 2_final\\lab_2.AXF" 
Full Chip Erase Done.
Programming Done.
Verify OK.
Build target 'Target 1'
compiling main.c...
main.c(9): warning:  #111-D: statement is unreachable
compiling rf2500.c...
rf2500.c(283): warning:  #550-D: variable "bytes" was set but never used
linking...
Program Size: Code=4988 RO-data=268 RW-data=32 ZI-data=608  
"lab_2.axf" - 0 Error(s), 2 Warning(s).
Build target 'Target 1'
compiling rf2500.c...
rf2500.c(292): warning:  #550-D: variable "bytes" was set but never used
linking...
Program Size: Code=5032 RO-data=268 RW-data=32 ZI-data=608  
"lab_2.axf" - 0 Error(s), 1 Warning(s).
Load "D:\\Documents\\School\\Fall 2011\\ECSE-426\\final_svn\\Code\\Georgi\\Lab 2_final\\lab_2.AXF" 
Full Chip Erase Done.
Programming Done.
Verify OK.
Build target 'Target 1'
compiling rf2500.c...
rf2500.c(292): warning:  #550-D: variable "bytes" was set but never used
linking...
Program Size: Code=5044 RO-data=268 RW-data=32 ZI-data=608  
"lab_2.axf" - 0 Error(s), 1 Warning(s).
Load "D:\\Documents\\School\\Fall 2011\\ECSE-426\\final_svn\\Code\\Georgi\\Lab 2_final\\lab_2.AXF" 
Full Chip Erase Done.
Programming Done.
Verify OK.
Build target 'Target 1'
compiling rf2500.c...
rf2500.c(288): warning:  #550-D: variable "bytes" was set but never used
linking...
Program Size: Code=5008 RO-data=268 RW-data=32 ZI-data=608  
"lab_2.axf" - 0 Error(s), 1 Warning(s).
Load "D:\\Documents\\School\\Fall 2011\\ECSE-426\\final_svn\\Code\\Georgi\\Lab 2_final\\lab_2.AXF" 
Full Chip Erase Done.
Programming Done.
Verify OK.
Build target 'Target 1'
compiling rf2500.c...
rf2500.c(289): warning:  #550-D: variable "bytes" was set but never used
linking...
Program Size: Code=5020 RO-data=268 RW-data=32 ZI-data=608  
"lab_2.axf" - 0 Error(s), 1 Warning(s).
Load "D:\\Documents\\School\\Fall 2011\\ECSE-426\\final_svn\\Code\\Georgi\\Lab 2_final\\lab_2.AXF" 
Full Chip Erase Done.
Programming Done.
Verify OK.
Build target 'Target 1'
compiling rf2500.c...
rf2500.c(293): warning:  #550-D: variable "bytes" was set but never used
linking...
Program Size: Code=5032 RO-data=268 RW-data=32 ZI-data=608  
"lab_2.axf" - 0 Error(s), 1 Warning(s).
Build target 'Target 1'
compiling rf2500.c...
rf2500.c(299): warning:  #128-D: loop is not reachable from preceding code
rf2500.c(294): warning:  #550-D: variable "bytes" was set but never used
linking...
Program Size: Code=4928 RO-data=268 RW-data=32 ZI-data=608  
"lab_2.axf" - 0 Error(s), 2 Warning(s).
Load "D:\\Documents\\School\\Fall 2011\\ECSE-426\\final_svn\\Code\\Georgi\\Lab 2_final\\lab_2.AXF" 
Full Chip Erase Done.
Programming Done.
Verify OK.
Build target 'Target 1'
compiling main.c...
main.c(9): warning:  #111-D: statement is unreachable
compiling rf2500.c...
rf2500.c(299): warning:  #128-D: loop is not reachable from preceding code
rf2500.c(294): warning:  #550-D: variable "bytes" was set but never used
linking...
Program Size: Code=4928 RO-data=268 RW-data=32 ZI-data=608  
"lab_2.axf" - 0 Error(s), 3 Warning(s).
Load "D:\\Documents\\School\\Fall 2011\\ECSE-426\\final_svn\\Code\\Georgi\\Lab 2_final\\lab_2.AXF" 
Full Chip Erase Done.
Programming Done.
Verify OK.
Build target 'Target 1'
compiling rf2500.c...
rf2500.c(302): warning:  #128-D: loop is not reachable from preceding code
rf2500.c(297): warning:  #550-D: variable "bytes" was set but never used
linking...
Program Size: Code=4936 RO-data=268 RW-data=32 ZI-data=608  
"lab_2.axf" - 0 Error(s), 2 Warning(s).
Load "D:\\Documents\\School\\Fall 2011\\ECSE-426\\final_svn\\Code\\Georgi\\Lab 2_final\\lab_2.AXF" 
Full Chip Erase Done.
Programming Done.
Verify OK.
Build target 'Target 1'
compiling rf2500.c...
rf2500.c(302): warning:  #128-D: loop is not reachable from preceding code
rf2500.c(297): warning:  #550-D: variable "bytes" was set but never used
linking...
Program Size: Code=4936 RO-data=268 RW-data=32 ZI-data=608  
"lab_2.axf" - 0 Error(s), 2 Warning(s).
Load "D:\\Documents\\School\\Fall 2011\\ECSE-426\\final_svn\\Code\\Georgi\\Lab 2_final\\lab_2.AXF" 
Full Chip Erase Done.
Programming Done.
Verify OK.
Build target 'Target 1'
compiling rf2500.c...
rf2500.c(302): warning:  #128-D: loop is not reachable from preceding code
rf2500.c(297): warning:  #550-D: variable "bytes" was set but never used
linking...
Program Size: Code=4936 RO-data=268 RW-data=32 ZI-data=608  
"lab_2.axf" - 0 Error(s), 2 Warning(s).
Load "D:\\Documents\\School\\Fall 2011\\ECSE-426\\final_svn\\Code\\Georgi\\Lab 2_final\\lab_2.AXF" 
Full Chip Erase Done.
Programming Done.
Verify OK.
Build target 'Target 1'
compiling rf2500.c...
rf2500.c(302): warning:  #128-D: loop is not reachable from preceding code
rf2500.c(297): warning:  #550-D: variable "bytes" was set but never used
linking...
Program Size: Code=4936 RO-data=268 RW-data=32 ZI-data=608  
"lab_2.axf" - 0 Error(s), 2 Warning(s).
Load "D:\\Documents\\School\\Fall 2011\\ECSE-426\\final_svn\\Code\\Georgi\\Lab 2_final\\lab_2.AXF" 
Full Chip Erase Done.
Programming Done.
Verify OK.
Build target 'Target 1'
compiling main.c...
rf2500.h(13): error:  #101: "RESET" has already been declared in the current scope
rf2500.h(14): error:  #101: "SET" has already been declared in the current scope
main.c(9): warning:  #111-D: statement is unreachable
compiling rf2500.c...
rf2500.h(13): error:  #101: "RESET" has already been declared in the current scope
rf2500.h(14): error:  #101: "SET" has already been declared in the current scope
rf2500.c(303): warning:  #128-D: loop is not reachable from preceding code
rf2500.c(298): warning:  #550-D: variable "bytes" was set but never used
Target not created
Build target 'Target 1'
compiling main.c...
main.c(9): warning:  #111-D: statement is unreachable
compiling rf2500.c...
rf2500.c(303): warning:  #128-D: loop is not reachable from preceding code
rf2500.c(298): warning:  #550-D: variable "bytes" was set but never used
linking...
Program Size: Code=4936 RO-data=268 RW-data=32 ZI-data=608  
"lab_2.axf" - 0 Error(s), 3 Warning(s).
Build target 'Target 1'
compiling main.c...
main.c(9): warning:  #111-D: statement is unreachable
compiling rf2500.c...
rf2500.c(303): warning:  #128-D: loop is not reachable from preceding code
rf2500.c(298): warning:  #550-D: variable "bytes" was set but never used
linking...
Program Size: Code=4936 RO-data=268 RW-data=32 ZI-data=608  
"lab_2.axf" - 0 Error(s), 3 Warning(s).
Build target 'Target 1'
compiling main.c...
main.c(9): warning:  #111-D: statement is unreachable
compiling rf2500.c...
rf2500.c(110): warning:  #188-D: enumerated type mixed with another type
rf2500.c(309): warning:  #128-D: loop is not reachable from preceding code
rf2500.c(304): warning:  #550-D: variable "bytes" was set but never used
linking...
Program Size: Code=4948 RO-data=268 RW-data=32 ZI-data=608  
"lab_2.axf" - 0 Error(s), 4 Warning(s).
Build target 'Target 1'
compiling rf2500.c...
rf2500.c(110): warning:  #188-D: enumerated type mixed with another type
rf2500.c(308): error:  #268: declaration may not appear after executable statement in block
rf2500.c(310): warning:  #128-D: loop is not reachable from preceding code
rf2500.c(304): warning:  #550-D: variable "bytes" was set but never used
Target not created
Build target 'Target 1'
compiling rf2500.c...
rf2500.c(110): warning:  #188-D: enumerated type mixed with another type
rf2500.c(310): warning:  #128-D: loop is not reachable from preceding code
rf2500.c(304): warning:  #550-D: variable "bytes" was set but never used
linking...
Program Size: Code=4964 RO-data=268 RW-data=36 ZI-data=612  
"lab_2.axf" - 0 Error(s), 3 Warning(s).
Load "D:\\Documents\\School\\Fall 2011\\ECSE-426\\final_svn\\Code\\Georgi\\Lab 2_final\\lab_2.AXF" 
Full Chip Erase Done.
Programming Done.
Verify OK.
Build target 'Target 1'
compiling rf2500.c...
rf2500.c(110): warning:  #188-D: enumerated type mixed with another type
rf2500.c(310): warning:  #128-D: loop is not reachable from preceding code
rf2500.c(304): warning:  #550-D: variable "bytes" was set but never used
linking...
Program Size: Code=4964 RO-data=268 RW-data=36 ZI-data=612  
"lab_2.axf" - 0 Error(s), 3 Warning(s).
Build target 'Target 1'
compiling rf2500.c...
rf2500.c(110): warning:  #188-D: enumerated type mixed with another type
rf2500.c(239): warning:  #128-D: loop is not reachable from preceding code
rf2500.c(233): warning:  #550-D: variable "bytes" was set but never used
linking...
Program Size: Code=4784 RO-data=268 RW-data=36 ZI-data=612  
"lab_2.axf" - 0 Error(s), 3 Warning(s).
Build target 'Target 1'
compiling main.c...
main.c(9): warning:  #111-D: statement is unreachable
compiling rf2500.c...
rf2500.c(110): warning:  #188-D: enumerated type mixed with another type
rf2500.c(239): warning:  #128-D: loop is not reachable from preceding code
rf2500.c(233): warning:  #550-D: variable "bytes" was set but never used
linking...
Program Size: Code=4784 RO-data=268 RW-data=36 ZI-data=612  
"lab_2.axf" - 0 Error(s), 4 Warning(s).
Build target 'Target 1'
compiling rf2500.c...
rf2500.c(239): warning:  #128-D: loop is not reachable from preceding code
rf2500.c(233): warning:  #550-D: variable "bytes" was set but never used
linking...
Program Size: Code=4784 RO-data=268 RW-data=36 ZI-data=612  
"lab_2.axf" - 0 Error(s), 2 Warning(s).
Build target 'Target 1'
compiling rf2500.c...
rf2500.c(239): warning:  #128-D: loop is not reachable from preceding code
rf2500.c(233): warning:  #550-D: variable "bytes" was set but never used
linking...
Program Size: Code=4784 RO-data=268 RW-data=36 ZI-data=612  
"lab_2.axf" - 0 Error(s), 2 Warning(s).
Build target 'Target 1'
compiling rf2500.c...
rf2500.c(239): warning:  #128-D: loop is not reachable from preceding code
rf2500.c(233): warning:  #550-D: variable "bytes" was set but never used
linking...
Program Size: Code=4784 RO-data=268 RW-data=36 ZI-data=612  
"lab_2.axf" - 0 Error(s), 2 Warning(s).
Build target 'Target 1'
compiling rf2500.c...
rf2500.c(249): warning:  #128-D: loop is not reachable from preceding code
rf2500.c(243): warning:  #550-D: variable "bytes" was set but never used
linking...
Program Size: Code=4832 RO-data=268 RW-data=36 ZI-data=612  
"lab_2.axf" - 0 Error(s), 2 Warning(s).
Load "D:\\Documents\\School\\Fall 2011\\ECSE-426\\final_svn\\Code\\Georgi\\Lab 2_final\\lab_2.AXF" 
Full Chip Erase Done.
Programming Done.
Verify OK.
Build target 'Target 1'
compiling rf2500.c...
rf2500.c(218): error:  #20: identifier "RF_STATUS_CALIBRATION" is undefined
rf2500.c(255): warning:  #128-D: loop is not reachable from preceding code
rf2500.c(249): warning:  #550-D: variable "bytes" was set but never used
Target not created
Build target 'Target 1'
compiling rf2500.c...
rf2500.c(255): warning:  #128-D: loop is not reachable from preceding code
rf2500.c(249): warning:  #550-D: variable "bytes" was set but never used
linking...
Program Size: Code=4864 RO-data=268 RW-data=36 ZI-data=612  
"lab_2.axf" - 0 Error(s), 2 Warning(s).
Load "D:\\Documents\\School\\Fall 2011\\ECSE-426\\final_svn\\Code\\Georgi\\Lab 2_final\\lab_2.AXF" 
Full Chip Erase Done.
Programming Done.
Verify OK.
Build target 'Target 1'
compiling rf2500.c...
rf2500.c(246): warning:  #128-D: loop is not reachable from preceding code
rf2500.c(240): warning:  #550-D: variable "bytes" was set but never used
linking...
Program Size: Code=4808 RO-data=268 RW-data=36 ZI-data=612  
"lab_2.axf" - 0 Error(s), 2 Warning(s).
Load "D:\\Documents\\School\\Fall 2011\\ECSE-426\\final_svn\\Code\\Georgi\\Lab 2_final\\lab_2.AXF" 
Full Chip Erase Done.
Programming Done.
Verify OK.
Build target 'Target 1'
compiling rf2500.c...
rf2500.c(248): warning:  #128-D: loop is not reachable from preceding code
rf2500.c(242): warning:  #550-D: variable "bytes" was set but never used
linking...
Program Size: Code=4808 RO-data=268 RW-data=36 ZI-data=612  
"lab_2.axf" - 0 Error(s), 2 Warning(s).
Load "D:\\Documents\\School\\Fall 2011\\ECSE-426\\final_svn\\Code\\Georgi\\Lab 2_final\\lab_2.AXF" 
Full Chip Erase Done.
Programming Done.
Verify OK.
Build target 'Target 1'
compiling rf2500.c...
rf2500.c(252): warning:  #128-D: loop is not reachable from preceding code
rf2500.c(242): warning:  #550-D: variable "bytes" was set but never used
linking...
Program Size: Code=4820 RO-data=268 RW-data=36 ZI-data=612  
"lab_2.axf" - 0 Error(s), 2 Warning(s).
Load "D:\\Documents\\School\\Fall 2011\\ECSE-426\\final_svn\\Code\\Georgi\\Lab 2_final\\lab_2.AXF" 
Full Chip Erase Done.
Programming Done.
Verify OK.
