<html>
<body>
<pre>
<h1>µVision Build Log</h1>
<h2>Project:</h2>
C:\Users\MJ007\Dropbox\ECSE 426\FinalProject\microprocessorsystems\Code\NEW_MASTER\final.uvproj
Project File Date:  12/06/2011

<h2>Output:</h2>
Build target 'Target 1'
assembling STM32F10x.s...
compiling atan_LUT.c...
compiling communication.c...
compiling debugger.c...
compiling gesture_latch.c...
compiling gestures.c...
compiling LPRYxxxAL.c...
compiling LSM303DLH.c...
compiling main.c...
compiling mgest_stack.c...
compiling misc.c...
compiling protocol.c...
protocol.c(80): warning:  #188-D: enumerated type mixed with another type
protocol.c(252): warning:  #188-D: enumerated type mixed with another type
compiling rf2500.c...
compiling service_functions.c...
compiling stm32f10x_adc.c...
compiling stm32f10x_dma.c...
compiling stm32f10x_exti.c...
compiling stm32f10x_gpio.c...
compiling stm32f10x_i2c.c...
compiling stm32f10x_rcc.c...
compiling stm32f10x_spi.c...
compiling stm32f10x_tim.c...
compiling iNEMO_led.c...
linking...
Program Size: Code=29964 RO-data=660 RW-data=240 ZI-data=2648  
"final.axf" - 0 Error(s), 2 Warning(s).
