<html>
<body>
<pre>
<h1>µVision Build Log</h1>
<h2>Project:</h2>
H:\Desktop\microP\Final\Code\Master\master.uvproj
Project File Date:  12/02/2011

<h2>Output:</h2>
Build target 'Target 1'
compiling main.c...
compiling rf2500.c...
rf2500.c(391): error:  #20: identifier "data" is undefined
Target not created
Build target 'Target 1'
compiling rf2500.c...
linking...
Program Size: Code=24800 RO-data=904 RW-data=184 ZI-data=1000  
"master.axf" - 0 Error(s), 0 Warning(s).
Load "H:\\Desktop\\microP\\Final\\Code\\Master\\master.AXF" 
Erase Done.
Programming Done.
Verify OK.
Clean started: Project: 'master'
   deleting intermediate output files for target 'Target 1'
Build target 'Target 1'
assembling STM32F10x.s...
compiling atan_LUT.c...
compiling debugger.c...
compiling gestures.c...
compiling LPRYxxxAL.c...
compiling LSM303DLH.c...
compiling main.c...
compiling mgest_stack.c...
compiling misc.c...
compiling rf2500.c...
compiling service_functions.c...
compiling stm32f10x_adc.c...
compiling stm32f10x_dma.c...
compiling stm32f10x_exti.c...
compiling stm32f10x_gpio.c...
compiling stm32f10x_i2c.c...
compiling stm32f10x_rcc.c...
compiling stm32f10x_spi.c...
compiling stm32f10x_tim.c...
linking...
Program Size: Code=24800 RO-data=904 RW-data=184 ZI-data=1000  
"master.axf" - 0 Error(s), 0 Warning(s).
