<html>
<body>
<pre>
<h1>µVision Build Log</h1>
<h2>Project:</h2>
\\campus.mcgill.ca\EMF\ELE\aali28\Desktop\microP\Final\Code\Akeel\akeel.uvproj
Project File Date:  11/21/2011

<h2>Output:</h2>
Build target 'Target 1'
compiling atan_LUT.c...
compiling debugger.c...
compiling LPRYxxxAL.c...
compiling LSM303DLH.c...
compiling main.c...
compiling misc.c...
compiling stm32f10x_adc.c...
compiling stm32f10x_dma.c...
compiling stm32f10x_exti.c...
compiling stm32f10x_gpio.c...
compiling stm32f10x_i2c.c...
compiling stm32f10x_rcc.c...
compiling stm32f10x_tim.c...
assembling STM32F10x.s...
compiling gestures.c...
compiling mgest_stack.c...
linking...
Program Size: Code=22640 RO-data=904 RW-data=196 ZI-data=892  
"akeel.axf" - 0 Error(s), 0 Warning(s).
Build target 'Target 1'
compiling atan_LUT.c...
compiling debugger.c...
compiling LPRYxxxAL.c...
compiling LSM303DLH.c...
compiling main.c...
compiling misc.c...
compiling stm32f10x_adc.c...
compiling stm32f10x_dma.c...
compiling stm32f10x_exti.c...
compiling stm32f10x_gpio.c...
compiling stm32f10x_i2c.c...
compiling stm32f10x_rcc.c...
compiling stm32f10x_tim.c...
assembling STM32F10x.s...
compiling gestures.c...
compiling mgest_stack.c...
linking...
Program Size: Code=22640 RO-data=904 RW-data=196 ZI-data=892  
"akeel.axf" - 0 Error(s), 0 Warning(s).
Build target 'Target 1'
compiling cc2500.c...
compiling spi_protocol.c...
compiling stm32f10x_spi.c...
linking...
Program Size: Code=22640 RO-data=904 RW-data=196 ZI-data=892  
"akeel.axf" - 0 Error(s), 0 Warning(s).
Build target 'Target 1'
compiling main.c...
main.c(62): warning:  #223-D: function "GPIO_SPI_Configuration" declared implicitly
main.c(63): warning:  #223-D: function "SPI_Configuration" declared implicitly
linking...
Program Size: Code=22996 RO-data=908 RW-data=164 ZI-data=844  
"akeel.axf" - 0 Error(s), 2 Warning(s).
Build target 'Target 1'
compiling main.c...
linking...
Program Size: Code=22996 RO-data=908 RW-data=164 ZI-data=844  
"akeel.axf" - 0 Error(s), 0 Warning(s).
Build target 'Target 1'
compiling main.c...
main.c(67): error:  #254: type name is not allowed
main.c(67): error:  #18: expected a ")"
main.c(68): error:  #268: declaration may not appear after executable statement in block
Target not created
Build target 'Target 1'
compiling main.c...
main.c(68): error:  #268: declaration may not appear after executable statement in block
Target not created
Build target 'Target 1'
compiling main.c...
main.c(65): error:  #65: expected a ";"
main.c(64): warning:  #550-D: variable "readout" was set but never used
Target not created
Build target 'Target 1'
compiling main.c...
main.c(64): warning:  #550-D: variable "readout" was set but never used
linking...
Program Size: Code=23012 RO-data=908 RW-data=164 ZI-data=844  
"akeel.axf" - 0 Error(s), 1 Warning(s).
Load "\\\\campus.mcgill.ca\\EMF\\ELE\\aali28\\Desktop\\microP\\Final\\Code\\Akeel\\akeel.AXF" 
Erase Done.
Programming Done.
Verify OK.
Build target 'Target 1'
linking...
Program Size: Code=23012 RO-data=908 RW-data=164 ZI-data=844  
"akeel.axf" - 0 Error(s), 0 Warning(s).
Load "\\\\campus.mcgill.ca\\EMF\\ELE\\aali28\\Desktop\\microP\\Final\\Code\\Akeel\\akeel.AXF" 
Erase Done.
Programming Done.
Verify OK.
Build target 'Target 1'
compiling main.c...
main.c(69): warning:  #223-D: function "RF_Receive" declared implicitly
main.c(69): error:  #20: identifier "received_data" is undefined
main.c(64): warning:  #177-D: variable "readout" was declared but never referenced
Target not created
Build target 'Target 1'
compiling main.c...
main.c(69): warning:  #223-D: function "RF_Receive" declared implicitly
linking...
Program Size: Code=23856 RO-data=904 RW-data=164 ZI-data=844  
"akeel.axf" - 0 Error(s), 1 Warning(s).
Build target 'Target 1'
compiling main.c...
main.c(70): error:  #167: argument of type "uint16_t" is incompatible with parameter of type "uint16_t *"
Target not created
Build target 'Target 1'
compiling main.c...
linking...
Program Size: Code=23860 RO-data=908 RW-data=164 ZI-data=844  
"akeel.axf" - 0 Error(s), 0 Warning(s).
Load "\\\\campus.mcgill.ca\\EMF\\ELE\\aali28\\Desktop\\microP\\Final\\Code\\Akeel\\akeel.AXF" 
Erase Done.
Programming Done.
Verify OK.
Build target 'Target 1'
compiling spi_protocol.c...
linking...
Program Size: Code=23860 RO-data=908 RW-data=164 ZI-data=844  
"akeel.axf" - 0 Error(s), 0 Warning(s).
Load "\\\\campus.mcgill.ca\\EMF\\ELE\\aali28\\Desktop\\microP\\Final\\Code\\Akeel\\akeel.AXF" 
Erase Done.
Programming Done.
Verify OK.
Build target 'Target 1'
compiling spi_protocol.c...
linking...
Program Size: Code=23860 RO-data=908 RW-data=164 ZI-data=844  
"akeel.axf" - 0 Error(s), 0 Warning(s).
Load "\\\\campus.mcgill.ca\\EMF\\ELE\\aali28\\Desktop\\microP\\Final\\Code\\Akeel\\akeel.AXF" 
Erase Done.
Programming Done.
Verify OK.
Build target 'Target 1'
compiling spi_protocol.c...
linking...
Program Size: Code=23860 RO-data=908 RW-data=164 ZI-data=844  
"akeel.axf" - 0 Error(s), 0 Warning(s).
Load "\\\\campus.mcgill.ca\\EMF\\ELE\\aali28\\Desktop\\microP\\Final\\Code\\Akeel\\akeel.AXF" 
Erase Done.
Programming Done.
Verify OK.
Build target 'Target 1'
compiling spi_protocol.c...
linking...
Program Size: Code=23860 RO-data=908 RW-data=164 ZI-data=844  
"akeel.axf" - 0 Error(s), 0 Warning(s).
Load "\\\\campus.mcgill.ca\\EMF\\ELE\\aali28\\Desktop\\microP\\Final\\Code\\Akeel\\akeel.AXF" 
Erase Done.
Programming Done.
Verify OK.
Build target 'Target 1'
compiling main.c...
main.c(65): warning:  #550-D: variable "readout" was set but never used
linking...
Program Size: Code=23008 RO-data=904 RW-data=164 ZI-data=844  
"akeel.axf" - 0 Error(s), 1 Warning(s).
Load "\\\\campus.mcgill.ca\\EMF\\ELE\\aali28\\Desktop\\microP\\Final\\Code\\Akeel\\akeel.AXF" 
Erase Done.
Programming Done.
Verify OK.
Build target 'Target 1'
compiling main.c...
main.c(65): warning:  #550-D: variable "readout" was set but never used
compiling cc2500.c...
compiling spi_protocol.c...
spi_protocol.c(36): warning:  #174-D: expression has no effect
spi_protocol.c(50): warning:  #223-D: function "SPI_Prepare_Receive" declared implicitly
spi_protocol.c(54): warning:  #174-D: expression has no effect
spi_protocol.c(56): error:  #65: expected a ";"
spi_protocol.c(57): warning:  #940-D: missing return statement at end of non-void function "SPI_Read"
Target not created
Build target 'Target 1'
compiling spi_protocol.c...
spi_protocol.c(36): warning:  #174-D: expression has no effect
spi_protocol.c(50): warning:  #223-D: function "SPI_Prepare_Receive" declared implicitly
spi_protocol.c(54): warning:  #174-D: expression has no effect
linking...
akeel.axf: Error: L6218E: Undefined symbol SPI_Prepare_Receive (referred from spi_protocol.o).
Target not created
Build target 'Target 1'
compiling atan_LUT.c...
compiling debugger.c...
compiling LPRYxxxAL.c...
compiling LSM303DLH.c...
compiling main.c...
main.c(65): warning:  #550-D: variable "readout" was set but never used
compiling misc.c...
compiling stm32f10x_adc.c...
compiling stm32f10x_dma.c...
compiling stm32f10x_exti.c...
compiling stm32f10x_gpio.c...
compiling stm32f10x_i2c.c...
compiling stm32f10x_rcc.c...
compiling stm32f10x_tim.c...
assembling STM32F10x.s...
compiling gestures.c...
compiling mgest_stack.c...
compiling cc2500.c...
compiling spi_protocol.c...
compiling stm32f10x_spi.c...
linking...
Program Size: Code=23004 RO-data=908 RW-data=164 ZI-data=844  
"akeel.axf" - 0 Error(s), 1 Warning(s).
Load "\\\\campus.mcgill.ca\\EMF\\ELE\\aali28\\Desktop\\microP\\Final\\Code\\Akeel\\akeel.AXF" 
Erase Done.
Programming Done.
Verify OK.
Build target 'Target 1'
compiling spi_protocol.c...
spi_protocol.c(120): error:  #268: declaration may not appear after executable statement in block
Target not created
Build target 'Target 1'
compiling spi_protocol.c...
linking...
Program Size: Code=23012 RO-data=908 RW-data=164 ZI-data=844  
"akeel.axf" - 0 Error(s), 0 Warning(s).
Build target 'Target 1'
linking...
Program Size: Code=23012 RO-data=908 RW-data=164 ZI-data=844  
"akeel.axf" - 0 Error(s), 0 Warning(s).
Load "\\\\campus.mcgill.ca\\EMF\\ELE\\aali28\\Desktop\\microP\\Final\\Code\\Akeel\\akeel.AXF" 
Erase Done.
Programming Done.
Verify OK.
Build target 'Target 1'
compiling spi_protocol.c...
linking...
Program Size: Code=23012 RO-data=908 RW-data=164 ZI-data=844  
"akeel.axf" - 0 Error(s), 0 Warning(s).
Build target 'Target 1'
compiling main.c...
main.c(65): warning:  #550-D: variable "readout" was set but never used
compiling spi_protocol.c...
spi_protocol.c(6): warning:  #223-D: function "drop_css" declared implicitly
spi_protocol.c(7): warning:  #223-D: function "raise_css" declared implicitly
spi_protocol.c(10): error:  #20: identifier "TI_CCxxx0_SRES" is undefined
spi_protocol.c(14): error:  #159: declaration is incompatible with previous "drop_css" (declared at line 6)
spi_protocol.c(23): error:  #159: declaration is incompatible with previous "raise_css" (declared at line 7)
Target not created
Build target 'Target 1'
compiling main.c...
main.c(65): warning:  #550-D: variable "readout" was set but never used
compiling cc2500.c...
cc2500.c(5): warning:  #223-D: function "RF_Reset" declared implicitly
cc2500.c(6): warning:  #223-D: function "SPI_Write" declared implicitly
cc2500.c(6): error:  #20: identifier "SETTING_A_IOCFG0" is undefined
cc2500.c(7): error:  #20: identifier "SETTING_A_MCSM1" is undefined
cc2500.c(8): error:  #20: identifier "SETTING_A_MCSM0" is undefined
cc2500.c(9): error:  #20: identifier "SETTING_A_PKTLEN" is undefined
cc2500.c(10): error:  #20: identifier "SETTING_A_PKTCTRL0" is undefined
cc2500.c(11): error:  #20: identifier "SMARTRF_SETTING_A_FSCTRL1" is undefined
cc2500.c(12): error:  #20: identifier "SMARTRF_SETTING_A_FSCTRL0" is undefined
cc2500.c(13): error:  #20: identifier "SMARTRF_SETTING_A_FREQ2" is undefined
cc2500.c(14): error:  #20: identifier "SMARTRF_SETTING_A_FREQ1" is undefined
cc2500.c(15): error:  #20: identifier "SMARTRF_SETTING_A_FREQ0" is undefined
cc2500.c(16): error:  #20: identifier "SMARTRF_SETTING_A_MDMCFG4" is undefined
cc2500.c(17): error:  #20: identifier "SMARTRF_SETTING_A_MDMCFG3" is undefined
cc2500.c(18): error:  #20: identifier "SMARTRF_SETTING_A_MDMCFG2" is undefined
cc2500.c(19): error:  #20: identifier "SMARTRF_SETTING_A_MDMCFG1" is undefined
cc2500.c(20): error:  #20: identifier "SMARTRF_SETTING_A_MDMCFG0" is undefined
cc2500.c(21): error:  #20: identifier "SMARTRF_SETTING_A_CHANNR" is undefined
cc2500.c(22): error:  #20: identifier "SMARTRF_SETTING_A_DEVIATN" is undefined
cc2500.c(23): error:  #20: identifier "SMARTRF_SETTING_A_FREND1" is undefined
cc2500.c(24): error:  #20: identifier "SMARTRF_SETTING_A_FREND0" is undefined
cc2500.c(25): error:  #20: identifier "SMARTRF_SETTING_A_MCSM0" is undefined
cc2500.c(26): error:  #20: identifier "SMARTRF_SETTING_A_FOCCFG" is undefined
cc2500.c(27): error:  #20: identifier "SMARTRF_SETTING_A_BSCFG" is undefined
cc2500.c(28): error:  #20: identifier "SMARTRF_SETTING_A_AGCCTRL2" is undefined
cc2500.c(29): error:  #20: identifier "SMARTRF_SETTING_A_AGCCTRL1" is undefined
cc2500.c(30): error:  #20: identifier "SMARTRF_SETTING_A_AGCCTRL0" is undefined
cc2500.c(31): error:  #20: identifier "SMARTRF_SETTING_A_FSCAL3" is undefined
cc2500.c(32): error:  #20: identifier "SMARTRF_SETTING_A_FSCAL2" is undefined
cc2500.c(33): error:  #20: identifier "SMARTRF_SETTING_A_FSCAL1" is undefined
cc2500.c(34): error:  #20: identifier "SMARTRF_SETTING_A_FSCAL0" is undefined
cc2500.c(35): error:  #20: identifier "SMARTRF_SETTING_A_FSTEST" is undefined
compiling spi_protocol.c...
spi_protocol.c(7): warning:  #223-D: function "drop_css" declared implicitly
spi_protocol.c(8): warning:  #223-D: function "raise_css" declared implicitly
spi_protocol.c(15): error:  #159: declaration is incompatible with previous "drop_css" (declared at line 7)
spi_protocol.c(24): error:  #159: declaration is incompatible with previous "raise_css" (declared at line 8)
Target not created
Build target 'Target 1'
compiling main.c...
main.c(65): warning:  #550-D: variable "readout" was set but never used
compiling cc2500.c...
compiling spi_protocol.c...
linking...
Program Size: Code=23840 RO-data=904 RW-data=164 ZI-data=844  
"akeel.axf" - 0 Error(s), 1 Warning(s).
Build target 'Target 1'
compiling main.c...
main.c(65): warning:  #177-D: variable "readout" was declared but never referenced
compiling cc2500.c...
compiling spi_protocol.c...
linking...
Program Size: Code=23832 RO-data=904 RW-data=164 ZI-data=844  
"akeel.axf" - 0 Error(s), 1 Warning(s).
Build target 'Target 1'
linking...
Program Size: Code=23832 RO-data=904 RW-data=164 ZI-data=844  
"akeel.axf" - 0 Error(s), 0 Warning(s).
Load "\\\\campus.mcgill.ca\\EMF\\ELE\\aali28\\Desktop\\microP\\Final\\Code\\Akeel\\akeel.AXF" 
Erase Done.
Programming Done.
Verify OK.
Build target 'Target 1'
compiling main.c...
main.c(65): warning:  #550-D: variable "readout" was set but never used
linking...
Program Size: Code=23840 RO-data=904 RW-data=164 ZI-data=844  
"akeel.axf" - 0 Error(s), 1 Warning(s).
Build target 'Target 1'
linking...
Program Size: Code=23840 RO-data=904 RW-data=164 ZI-data=844  
"akeel.axf" - 0 Error(s), 0 Warning(s).
Load "\\\\campus.mcgill.ca\\EMF\\ELE\\aali28\\Desktop\\microP\\Final\\Code\\Akeel\\akeel.AXF" 
Erase Done.
Programming Done.
Verify OK.
Build target 'Target 1'
compiling main.c...
main.c(65): warning:  #550-D: variable "readout" was set but never used
linking...
Program Size: Code=23840 RO-data=904 RW-data=164 ZI-data=844  
"akeel.axf" - 0 Error(s), 1 Warning(s).
Load "\\\\campus.mcgill.ca\\EMF\\ELE\\aali28\\Desktop\\microP\\Final\\Code\\Akeel\\akeel.AXF" 
Erase Done.
Programming Done.
Verify OK.
Build target 'Target 1'
compiling main.c...
main.c(65): warning:  #550-D: variable "readout" was set but never used
linking...
Program Size: Code=23832 RO-data=904 RW-data=164 ZI-data=844  
"akeel.axf" - 0 Error(s), 1 Warning(s).
Build target 'Target 1'
linking...
Program Size: Code=23832 RO-data=904 RW-data=164 ZI-data=844  
"akeel.axf" - 0 Error(s), 0 Warning(s).
Build target 'Target 1'
linking...
Program Size: Code=23832 RO-data=904 RW-data=164 ZI-data=844  
"akeel.axf" - 0 Error(s), 0 Warning(s).
Load "\\\\campus.mcgill.ca\\EMF\\ELE\\aali28\\Desktop\\microP\\Final\\Code\\Akeel\\akeel.AXF" 
Erase Done.
Programming Done.
Verify OK.
Build target 'Target 1'
compiling main.c...
main.c(65): warning:  #550-D: variable "readout" was set but never used
compiling spi_protocol.c...
linking...
Program Size: Code=23832 RO-data=904 RW-data=164 ZI-data=844  
"akeel.axf" - 0 Error(s), 1 Warning(s).
Load "\\\\campus.mcgill.ca\\EMF\\ELE\\aali28\\Desktop\\microP\\Final\\Code\\Akeel\\akeel.AXF" 
Erase Done.
Programming Done.
Verify OK.
Build target 'Target 1'
compiling main.c...
main.c(65): warning:  #550-D: variable "readout" was set but never used
linking...
Program Size: Code=23832 RO-data=904 RW-data=164 ZI-data=844  
"akeel.axf" - 0 Error(s), 1 Warning(s).
Load "\\\\campus.mcgill.ca\\EMF\\ELE\\aali28\\Desktop\\microP\\Final\\Code\\Akeel\\akeel.AXF" 
Erase Done.
Programming Done.
Verify OK.
Build target 'Target 1'
compiling main.c...
compiling spi_protocol.c...
linking...
Program Size: Code=23836 RO-data=908 RW-data=164 ZI-data=844  
"akeel.axf" - 0 Error(s), 0 Warning(s).
Build target 'Target 1'
compiling main.c...
linking...
Program Size: Code=23836 RO-data=908 RW-data=164 ZI-data=844  
"akeel.axf" - 0 Error(s), 0 Warning(s).
Load "\\\\campus.mcgill.ca\\EMF\\ELE\\aali28\\Desktop\\microP\\Final\\Code\\Akeel\\akeel.AXF" 
Erase Done.
Programming Done.
Verify OK.
Build target 'Target 1'
compiling main.c...
main.c(65): warning:  #550-D: variable "readout" was set but never used
linking...
Program Size: Code=23840 RO-data=904 RW-data=164 ZI-data=844  
"akeel.axf" - 0 Error(s), 1 Warning(s).
Build target 'Target 1'
compiling main.c...
linking...
Program Size: Code=23852 RO-data=908 RW-data=164 ZI-data=844  
"akeel.axf" - 0 Error(s), 0 Warning(s).
Load "\\\\campus.mcgill.ca\\EMF\\ELE\\aali28\\Desktop\\microP\\Final\\Code\\Akeel\\akeel.AXF" 
Erase Done.
Programming Done.
Verify OK.
Build target 'Target 1'
compiling main.c...
linking...
Program Size: Code=23856 RO-data=904 RW-data=164 ZI-data=844  
"akeel.axf" - 0 Error(s), 0 Warning(s).
Load "\\\\campus.mcgill.ca\\EMF\\ELE\\aali28\\Desktop\\microP\\Final\\Code\\Akeel\\akeel.AXF" 
Erase Done.
Programming Done.
Verify OK.
Build target 'Target 1'
compiling main.c...
linking...
Program Size: Code=24656 RO-data=904 RW-data=196 ZI-data=892  
"akeel.axf" - 0 Error(s), 0 Warning(s).
Load "\\\\campus.mcgill.ca\\EMF\\ELE\\aali28\\Desktop\\microP\\Final\\Code\\Akeel\\akeel.AXF" 
Erase Done.
Programming Done.
Verify OK.
Build target 'Target 1'
compiling main.c...
linking...
Program Size: Code=24668 RO-data=908 RW-data=196 ZI-data=892  
"akeel.axf" - 0 Error(s), 0 Warning(s).
Build target 'Target 1'
linking...
Program Size: Code=24668 RO-data=908 RW-data=196 ZI-data=892  
"akeel.axf" - 0 Error(s), 0 Warning(s).
Load "\\\\campus.mcgill.ca\\EMF\\ELE\\aali28\\Desktop\\microP\\Final\\Code\\Akeel\\akeel.AXF" 
Erase Done.
Programming Done.
Verify OK.
