ARM Linker, 4.1 [Build 561] [Standard]

==============================================================================

Section Cross References

    atan_lut.o(.text) refers to fleqf.o(x$fpl$fleqf) for __aeabi_cfcmple
    atan_lut.o(.text) refers to fmul.o(x$fpl$fmul) for __aeabi_fmul
    atan_lut.o(.text) refers to frleqf.o(x$fpl$frleqf) for __aeabi_cfrcmple
    atan_lut.o(.text) refers to ffixu.o(x$fpl$ffixu) for __aeabi_f2uiz
    atan_lut.o(.text) refers to faddsub_clz.o(x$fpl$fsub) for __aeabi_fsub
    atan_lut.o(.text) refers to atan_lut.o(.constdata) for atan_lookup
    lpryxxxal.o(.text) refers to stm32f10x_rcc.o(.text) for RCC_APB2PeriphClockCmd
    lpryxxxal.o(.text) refers to stm32f10x_gpio.o(.text) for GPIO_Init
    lpryxxxal.o(.text) refers to stm32f10x_adc.o(.text) for ADC_RegularChannelConfig
    lpryxxxal.o(.text) refers to stm32f10x_dma.o(.text) for DMA_DeInit
    lpryxxxal.o(.text) refers to dflt_clz.o(x$fpl$dflt) for __aeabi_i2d
    lpryxxxal.o(.text) refers to ddiv.o(x$fpl$ddiv) for __aeabi_ddiv
    lpryxxxal.o(.text) refers to dfix.o(x$fpl$dfix) for __aeabi_d2iz
    lpryxxxal.o(.text) refers to lpryxxxal.o(.bss) for ADC_ConvertedValue
    lsm303dlh.o(.text) refers to stm32f10x_rcc.o(.text) for RCC_APB1PeriphClockCmd
    lsm303dlh.o(.text) refers to stm32f10x_gpio.o(.text) for GPIO_Init
    lsm303dlh.o(.text) refers to stm32f10x_i2c.o(.text) for I2C_Init
    lsm303dlh.o(.text) refers to dflt_clz.o(x$fpl$dflt) for __aeabi_i2d
    lsm303dlh.o(.text) refers to ddiv.o(x$fpl$ddiv) for __aeabi_ddiv
    lsm303dlh.o(.text) refers to dfix.o(x$fpl$dfix) for __aeabi_d2iz
    main.o(.text) refers to fflt_clz.o(x$fpl$fflt) for __aeabi_i2f
    main.o(.text) refers to f2d.o(x$fpl$f2d) for __aeabi_f2d
    main.o(.text) refers to pow.o(i.pow) for pow
    main.o(.text) refers to daddsub_clz.o(x$fpl$dadd) for __aeabi_dadd
    main.o(.text) refers to sqrt.o(i.sqrt) for sqrt
    main.o(.text) refers to d2f.o(x$fpl$d2f) for __aeabi_d2f
    main.o(.text) refers to fdiv.o(x$fpl$fdiv) for __aeabi_fdiv
    main.o(.text) refers to atan_lut.o(.text) for atan_table
    main.o(.text) refers to fleqf.o(x$fpl$fleqf) for __aeabi_cfcmple
    main.o(.text) refers to faddsub_clz.o(x$fpl$fadd) for __aeabi_fadd
    main.o(.text) refers to frleqf.o(x$fpl$frleqf) for __aeabi_cfrcmple
    main.o(.text) refers to faddsub_clz.o(x$fpl$fsub) for __aeabi_fsub
    main.o(.text) refers to faddsub_clz.o(x$fpl$frsb) for __aeabi_frsub
    main.o(.text) refers to fmul.o(x$fpl$fmul) for __aeabi_fmul
    main.o(.text) refers to exp.o(i.exp) for exp
    main.o(.text) refers to dmul.o(x$fpl$dmul) for __aeabi_dmul
    main.o(.text) refers to main.o(.bss) for rawAcc
    main.o(.text) refers to main.o(.data) for accelX
    main.o(.text) refers to ddiv.o(x$fpl$ddiv) for __aeabi_ddiv
    main.o(.text) refers to stm32f10x_rcc.o(.text) for RCC_APB1PeriphClockCmd
    main.o(.text) refers to stm32f10x_tim.o(.text) for TIM_TimeBaseInit
    main.o(.text) refers to misc.o(.text) for NVIC_Init
    main.o(.text) refers to lsm303dlh.o(.text) for LSM303DLH_I2C_Init
    main.o(.text) refers to lpryxxxal.o(.text) for LPRYxxxAL_ADC_Init
    main.o(.text) refers to spi_protocol.o(.text) for SPI_Configuration
    main.o(.text) refers to cc2500.o(.text) for RF_Config
    main.o(.text) refers to gestures.o(.text) for updateGesture
    stm32f10x_adc.o(.text) refers to stm32f10x_rcc.o(.text) for RCC_APB2PeriphResetCmd
    stm32f10x_gpio.o(.text) refers to stm32f10x_rcc.o(.text) for RCC_APB2PeriphResetCmd
    stm32f10x_i2c.o(.text) refers to stm32f10x_rcc.o(.text) for RCC_APB1PeriphResetCmd
    stm32f10x_rcc.o(.text) refers to stm32f10x_rcc.o(.data) for APBAHBPrescTable
    stm32f10x_tim.o(.text) refers to stm32f10x_rcc.o(.text) for RCC_APB2PeriphResetCmd
    stm32f10x.o(STACK) refers (Special) to heapauxi.o(.text) for __use_two_region_memory
    stm32f10x.o(HEAP) refers (Special) to heapauxi.o(.text) for __use_two_region_memory
    stm32f10x.o(RESET) refers (Special) to heapauxi.o(.text) for __use_two_region_memory
    stm32f10x.o(RESET) refers to stm32f10x.o(STACK) for __initial_sp
    stm32f10x.o(RESET) refers to stm32f10x.o(.text) for Reset_Handler
    stm32f10x.o(RESET) refers to main.o(.text) for TIM2_IRQHandler
    stm32f10x.o(.text) refers (Special) to heapauxi.o(.text) for __use_two_region_memory
    stm32f10x.o(.text) refers to __main.o(!!!main) for __main
    stm32f10x.o(.text) refers to stm32f10x.o(HEAP) for Heap_Mem
    stm32f10x.o(.text) refers to stm32f10x.o(STACK) for Stack_Mem
    gestures.o(.text) refers to faddsub_clz.o(x$fpl$fsub) for __aeabi_fsub
    gestures.o(.text) refers to f2d.o(x$fpl$f2d) for __aeabi_f2d
    gestures.o(.text) refers to d2f.o(x$fpl$d2f) for __aeabi_d2f
    gestures.o(.text) refers to frleqf.o(x$fpl$frleqf) for __aeabi_cfrcmple
    gestures.o(.text) refers to mgest_stack.o(.text) for intelligent_push
[...]
    debugger.c                               0x00000000   Number         0  debugger.o ABSOLUTE
    gestures.c                               0x00000000   Number         0  gestures.o ABSOLUTE
    main.c                                   0x00000000   Number         0  main.o ABSOLUTE
    mgest_stack.c                            0x00000000   Number         0  mgest_stack.o ABSOLUTE
    misc.c                                   0x00000000   Number         0  misc.o ABSOLUTE
    spi_protocol.c                           0x00000000   Number         0  spi_protocol.o ABSOLUTE
    stm32f10x_adc.c                          0x00000000   Number         0  stm32f10x_adc.o ABSOLUTE
    stm32f10x_dma.c                          0x00000000   Number         0  stm32f10x_dma.o ABSOLUTE
    stm32f10x_exti.c                         0x00000000   Number         0  stm32f10x_exti.o ABSOLUTE
    stm32f10x_gpio.c                         0x00000000   Number         0  stm32f10x_gpio.o ABSOLUTE
    stm32f10x_i2c.c                          0x00000000   Number         0  stm32f10x_i2c.o ABSOLUTE
    stm32f10x_rcc.c                          0x00000000   Number         0  stm32f10x_rcc.o ABSOLUTE
    stm32f10x_spi.c                          0x00000000   Number         0  stm32f10x_spi.o ABSOLUTE
    stm32f10x_tim.c                          0x00000000   Number         0  stm32f10x_tim.o ABSOLUTE
    RESET                                    0x08000000   Section      236  stm32f10x.o(RESET)
    !!!main                                  0x080000ec   Section        8  __main.o(!!!main)
    !!!scatter                               0x080000f4   Section       52  __scatter.o(!!!scatter)
    !!handler_copy                           0x08000128   Section       26  __scatter_copy.o(!!handler_copy)
    !!handler_zi                             0x08000144   Section       28  __scatter_zi.o(!!handler_zi)
    .ARM.Collect$$libinit$$00000000          0x08000160   Section        6  libinit.o(.ARM.Collect$$libinit$$00000000)
    .ARM.Collect$$libinit$$00000006          0x08000166   Section        0  libinit2.o(.ARM.Collect$$libinit$$00000006)
    .ARM.Collect$$libinit$$00000008          0x08000166   Section        0  libinit2.o(.ARM.Collect$$libinit$$00000008)
    .ARM.Collect$$libinit$$0000000A          0x08000166   Section        0  libinit2.o(.ARM.Collect$$libinit$$0000000A)
    .ARM.Collect$$libinit$$0000000D          0x08000166   Section        0  libinit2.o(.ARM.Collect$$libinit$$0000000D)
    .ARM.Collect$$libinit$$0000000F          0x08000166   Section        0  libinit2.o(.ARM.Collect$$libinit$$0000000F)
    .ARM.Collect$$libinit$$00000011          0x08000166   Section        0  libinit2.o(.ARM.Collect$$libinit$$00000011)
    .ARM.Collect$$libinit$$00000013          0x08000166   Section        0  libinit2.o(.ARM.Collect$$libinit$$00000013)
    .ARM.Collect$$libinit$$00000015          0x08000166   Section        0  libinit2.o(.ARM.Collect$$libinit$$00000015)
    .ARM.Collect$$libinit$$00000017          0x08000166   Section        0  libinit2.o(.ARM.Collect$$libinit$$00000017)
    .ARM.Collect$$libinit$$00000019          0x08000166   Section        0  libinit2.o(.ARM.Collect$$libinit$$00000019)
    .ARM.Collect$$libinit$$0000001B          0x08000166   Section        0  libinit2.o(.ARM.Collect$$libinit$$0000001B)
    .ARM.Collect$$libinit$$0000001D          0x08000166   Section        0  libinit2.o(.ARM.Collect$$libinit$$0000001D)
    .ARM.Collect$$libinit$$0000001F          0x08000166   Section        0  libinit2.o(.ARM.Collect$$libinit$$0000001F)
    .ARM.Collect$$libinit$$00000021          0x08000166   Section        0  libinit2.o(.ARM.Collect$$libinit$$00000021)
    .ARM.Collect$$libinit$$00000028          0x08000166   Section        0  libinit2.o(.ARM.Collect$$libinit$$00000028)
    .ARM.Collect$$libinit$$0000002A          0x08000166   Section        0  libinit2.o(.ARM.Collect$$libinit$$0000002A)
    .ARM.Collect$$libinit$$0000002C          0x08000166   Section        0  libinit2.o(.ARM.Collect$$libinit$$0000002C)
    .ARM.Collect$$libinit$$0000002E          0x08000166   Section        0  libinit2.o(.ARM.Collect$$libinit$$0000002E)
    .ARM.Collect$$libinit$$0000002F          0x08000166   Section        2  libinit2.o(.ARM.Collect$$libinit$$0000002F)
    .ARM.Collect$$libshutdown$$00000000      0x08000168   Section        2  libshutdown.o(.ARM.Collect$$libshutdown$$00000000)
    .ARM.Collect$$libshutdown$$00000003      0x0800016a   Section        0  libshutdown2.o(.ARM.Collect$$libshutdown$$00000003)
    .ARM.Collect$$libshutdown$$00000006      0x0800016a   Section        0  libshutdown2.o(.ARM.Collect$$libshutdown$$00000006)
    .ARM.Collect$$libshutdown$$00000009      0x0800016a   Section        0  libshutdown2.o(.ARM.Collect$$libshutdown$$00000009)
    .ARM.Collect$$libshutdown$$0000000B      0x0800016a   Section        0  libshutdown2.o(.ARM.Collect$$libshutdown$$0000000B)
    .ARM.Collect$$libshutdown$$0000000E      0x0800016a   Section        0  libshutdown2.o(.ARM.Collect$$libshutdown$$0000000E)
    .ARM.Collect$$libshutdown$$0000000F      0x0800016a   Section        2  libshutdown2.o(.ARM.Collect$$libshutdown$$0000000F)
    .ARM.Collect$$rtentry$$00000000          0x0800016c   Section        0  rtentry.o(.ARM.Collect$$rtentry$$00000000)
    .ARM.Collect$$rtentry$$00000002          0x0800016c   Section        0  rtentry2.o(.ARM.Collect$$rtentry$$00000002)
    .ARM.Collect$$rtentry$$00000004          0x0800016c   Section        6  rtentry4.o(.ARM.Collect$$rtentry$$00000004)
    .ARM.Collect$$rtentry$$00000009          0x08000172   Section        0  rtentry2.o(.ARM.Collect$$rtentry$$00000009)
    .ARM.Collect$$rtentry$$0000000A          0x08000172   Section        4  rtentry2.o(.ARM.Collect$$rtentry$$0000000A)
    .ARM.Collect$$rtentry$$0000000C          0x08000176   Section        0  rtentry2.o(.ARM.Collect$$rtentry$$0000000C)
    .ARM.Collect$$rtentry$$0000000D          0x08000176   Section        8  rtentry2.o(.ARM.Collect$$rtentry$$0000000D)
    .ARM.Collect$$rtexit$$00000000           0x0800017e   Section        2  rtexit.o(.ARM.Collect$$rtexit$$00000000)
    .ARM.Collect$$rtexit$$00000002           0x08000180   Section        0  rtexit2.o(.ARM.Collect$$rtexit$$00000002)
    .ARM.Collect$$rtexit$$00000003           0x08000180   Section        4  rtexit2.o(.ARM.Collect$$rtexit$$00000003)
    .ARM.Collect$$rtexit$$00000004           0x08000184   Section        6  rtexit2.o(.ARM.Collect$$rtexit$$00000004)
    .text                                    0x0800018c   Section        0  atan_lut.o(.text)
    .text                                    0x08000258   Section        0  lpryxxxal.o(.text)
    .text                                    0x0800050c   Section        0  lsm303dlh.o(.text)
    .text                                    0x08000e14   Section        0  main.o(.text)
    .text                                    0x080015f4   Section        0  misc.o(.text)
    .text                                    0x080016ec   Section        0  stm32f10x_adc.o(.text)
    .text                                    0x08001b2c   Section        0  stm32f10x_dma.o(.text)
    .text                                    0x08001d6c   Section        0  stm32f10x_gpio.o(.text)
    .text                                    0x080020c4   Section        0  stm32f10x_i2c.o(.text)
    .text                                    0x08002498   Section        0  stm32f10x_rcc.o(.text)
    .text                                    0x0800283c   Section        0  stm32f10x_tim.o(.text)
    TI4_Config                               0x08002cc5   Thumb Code    68  stm32f10x_tim.o(.text)
    TI3_Config                               0x08002d1b   Thumb Code    64  stm32f10x_tim.o(.text)
    TI2_Config                               0x08002d71   Thumb Code    68  stm32f10x_tim.o(.text)
    TI1_Config                               0x08002dc7   Thumb Code    54  stm32f10x_tim.o(.text)
    .text                                    0x080034ec   Section       52  stm32f10x.o(.text)
    .text                                    0x08003520   Section        0  gestures.o(.text)
    .text                                    0x080036ec   Section        0  mgest_stack.o(.text)
    isEmpty                                  0x080036ed   Thumb Code    14  mgest_stack.o(.text)
    isFull                                   0x080036fb   Thumb Code    16  mgest_stack.o(.text)
    .text                                    0x0800380c   Section        0  cc2500.o(.text)
    .text                                    0x08003b64   Section        0  spi_protocol.o(.text)
    .text                                    0x08003ccc   Section        0  stm32f10x_spi.o(.text)
    .text                                    0x08003fdc   Section        0  heapauxi.o(.text)
    .text                                    0x08003fe2   Section        0  _rserrno.o(.text)
    .text                                    0x08003ff8   Section        8  rt_errno_addr_intlibspace.o(.text)
    .text                                    0x08004000   Section        8  libspace.o(.text)
    .text                                    0x08004008   Section       74  sys_stackheap_outer.o(.text)
    .text                                    0x08004052   Section        0  exit.o(.text)
    .text                                    0x08004060   Section        8  rt_fp_status_addr_intlibspace.o(.text)
    .text                                    0x08004068   Section        0  sys_exit.o(.text)
    .text                                    0x08004074   Section        2  use_no_semi.o(.text)
    i.__ARM_fpclassify                       0x08004076   Section        0  fpclassify.o(i.__ARM_fpclassify)
    i.__kernel_poly                          0x0800409e   Section        0  poly.o(i.__kernel_poly)
    i.__mathlib_dbl_underflow                0x08004148   Section        0  dunder.o(i.__mathlib_dbl_underflow)
    i.exp                                    0x08004158   Section        0  exp.o(i.exp)
    i.pow                                    0x080043e8   Section        0  pow.o(i.pow)
    i.sqrt                                   0x08004dc0   Section        0  sqrt.o(i.sqrt)
    x$fpl$d2f                                0x08004e0c   Section       98  d2f.o(x$fpl$d2f)
    x$fpl$dadd                               0x08004e70   Section      336  daddsub_clz.o(x$fpl$dadd)
    _dadd1                                   0x08004e81   Thumb Code     0  daddsub_clz.o(x$fpl$dadd)
    x$fpl$dcheck1                            0x08004fc0   Section       16  dcheck1.o(x$fpl$dcheck1)
    x$fpl$dcmpinf                            0x08004fd0   Section       24  dcmpi.o(x$fpl$dcmpinf)
    x$fpl$ddiv                               0x08004fe8   Section      688  ddiv.o(x$fpl$ddiv)
    ddiv_entry                               0x08004fef   Thumb Code     0  ddiv.o(x$fpl$ddiv)
    x$fpl$dfix                               0x08005298   Section       94  dfix.o(x$fpl$dfix)
    x$fpl$dflt                               0x080052f6   Section       46  dflt_clz.o(x$fpl$dflt)
    x$fpl$dleqf                              0x08005324   Section      120  dleqf.o(x$fpl$dleqf)
    x$fpl$dmul                               0x0800539c   Section      340  dmul.o(x$fpl$dmul)
    x$fpl$dnaninf                            0x080054f0   Section      156  dnaninf.o(x$fpl$dnaninf)
    x$fpl$dretinf                            0x0800558c   Section       12  dretinf.o(x$fpl$dretinf)
    x$fpl$drleqf                             0x08005598   Section      108  drleqf.o(x$fpl$drleqf)
    x$fpl$drsb                               0x08005604   Section       22  daddsub_clz.o(x$fpl$drsb)
    x$fpl$dsqrt                              0x0800561c   Section      460  dsqrt_noumaal.o(x$fpl$dsqrt)
    x$fpl$dsub                               0x080057e8   Section      468  daddsub_clz.o(x$fpl$dsub)
    _dsub1                                   0x080057f9   Thumb Code     0  daddsub_clz.o(x$fpl$dsub)
    x$fpl$f2d                                0x080059bc   Section       86  f2d.o(x$fpl$f2d)
    x$fpl$fadd                               0x08005a14   Section      196  faddsub_clz.o(x$fpl$fadd)
    _fadd1                                   0x08005a23   Thumb Code     0  faddsub_clz.o(x$fpl$fadd)
    x$fpl$fcmpinf                            0x08005ad8   Section       24  fcmpi.o(x$fpl$fcmpinf)
    x$fpl$fdiv                               0x08005af0   Section      388  fdiv.o(x$fpl$fdiv)
    _fdiv1                                   0x08005af1   Thumb Code     0  fdiv.o(x$fpl$fdiv)
    x$fpl$ffixu                              0x08005c74   Section       62  ffixu.o(x$fpl$ffixu)
    x$fpl$fflt                               0x08005cb4   Section       48  fflt_clz.o(x$fpl$fflt)
    x$fpl$fleqf                              0x08005ce4   Section      104  fleqf.o(x$fpl$fleqf)
    x$fpl$fmul                               0x08005d4c   Section      258  fmul.o(x$fpl$fmul)
    x$fpl$fnaninf                            0x08005e4e   Section      140  fnaninf.o(x$fpl$fnaninf)
    x$fpl$fpinit                             0x08005eda   Section       14  fpinit.o(x$fpl$fpinit)
    x$fpl$fretinf                            0x08005ee8   Section       10  fretinf.o(x$fpl$fretinf)
    x$fpl$frleqf                             0x08005ef2   Section       98  frleqf.o(x$fpl$frleqf)
    x$fpl$frsb                               0x08005f54   Section       20  faddsub_clz.o(x$fpl$frsb)
    x$fpl$fsub                               0x08005f68   Section      234  faddsub_clz.o(x$fpl$fsub)
    _fsub1                                   0x08005f77   Thumb Code     0  faddsub_clz.o(x$fpl$fsub)
    x$fpl$retnan                             0x08006052   Section      100  retnan.o(x$fpl$retnan)
    x$fpl$scalbn                             0x080060b6   Section       96  scalbn.o(x$fpl$scalbn)
    x$fpl$trapveneer                         0x08006116   Section       48  trapv.o(x$fpl$trapveneer)
    x$fpl$usenofp                            0x08006146   Section        0  usenofp.o(x$fpl$usenofp)
    .constdata                               0x08006148   Section      404  atan_lut.o(.constdata)
    atan_lookup                              0x08006148   Data         404  atan_lut.o(.constdata)
    .constdata                               0x080062e0   Section       88  exp.o(.constdata)
    halF                                     0x080062e0   Data          16  exp.o(.constdata)
    ln2HI                                    0x080062f0   Data          16  exp.o(.constdata)
    ln2LO                                    0x08006300   Data          16  exp.o(.constdata)
    P                                        0x08006310   Data          40  exp.o(.constdata)
    .constdata                               0x08006338   Section      136  pow.o(.constdata)
    bp                                       0x08006338   Data          16  pow.o(.constdata)
    dp_h                                     0x08006348   Data          16  pow.o(.constdata)
    dp_l                                     0x08006358   Data          16  pow.o(.constdata)
    L                                        0x08006368   Data          48  pow.o(.constdata)
    P                                        0x08006398   Data          40  pow.o(.constdata)
    .constdata                               0x080063c0   Section        8  qnan.o(.constdata)
    .data                                    0x20000000   Section      141  main.o(.data)
    .data                                    0x2000008d   Section       20  stm32f10x_rcc.o(.data)
    APBAHBPrescTable                         0x2000008d   Data          16  stm32f10x_rcc.o(.data)
    ADCPrescTable                            0x2000009d   Data           4  stm32f10x_rcc.o(.data)
    .data                                    0x200000a1   Section       24  gestures.o(.data)
    .data                                    0x200000bc   Section        6  mgest_stack.o(.data)
    sp                                       0x200000bc   Data           4  mgest_stack.o(.data)
    buff                                     0x200000c0   Data           2  mgest_stack.o(.data)
    .data                                    0x200000c2   Section        2  cc2500.o(.data)
    .bss                                     0x200000c4   Section       10  lpryxxxal.o(.bss)
    .bss                                     0x200000d0   Section      220  main.o(.bss)
    .bss                                     0x200001ac   Section       48  gestures.o(.bss)
    prev_acc                                 0x200001ac   Data          12  gestures.o(.bss)
    acc                                      0x200001b8   Data          12  gestures.o(.bss)
    delta                                    0x200001c4   Data          12  gestures.o(.bss)
    abs_delta                                0x200001d0   Data          12  gestures.o(.bss)
    .bss                                     0x200001dc   Section       96  libspace.o(.bss)
    HEAP                                     0x20000240   Section        0  stm32f10x.o(HEAP)
    STACK                                    0x20000240   Section      512  stm32f10x.o(STACK)
    Heap_Mem                                 0x20000240   Data           0  stm32f10x.o(HEAP)
    Stack_Mem                                0x20000240   Data         512  stm32f10x.o(STACK)
    __initial_sp                             0x20000440   Data           0  stm32f10x.o(STACK)

    Global Symbols

    Symbol Name                              Value     Ov Type        Size  Object(Section)

    BuildAttributes$$THM_ISAv4$P$D$K$B$S$PE$A:L22UL41UL21$X:L11$S22US41US21$IEEE1$IW$USESV6$~STKCKD$USESV7$~SHL$OTIME$ROPI$IEEEX$EBA8$UX$STANDARDLIB$REQ8$PRES8$EABIv2 0x00000000   Number         0  anon$$obj.o ABSOLUTE
    __ARM_use_no_argv                        0x00000000   Number         0  main.o ABSOLUTE
    __ARM_exceptions_init                     - Undefined Weak Reference
    __alloca_initialize                       - Undefined Weak Reference
    __cpp_initialize__aeabi_                  - Undefined Weak Reference
    __cxa_finalize                            - Undefined Weak Reference
    __fpl_infinity                            - Undefined Weak Reference
    __rt_locale                               - Undefined Weak Reference
    __sigvec_lookup                           - Undefined Weak Reference
    _atexit_init                              - Undefined Weak Reference
    _call_atexit_fns                          - Undefined Weak Reference
    _clock_init                               - Undefined Weak Reference
    _fp_trap_init                             - Undefined Weak Reference
    _fp_trap_shutdown                         - Undefined Weak Reference
    _get_lc_collate                           - Undefined Weak Reference
    _get_lc_ctype                             - Undefined Weak Reference
    _get_lc_monetary                          - Undefined Weak Reference
    _get_lc_numeric                           - Undefined Weak Reference
    _get_lc_time                              - Undefined Weak Reference
    _getenv_init                              - Undefined Weak Reference
    _handle_redirection                       - Undefined Weak Reference
    _init_alloc                               - Undefined Weak Reference
    _init_user_alloc                          - Undefined Weak Reference
    _initio                                   - Undefined Weak Reference
    _rand_init                                - Undefined Weak Reference
    _signal_finish                            - Undefined Weak Reference
    _signal_init                              - Undefined Weak Reference
    _terminate_alloc                          - Undefined Weak Reference
    _terminate_user_alloc                     - Undefined Weak Reference
    _terminateio                              - Undefined Weak Reference
    __Vectors                                0x08000000   Data           4  stm32f10x.o(RESET)
    __main                                   0x080000ed   Thumb Code     8  __main.o(!!!main)
    __scatterload                            0x080000f5   Thumb Code     0  __scatter.o(!!!scatter)
    __scatterload_rt2                        0x080000f5   Thumb Code    44  __scatter.o(!!!scatter)
    __scatterload_rt2_thumb_only             0x080000f5   Thumb Code     0  __scatter.o(!!!scatter)
    __scatterload_null                       0x08000103   Thumb Code     0  __scatter.o(!!!scatter)
    __scatterload_copy                       0x08000129   Thumb Code    26  __scatter_copy.o(!!handler_copy)
    __scatterload_zeroinit                   0x08000145   Thumb Code    28  __scatter_zi.o(!!handler_zi)
    __rt_lib_init                            0x08000161   Thumb Code     0  libinit.o(.ARM.Collect$$libinit$$00000000)
    __rt_lib_init_alloca_1                   0x08000167   Thumb Code     0  libinit2.o(.ARM.Collect$$libinit$$0000002A)
    __rt_lib_init_argv_1                     0x08000167   Thumb Code     0  libinit2.o(.ARM.Collect$$libinit$$00000028)
    __rt_lib_init_atexit_1                   0x08000167   Thumb Code     0  libinit2.o(.ARM.Collect$$libinit$$00000017)
    __rt_lib_init_clock_1                    0x08000167   Thumb Code     0  libinit2.o(.ARM.Collect$$libinit$$0000001D)
    __rt_lib_init_cpp_1                      0x08000167   Thumb Code     0  libinit2.o(.ARM.Collect$$libinit$$0000002E)
    __rt_lib_init_exceptions_1               0x08000167   Thumb Code     0  libinit2.o(.ARM.Collect$$libinit$$0000002C)
    __rt_lib_init_fp_trap_1                  0x08000167   Thumb Code     0  libinit2.o(.ARM.Collect$$libinit$$0000001B)
    __rt_lib_init_getenv_1                   0x08000167   Thumb Code     0  libinit2.o(.ARM.Collect$$libinit$$0000001F)
    __rt_lib_init_heap_1                     0x08000167   Thumb Code     0  libinit2.o(.ARM.Collect$$libinit$$00000006)
    __rt_lib_init_lc_collate_1               0x08000167   Thumb Code     0  libinit2.o(.ARM.Collect$$libinit$$0000000D)
    __rt_lib_init_lc_ctype_1                 0x08000167   Thumb Code     0  libinit2.o(.ARM.Collect$$libinit$$0000000F)
    __rt_lib_init_lc_monetary_1              0x08000167   Thumb Code     0  libinit2.o(.ARM.Collect$$libinit$$00000011)
    __rt_lib_init_lc_numeric_1               0x08000167   Thumb Code     0  libinit2.o(.ARM.Collect$$libinit$$00000013)
    __rt_lib_init_lc_time_1                  0x08000167   Thumb Code     0  libinit2.o(.ARM.Collect$$libinit$$00000015)
    __rt_lib_init_rand_1                     0x08000167   Thumb Code     0  libinit2.o(.ARM.Collect$$libinit$$0000000A)
    __rt_lib_init_return                     0x08000167   Thumb Code     0  libinit2.o(.ARM.Collect$$libinit$$0000002F)
    __rt_lib_init_signal_1                   0x08000167   Thumb Code     0  libinit2.o(.ARM.Collect$$libinit$$00000019)
    __rt_lib_init_stdio_1                    0x08000167   Thumb Code     0  libinit2.o(.ARM.Collect$$libinit$$00000021)
    __rt_lib_init_user_alloc_1               0x08000167   Thumb Code     0  libinit2.o(.ARM.Collect$$libinit$$00000008)
    __rt_lib_shutdown                        0x08000169   Thumb Code     0  libshutdown.o(.ARM.Collect$$libshutdown$$00000000)
    __rt_lib_shutdown_fp_trap_1              0x0800016b   Thumb Code     0  libshutdown2.o(.ARM.Collect$$libshutdown$$00000006)
    __rt_lib_shutdown_heap_1                 0x0800016b   Thumb Code     0  libshutdown2.o(.ARM.Collect$$libshutdown$$0000000E)
    __rt_lib_shutdown_return                 0x0800016b   Thumb Code     0  libshutdown2.o(.ARM.Collect$$libshutdown$$0000000F)
    __rt_lib_shutdown_signal_1               0x0800016b   Thumb Code     0  libshutdown2.o(.ARM.Collect$$libshutdown$$00000009)
    __rt_lib_shutdown_stdio_1                0x0800016b   Thumb Code     0  libshutdown2.o(.ARM.Collect$$libshutdown$$00000003)
    __rt_lib_shutdown_user_alloc_1           0x0800016b   Thumb Code     0  libshutdown2.o(.ARM.Collect$$libshutdown$$0000000B)
    __rt_entry                               0x0800016d   Thumb Code     0  rtentry.o(.ARM.Collect$$rtentry$$00000000)
    __rt_entry_presh_1                       0x0800016d   Thumb Code     0  rtentry2.o(.ARM.Collect$$rtentry$$00000002)
    __rt_entry_sh                            0x0800016d   Thumb Code     0  rtentry4.o(.ARM.Collect$$rtentry$$00000004)
    __rt_entry_li                            0x08000173   Thumb Code     0  rtentry2.o(.ARM.Collect$$rtentry$$0000000A)
    __rt_entry_postsh_1                      0x08000173   Thumb Code     0  rtentry2.o(.ARM.Collect$$rtentry$$00000009)
    __rt_entry_main                          0x08000177   Thumb Code     0  rtentry2.o(.ARM.Collect$$rtentry$$0000000D)
    __rt_entry_postli_1                      0x08000177   Thumb Code     0  rtentry2.o(.ARM.Collect$$rtentry$$0000000C)
    __rt_exit                                0x0800017f   Thumb Code     0  rtexit.o(.ARM.Collect$$rtexit$$00000000)
    __rt_exit_ls                             0x08000181   Thumb Code     0  rtexit2.o(.ARM.Collect$$rtexit$$00000003)
    __rt_exit_prels_1                        0x08000181   Thumb Code     0  rtexit2.o(.ARM.Collect$$rtexit$$00000002)
    __rt_exit_exit                           0x08000185   Thumb Code     0  rtexit2.o(.ARM.Collect$$rtexit$$00000004)
    atan_table                               0x0800018d   Thumb Code   186  atan_lut.o(.text)
    LPRYxxxAL_ADC_Init                       0x08000259   Thumb Code   180  lpryxxxal.o(.text)
    LPRYxxxAL_DMA_Init                       0x0800030d   Thumb Code    76  lpryxxxal.o(.text)
    LPRYxxxAL_PD_ST_Init                     0x08000359   Thumb Code    40  lpryxxxal.o(.text)
    LPRYxxxAL_On                             0x08000381   Thumb Code    22  lpryxxxal.o(.text)
    LPRYxxxAL_Off                            0x08000397   Thumb Code    22  lpryxxxal.o(.text)
    LPRYxxxAL_ST_On                          0x080003ad   Thumb Code    22  lpryxxxal.o(.text)
    LPRYxxxAL_ST_Off                         0x080003c3   Thumb Code    22  lpryxxxal.o(.text)
    LPRYxxxAL_Read                           0x080003d9   Thumb Code    92  lpryxxxal.o(.text)
    LPRYxxxAL_Read_Rate                      0x08000435   Thumb Code   126  lpryxxxal.o(.text)
    LPRYxxxAL_Read_RawRate                   0x080004b3   Thumb Code    56  lpryxxxal.o(.text)
    LSM303DLH_I2C_Init                       0x0800050d   Thumb Code   104  lsm303dlh.o(.text)
    LSM303DLH_I2C_ByteWrite                  0x08000575   Thumb Code   112  lsm303dlh.o(.text)
    LSM303DLH_I2C_BufferRead                 0x080005e5   Thumb Code   218  lsm303dlh.o(.text)
    LSM303DLH_Acc_Config                     0x080006bf   Thumb Code    68  lsm303dlh.o(.text)
    LSM303DLH_Acc_Filter_Config              0x08000703   Thumb Code    60  lsm303dlh.o(.text)
    LSM303DLH_Acc_Lowpower_Cmd               0x0800073f   Thumb Code    46  lsm303dlh.o(.text)
    LSM303DLH_Acc_DataRate_Cmd               0x0800076d   Thumb Code    46  lsm303dlh.o(.text)
    LSM303DLH_Acc_FullScale_Cmd              0x0800079b   Thumb Code    46  lsm303dlh.o(.text)
    LSM303DLH_Acc_Reboot_Cmd                 0x080007c9   Thumb Code    36  lsm303dlh.o(.text)
    LSM_Acc_Read_OutReg                      0x080007ed   Thumb Code    18  lsm303dlh.o(.text)
    LSM303DLH_Acc_Read_RawData               0x080007ff   Thumb Code   186  lsm303dlh.o(.text)
    LSM303DLH_Acc_Read_Acc                   0x080008b9   Thumb Code   538  lsm303dlh.o(.text)
    LSM303DLH_Magn_Config                    0x08000ad3   Thumb Code    78  lsm303dlh.o(.text)
    LSM303DLH_Magn_ReadOut                   0x08000b21   Thumb Code    18  lsm303dlh.o(.text)
    LSM303DLH_Magn_Read_Magn                 0x08000b33   Thumb Code   686  lsm303dlh.o(.text)
    LSM303DLH_Magn_Read_RawData              0x08000de1   Thumb Code    50  lsm303dlh.o(.text)
    update_Orientation                       0x08000e15   Thumb Code  1610  main.o(.text)
    initTIM                                  0x0800145f   Thumb Code    86  main.o(.text)
    initAccGyro                              0x080014b5   Thumb Code    52  main.o(.text)
    main                                     0x080014e9   Thumb Code    80  main.o(.text)
    TIM2_IRQHandler                          0x08001539   Thumb Code    76  main.o(.text)
    NVIC_PriorityGroupConfig                 0x080015f5   Thumb Code    10  misc.o(.text)
    NVIC_Init                                0x080015ff   Thumb Code   118  misc.o(.text)
    NVIC_SetVectorTable                      0x08001675   Thumb Code    12  misc.o(.text)
    NVIC_SystemLPConfig                      0x08001681   Thumb Code    38  misc.o(.text)
    SysTick_CLKSourceConfig                  0x080016a7   Thumb Code    40  misc.o(.text)
    ADC_DeInit                               0x080016ed   Thumb Code    78  stm32f10x_adc.o(.text)
    ADC_Init                                 0x0800173b   Thumb Code    70  stm32f10x_adc.o(.text)
    ADC_StructInit                           0x08001781   Thumb Code    18  stm32f10x_adc.o(.text)
    ADC_Cmd                                  0x08001793   Thumb Code    22  stm32f10x_adc.o(.text)
    ADC_DMACmd                               0x080017a9   Thumb Code    22  stm32f10x_adc.o(.text)
    ADC_ITConfig                             0x080017bf   Thumb Code    24  stm32f10x_adc.o(.text)
    ADC_ResetCalibration                     0x080017d7   Thumb Code    10  stm32f10x_adc.o(.text)
    ADC_GetResetCalibrationStatus            0x080017e1   Thumb Code    20  stm32f10x_adc.o(.text)
    ADC_StartCalibration                     0x080017f5   Thumb Code    10  stm32f10x_adc.o(.text)
    ADC_GetCalibrationStatus                 0x080017ff   Thumb Code    20  stm32f10x_adc.o(.text)
    ADC_SoftwareStartConvCmd                 0x08001813   Thumb Code    22  stm32f10x_adc.o(.text)
    ADC_GetSoftwareStartConvStatus           0x08001829   Thumb Code    20  stm32f10x_adc.o(.text)
    ADC_DiscModeChannelCountConfig           0x0800183d   Thumb Code    24  stm32f10x_adc.o(.text)
    ADC_DiscModeCmd                          0x08001855   Thumb Code    22  stm32f10x_adc.o(.text)
    ADC_RegularChannelConfig                 0x0800186b   Thumb Code   184  stm32f10x_adc.o(.text)
    ADC_ExternalTrigConvCmd                  0x08001923   Thumb Code    22  stm32f10x_adc.o(.text)
    ADC_GetConversionValue                   0x08001939   Thumb Code     8  stm32f10x_adc.o(.text)
    ADC_GetDualModeConversionValue           0x08001941   Thumb Code     6  stm32f10x_adc.o(.text)
    ADC_AutoInjectedConvCmd                  0x08001947   Thumb Code    22  stm32f10x_adc.o(.text)
    ADC_InjectedDiscModeCmd                  0x0800195d   Thumb Code    22  stm32f10x_adc.o(.text)
    ADC_ExternalTrigInjectedConvConfig       0x08001973   Thumb Code    16  stm32f10x_adc.o(.text)
    ADC_ExternalTrigInjectedConvCmd          0x08001983   Thumb Code    22  stm32f10x_adc.o(.text)
    ADC_SoftwareStartInjectedConvCmd         0x08001999   Thumb Code    22  stm32f10x_adc.o(.text)
    ADC_GetSoftwareStartInjectedConvCmdStatus 0x080019af   Thumb Code    20  stm32f10x_adc.o(.text)
    ADC_InjectedChannelConfig                0x080019c3   Thumb Code   130  stm32f10x_adc.o(.text)
    ADC_InjectedSequencerLengthConfig        0x08001a45   Thumb Code    24  stm32f10x_adc.o(.text)
    ADC_SetInjectedOffset                    0x08001a5d   Thumb Code    12  stm32f10x_adc.o(.text)
    ADC_GetInjectedConversionValue           0x08001a69   Thumb Code    18  stm32f10x_adc.o(.text)
    ADC_AnalogWatchdogCmd                    0x08001a7b   Thumb Code    16  stm32f10x_adc.o(.text)
    ADC_AnalogWatchdogThresholdsConfig       0x08001a8b   Thumb Code     6  stm32f10x_adc.o(.text)
    ADC_AnalogWatchdogSingleChannelConfig    0x08001a91   Thumb Code    16  stm32f10x_adc.o(.text)
    ADC_TempSensorVrefintCmd                 0x08001aa1   Thumb Code    34  stm32f10x_adc.o(.text)
    ADC_GetFlagStatus                        0x08001ac3   Thumb Code    54  stm32f10x_adc.o(.text)
    ADC_ClearFlag                            0x08001af9   Thumb Code     6  stm32f10x_adc.o(.text)
    ADC_GetITStatus                          0x08001aff   Thumb Code    36  stm32f10x_adc.o(.text)
    ADC_ClearITPendingBit                    0x08001b23   Thumb Code    10  stm32f10x_adc.o(.text)
    DMA_DeInit                               0x08001b2d   Thumb Code   318  stm32f10x_dma.o(.text)
    DMA_Init                                 0x08001c6b   Thumb Code    60  stm32f10x_dma.o(.text)
    DMA_StructInit                           0x08001ca7   Thumb Code    26  stm32f10x_dma.o(.text)
    DMA_Cmd                                  0x08001cc1   Thumb Code    22  stm32f10x_dma.o(.text)
    DMA_ITConfig                             0x08001cd7   Thumb Code    18  stm32f10x_dma.o(.text)
    DMA_GetCurrDataCounter                   0x08001ce9   Thumb Code     8  stm32f10x_dma.o(.text)
    DMA_GetFlagStatus                        0x08001cf1   Thumb Code    34  stm32f10x_dma.o(.text)
    DMA_ClearFlag                            0x08001d13   Thumb Code    18  stm32f10x_dma.o(.text)
    DMA_GetITStatus                          0x08001d25   Thumb Code    34  stm32f10x_dma.o(.text)
    DMA_ClearITPendingBit                    0x08001d47   Thumb Code    18  stm32f10x_dma.o(.text)
    GPIO_DeInit                              0x08001d6d   Thumb Code   172  stm32f10x_gpio.o(.text)
    GPIO_AFIODeInit                          0x08001e19   Thumb Code    20  stm32f10x_gpio.o(.text)
    GPIO_Init                                0x08001e2d   Thumb Code   274  stm32f10x_gpio.o(.text)
    GPIO_StructInit                          0x08001f3f   Thumb Code    16  stm32f10x_gpio.o(.text)
    GPIO_ReadInputDataBit                    0x08001f4f   Thumb Code    18  stm32f10x_gpio.o(.text)
    GPIO_ReadInputData                       0x08001f61   Thumb Code     8  stm32f10x_gpio.o(.text)
    GPIO_ReadOutputDataBit                   0x08001f69   Thumb Code    18  stm32f10x_gpio.o(.text)
    GPIO_ReadOutputData                      0x08001f7b   Thumb Code     8  stm32f10x_gpio.o(.text)
    GPIO_SetBits                             0x08001f83   Thumb Code     4  stm32f10x_gpio.o(.text)
    GPIO_ResetBits                           0x08001f87   Thumb Code     4  stm32f10x_gpio.o(.text)
    GPIO_WriteBit                            0x08001f8b   Thumb Code    10  stm32f10x_gpio.o(.text)
    GPIO_Write                               0x08001f95   Thumb Code     4  stm32f10x_gpio.o(.text)
    GPIO_PinLockConfig                       0x08001f99   Thumb Code    18  stm32f10x_gpio.o(.text)
    GPIO_EventOutputConfig                   0x08001fab   Thumb Code    26  stm32f10x_gpio.o(.text)
    GPIO_EventOutputCmd                      0x08001fc5   Thumb Code     6  stm32f10x_gpio.o(.text)
    GPIO_PinRemapConfig                      0x08001fcb   Thumb Code   138  stm32f10x_gpio.o(.text)
    GPIO_EXTILineConfig                      0x08002055   Thumb Code    66  stm32f10x_gpio.o(.text)
    GPIO_ETH_MediaInterfaceConfig            0x08002097   Thumb Code     6  stm32f10x_gpio.o(.text)
    I2C_DeInit                               0x080020c5   Thumb Code    50  stm32f10x_i2c.o(.text)
    I2C_Init                                 0x080020f7   Thumb Code   222  stm32f10x_i2c.o(.text)
    I2C_StructInit                           0x080021d5   Thumb Code    30  stm32f10x_i2c.o(.text)
    I2C_Cmd                                  0x080021f3   Thumb Code    24  stm32f10x_i2c.o(.text)
    I2C_DMACmd                               0x0800220b   Thumb Code    24  stm32f10x_i2c.o(.text)
    I2C_DMALastTransferCmd                   0x08002223   Thumb Code    24  stm32f10x_i2c.o(.text)
    I2C_GenerateSTART                        0x0800223b   Thumb Code    24  stm32f10x_i2c.o(.text)
    I2C_GenerateSTOP                         0x08002253   Thumb Code    24  stm32f10x_i2c.o(.text)
    I2C_AcknowledgeConfig                    0x0800226b   Thumb Code    24  stm32f10x_i2c.o(.text)
    I2C_OwnAddress2Config                    0x08002283   Thumb Code    22  stm32f10x_i2c.o(.text)
    I2C_DualAddressCmd                       0x08002299   Thumb Code    24  stm32f10x_i2c.o(.text)
    I2C_GeneralCallCmd                       0x080022b1   Thumb Code    24  stm32f10x_i2c.o(.text)
    I2C_ITConfig                             0x080022c9   Thumb Code    24  stm32f10x_i2c.o(.text)
    I2C_SendData                             0x080022e1   Thumb Code     4  stm32f10x_i2c.o(.text)
    I2C_ReceiveData                          0x080022e5   Thumb Code     8  stm32f10x_i2c.o(.text)
    I2C_Send7bitAddress                      0x080022ed   Thumb Code    18  stm32f10x_i2c.o(.text)
    I2C_ReadRegister                         0x080022ff   Thumb Code    12  stm32f10x_i2c.o(.text)
    I2C_SoftwareResetCmd                     0x0800230b   Thumb Code    22  stm32f10x_i2c.o(.text)
    I2C_SMBusAlertConfig                     0x08002321   Thumb Code    28  stm32f10x_i2c.o(.text)
    I2C_TransmitPEC                          0x0800233d   Thumb Code    24  stm32f10x_i2c.o(.text)
    I2C_PECPositionConfig                    0x08002355   Thumb Code    28  stm32f10x_i2c.o(.text)
    I2C_CalculatePEC                         0x08002371   Thumb Code    24  stm32f10x_i2c.o(.text)
    I2C_GetPEC                               0x08002389   Thumb Code     8  stm32f10x_i2c.o(.text)
    I2C_ARPCmd                               0x08002391   Thumb Code    24  stm32f10x_i2c.o(.text)
    I2C_StretchClockCmd                      0x080023a9   Thumb Code    24  stm32f10x_i2c.o(.text)
    I2C_FastModeDutyCycleConfig              0x080023c1   Thumb Code    28  stm32f10x_i2c.o(.text)
    I2C_CheckEvent                           0x080023dd   Thumb Code    42  stm32f10x_i2c.o(.text)
    I2C_GetLastEvent                         0x08002407   Thumb Code    26  stm32f10x_i2c.o(.text)
    I2C_GetFlagStatus                        0x08002421   Thumb Code    42  stm32f10x_i2c.o(.text)
    I2C_ClearFlag                            0x0800244b   Thumb Code    12  stm32f10x_i2c.o(.text)
    I2C_GetITStatus                          0x08002457   Thumb Code    38  stm32f10x_i2c.o(.text)
    I2C_ClearITPendingBit                    0x0800247d   Thumb Code    12  stm32f10x_i2c.o(.text)
    RCC_DeInit                               0x08002499   Thumb Code    64  stm32f10x_rcc.o(.text)
    RCC_HSEConfig                            0x080024d9   Thumb Code    70  stm32f10x_rcc.o(.text)
    RCC_GetFlagStatus                        0x0800251f   Thumb Code    56  stm32f10x_rcc.o(.text)
    RCC_WaitForHSEStartUp                    0x08002557   Thumb Code    48  stm32f10x_rcc.o(.text)
    RCC_AdjustHSICalibrationValue            0x08002587   Thumb Code    20  stm32f10x_rcc.o(.text)
    RCC_HSICmd                               0x0800259b   Thumb Code     6  stm32f10x_rcc.o(.text)
    RCC_PLLConfig                            0x080025a1   Thumb Code    24  stm32f10x_rcc.o(.text)
    RCC_PLLCmd                               0x080025b9   Thumb Code     6  stm32f10x_rcc.o(.text)
    RCC_SYSCLKConfig                         0x080025bf   Thumb Code    18  stm32f10x_rcc.o(.text)
    RCC_GetSYSCLKSource                      0x080025d1   Thumb Code    10  stm32f10x_rcc.o(.text)
    RCC_HCLKConfig                           0x080025db   Thumb Code    18  stm32f10x_rcc.o(.text)
    RCC_PCLK1Config                          0x080025ed   Thumb Code    18  stm32f10x_rcc.o(.text)
    RCC_PCLK2Config                          0x080025ff   Thumb Code    20  stm32f10x_rcc.o(.text)
    RCC_ITConfig                             0x08002613   Thumb Code    30  stm32f10x_rcc.o(.text)
    RCC_USBCLKConfig                         0x08002631   Thumb Code     6  stm32f10x_rcc.o(.text)
    RCC_ADCCLKConfig                         0x08002637   Thumb Code    18  stm32f10x_rcc.o(.text)
    RCC_LSEConfig                            0x08002649   Thumb Code    44  stm32f10x_rcc.o(.text)
    RCC_LSICmd                               0x08002675   Thumb Code     6  stm32f10x_rcc.o(.text)
    RCC_RTCCLKConfig                         0x0800267b   Thumb Code    12  stm32f10x_rcc.o(.text)
    RCC_RTCCLKCmd                            0x08002687   Thumb Code     6  stm32f10x_rcc.o(.text)
    RCC_GetClocksFreq                        0x0800268d   Thumb Code   192  stm32f10x_rcc.o(.text)
    RCC_AHBPeriphClockCmd                    0x0800274d   Thumb Code    26  stm32f10x_rcc.o(.text)
    RCC_APB2PeriphClockCmd                   0x08002767   Thumb Code    26  stm32f10x_rcc.o(.text)
    RCC_APB1PeriphClockCmd                   0x08002781   Thumb Code    26  stm32f10x_rcc.o(.text)
    RCC_APB2PeriphResetCmd                   0x0800279b   Thumb Code    26  stm32f10x_rcc.o(.text)
    RCC_APB1PeriphResetCmd                   0x080027b5   Thumb Code    26  stm32f10x_rcc.o(.text)
    RCC_BackupResetCmd                       0x080027cf   Thumb Code     6  stm32f10x_rcc.o(.text)
    RCC_ClockSecuritySystemCmd               0x080027d5   Thumb Code     6  stm32f10x_rcc.o(.text)
    RCC_MCOConfig                            0x080027db   Thumb Code     6  stm32f10x_rcc.o(.text)
    RCC_ClearFlag                            0x080027e1   Thumb Code    14  stm32f10x_rcc.o(.text)
    RCC_GetITStatus                          0x080027ef   Thumb Code    20  stm32f10x_rcc.o(.text)
    RCC_ClearITPendingBit                    0x08002803   Thumb Code     6  stm32f10x_rcc.o(.text)
    TIM_DeInit                               0x0800283d   Thumb Code   424  stm32f10x_tim.o(.text)
    TIM_TimeBaseInit                         0x080029e5   Thumb Code   122  stm32f10x_tim.o(.text)
    TIM_OC1Init                              0x08002a5f   Thumb Code   132  stm32f10x_tim.o(.text)
    TIM_OC2Init                              0x08002ae3   Thumb Code   146  stm32f10x_tim.o(.text)
    TIM_OC3Init                              0x08002b75   Thumb Code   142  stm32f10x_tim.o(.text)
    TIM_OC4Init                              0x08002c03   Thumb Code   172  stm32f10x_tim.o(.text)
    TIM_SetIC4Prescaler                      0x08002caf   Thumb Code    22  stm32f10x_tim.o(.text)
    TIM_SetIC3Prescaler                      0x08002d09   Thumb Code    18  stm32f10x_tim.o(.text)
    TIM_SetIC2Prescaler                      0x08002d5b   Thumb Code    22  stm32f10x_tim.o(.text)
    TIM_SetIC1Prescaler                      0x08002db5   Thumb Code    18  stm32f10x_tim.o(.text)
    TIM_ICInit                               0x08002dfd   Thumb Code   110  stm32f10x_tim.o(.text)
    TIM_PWMIConfig                           0x08002e6b   Thumb Code   124  stm32f10x_tim.o(.text)
    TIM_BDTRConfig                           0x08002ee7   Thumb Code    32  stm32f10x_tim.o(.text)
    TIM_TimeBaseStructInit                   0x08002f07   Thumb Code    18  stm32f10x_tim.o(.text)
    TIM_OCStructInit                         0x08002f19   Thumb Code    20  stm32f10x_tim.o(.text)
    TIM_ICStructInit                         0x08002f2d   Thumb Code    18  stm32f10x_tim.o(.text)
    TIM_BDTRStructInit                       0x08002f3f   Thumb Code    18  stm32f10x_tim.o(.text)
    TIM_Cmd                                  0x08002f51   Thumb Code    24  stm32f10x_tim.o(.text)
    TIM_CtrlPWMOutputs                       0x08002f69   Thumb Code    30  stm32f10x_tim.o(.text)
    TIM_ITConfig                             0x08002f87   Thumb Code    24  stm32f10x_tim.o(.text)
    TIM_GenerateEvent                        0x08002f9f   Thumb Code     4  stm32f10x_tim.o(.text)
    TIM_DMAConfig                            0x08002fa3   Thumb Code    10  stm32f10x_tim.o(.text)
    TIM_DMACmd                               0x08002fad   Thumb Code    24  stm32f10x_tim.o(.text)
    TIM_InternalClockConfig                  0x08002fc5   Thumb Code    12  stm32f10x_tim.o(.text)
    TIM_SelectInputTrigger                   0x08002fd1   Thumb Code    18  stm32f10x_tim.o(.text)
    TIM_ITRxExternalClockConfig              0x08002fe3   Thumb Code    24  stm32f10x_tim.o(.text)
    TIM_TIxExternalClockConfig               0x08002ffb   Thumb Code    62  stm32f10x_tim.o(.text)
    TIM_ETRConfig                            0x08003039   Thumb Code    24  stm32f10x_tim.o(.text)
    TIM_ETRClockMode1Config                  0x08003051   Thumb Code    64  stm32f10x_tim.o(.text)
    TIM_ETRClockMode2Config                  0x08003091   Thumb Code    32  stm32f10x_tim.o(.text)
    TIM_PrescalerConfig                      0x080030b1   Thumb Code     6  stm32f10x_tim.o(.text)
    TIM_CounterModeConfig                    0x080030b7   Thumb Code    18  stm32f10x_tim.o(.text)
    TIM_EncoderInterfaceConfig               0x080030c9   Thumb Code    62  stm32f10x_tim.o(.text)
    TIM_ForcedOC1Config                      0x08003107   Thumb Code    18  stm32f10x_tim.o(.text)
    TIM_ForcedOC2Config                      0x08003119   Thumb Code    22  stm32f10x_tim.o(.text)
    TIM_ForcedOC3Config                      0x0800312f   Thumb Code    18  stm32f10x_tim.o(.text)
    TIM_ForcedOC4Config                      0x08003141   Thumb Code    22  stm32f10x_tim.o(.text)
    TIM_ARRPreloadConfig                     0x08003157   Thumb Code    24  stm32f10x_tim.o(.text)
    TIM_SelectCOM                            0x0800316f   Thumb Code    24  stm32f10x_tim.o(.text)
    TIM_SelectCCDMA                          0x08003187   Thumb Code    24  stm32f10x_tim.o(.text)
    TIM_CCPreloadControl                     0x0800319f   Thumb Code    24  stm32f10x_tim.o(.text)
    TIM_OC1PreloadConfig                     0x080031b7   Thumb Code    18  stm32f10x_tim.o(.text)
    TIM_OC2PreloadConfig                     0x080031c9   Thumb Code    22  stm32f10x_tim.o(.text)
    TIM_OC3PreloadConfig                     0x080031df   Thumb Code    18  stm32f10x_tim.o(.text)
    TIM_OC4PreloadConfig                     0x080031f1   Thumb Code    22  stm32f10x_tim.o(.text)
    TIM_OC1FastConfig                        0x08003207   Thumb Code    18  stm32f10x_tim.o(.text)
    TIM_OC2FastConfig                        0x08003219   Thumb Code    22  stm32f10x_tim.o(.text)
    TIM_OC3FastConfig                        0x0800322f   Thumb Code    18  stm32f10x_tim.o(.text)
    TIM_OC4FastConfig                        0x08003241   Thumb Code    22  stm32f10x_tim.o(.text)
    TIM_ClearOC1Ref                          0x08003257   Thumb Code    18  stm32f10x_tim.o(.text)
    TIM_ClearOC2Ref                          0x08003269   Thumb Code    20  stm32f10x_tim.o(.text)
    TIM_ClearOC3Ref                          0x0800327d   Thumb Code    18  stm32f10x_tim.o(.text)
    TIM_ClearOC4Ref                          0x0800328f   Thumb Code    20  stm32f10x_tim.o(.text)
    TIM_OC1PolarityConfig                    0x080032a3   Thumb Code    18  stm32f10x_tim.o(.text)
    TIM_OC1NPolarityConfig                   0x080032b5   Thumb Code    18  stm32f10x_tim.o(.text)
    TIM_OC2PolarityConfig                    0x080032c7   Thumb Code    22  stm32f10x_tim.o(.text)
    TIM_OC2NPolarityConfig                   0x080032dd   Thumb Code    22  stm32f10x_tim.o(.text)
    TIM_OC3PolarityConfig                    0x080032f3   Thumb Code    22  stm32f10x_tim.o(.text)
    TIM_OC3NPolarityConfig                   0x08003309   Thumb Code    22  stm32f10x_tim.o(.text)
    TIM_OC4PolarityConfig                    0x0800331f   Thumb Code    22  stm32f10x_tim.o(.text)
    TIM_CCxCmd                               0x08003335   Thumb Code    34  stm32f10x_tim.o(.text)
    TIM_CCxNCmd                              0x08003357   Thumb Code    34  stm32f10x_tim.o(.text)
    TIM_SelectOCxM                           0x08003379   Thumb Code    82  stm32f10x_tim.o(.text)
    TIM_UpdateDisableConfig                  0x080033cb   Thumb Code    24  stm32f10x_tim.o(.text)
    TIM_UpdateRequestConfig                  0x080033e3   Thumb Code    24  stm32f10x_tim.o(.text)
    TIM_SelectHallSensor                     0x080033fb   Thumb Code    24  stm32f10x_tim.o(.text)
    TIM_SelectOnePulseMode                   0x08003413   Thumb Code    18  stm32f10x_tim.o(.text)
    TIM_SelectOutputTrigger                  0x08003425   Thumb Code    18  stm32f10x_tim.o(.text)
    TIM_SelectSlaveMode                      0x08003437   Thumb Code    18  stm32f10x_tim.o(.text)
    TIM_SelectMasterSlaveMode                0x08003449   Thumb Code    18  stm32f10x_tim.o(.text)
    TIM_SetCounter                           0x0800345b   Thumb Code     4  stm32f10x_tim.o(.text)
    TIM_SetAutoreload                        0x0800345f   Thumb Code     4  stm32f10x_tim.o(.text)
    TIM_SetCompare1                          0x08003463   Thumb Code     4  stm32f10x_tim.o(.text)
    TIM_SetCompare2                          0x08003467   Thumb Code     4  stm32f10x_tim.o(.text)
    TIM_SetCompare3                          0x0800346b   Thumb Code     4  stm32f10x_tim.o(.text)
    TIM_SetCompare4                          0x0800346f   Thumb Code     6  stm32f10x_tim.o(.text)
    TIM_SetClockDivision                     0x08003475   Thumb Code    18  stm32f10x_tim.o(.text)
    TIM_GetCapture1                          0x08003487   Thumb Code     6  stm32f10x_tim.o(.text)
    TIM_GetCapture2                          0x0800348d   Thumb Code     6  stm32f10x_tim.o(.text)
    TIM_GetCapture3                          0x08003493   Thumb Code     6  stm32f10x_tim.o(.text)
    TIM_GetCapture4                          0x08003499   Thumb Code     8  stm32f10x_tim.o(.text)
    TIM_GetCounter                           0x080034a1   Thumb Code     6  stm32f10x_tim.o(.text)
    TIM_GetPrescaler                         0x080034a7   Thumb Code     6  stm32f10x_tim.o(.text)
    TIM_GetFlagStatus                        0x080034ad   Thumb Code    18  stm32f10x_tim.o(.text)
    TIM_ClearFlag                            0x080034bf   Thumb Code     6  stm32f10x_tim.o(.text)
    TIM_GetITStatus                          0x080034c5   Thumb Code    34  stm32f10x_tim.o(.text)
    TIM_ClearITPendingBit                    0x080034e7   Thumb Code     6  stm32f10x_tim.o(.text)
    Reset_Handler                            0x080034ed   Thumb Code     4  stm32f10x.o(.text)
    NMI_Handler                              0x080034f1   Thumb Code     2  stm32f10x.o(.text)
    HardFault_Handler                        0x080034f3   Thumb Code     2  stm32f10x.o(.text)
    MemManage_Handler                        0x080034f5   Thumb Code     2  stm32f10x.o(.text)
    BusFault_Handler                         0x080034f7   Thumb Code     2  stm32f10x.o(.text)
    UsageFault_Handler                       0x080034f9   Thumb Code     2  stm32f10x.o(.text)
    SVC_Handler                              0x080034fb   Thumb Code     2  stm32f10x.o(.text)
    DebugMon_Handler                         0x080034fd   Thumb Code     2  stm32f10x.o(.text)
    PendSV_Handler                           0x080034ff   Thumb Code     2  stm32f10x.o(.text)
    SysTick_Handler                          0x08003501   Thumb Code     2  stm32f10x.o(.text)
    ADC_IRQHandler                           0x08003503   Thumb Code     0  stm32f10x.o(.text)
    CAN_RX1_IRQHandler                       0x08003503   Thumb Code     0  stm32f10x.o(.text)
    CAN_SCE_IRQHandler                       0x08003503   Thumb Code     0  stm32f10x.o(.text)
    DMAChannel1_IRQHandler                   0x08003503   Thumb Code     0  stm32f10x.o(.text)
    DMAChannel2_IRQHandler                   0x08003503   Thumb Code     0  stm32f10x.o(.text)
    DMAChannel3_IRQHandler                   0x08003503   Thumb Code     0  stm32f10x.o(.text)
    DMAChannel4_IRQHandler                   0x08003503   Thumb Code     0  stm32f10x.o(.text)
    DMAChannel5_IRQHandler                   0x08003503   Thumb Code     0  stm32f10x.o(.text)
    DMAChannel6_IRQHandler                   0x08003503   Thumb Code     0  stm32f10x.o(.text)
    DMAChannel7_IRQHandler                   0x08003503   Thumb Code     0  stm32f10x.o(.text)
    EXTI0_IRQHandler                         0x08003503   Thumb Code     0  stm32f10x.o(.text)
    EXTI15_10_IRQHandler                     0x08003503   Thumb Code     0  stm32f10x.o(.text)
    EXTI1_IRQHandler                         0x08003503   Thumb Code     0  stm32f10x.o(.text)
    EXTI2_IRQHandler                         0x08003503   Thumb Code     0  stm32f10x.o(.text)
    EXTI3_IRQHandler                         0x08003503   Thumb Code     0  stm32f10x.o(.text)
    EXTI4_IRQHandler                         0x08003503   Thumb Code     0  stm32f10x.o(.text)
    EXTI9_5_IRQHandler                       0x08003503   Thumb Code     0  stm32f10x.o(.text)
    FLASH_IRQHandler                         0x08003503   Thumb Code     0  stm32f10x.o(.text)
    I2C1_ER_IRQHandler                       0x08003503   Thumb Code     0  stm32f10x.o(.text)
    I2C1_EV_IRQHandler                       0x08003503   Thumb Code     0  stm32f10x.o(.text)
    I2C2_ER_IRQHandler                       0x08003503   Thumb Code     0  stm32f10x.o(.text)
    I2C2_EV_IRQHandler                       0x08003503   Thumb Code     0  stm32f10x.o(.text)
    PVD_IRQHandler                           0x08003503   Thumb Code     0  stm32f10x.o(.text)
    RCC_IRQHandler                           0x08003503   Thumb Code     0  stm32f10x.o(.text)
    RTCAlarm_IRQHandler                      0x08003503   Thumb Code     0  stm32f10x.o(.text)
    RTC_IRQHandler                           0x08003503   Thumb Code     0  stm32f10x.o(.text)
    SPI1_IRQHandler                          0x08003503   Thumb Code     0  stm32f10x.o(.text)
    SPI2_IRQHandler                          0x08003503   Thumb Code     0  stm32f10x.o(.text)
    TAMPER_IRQHandler                        0x08003503   Thumb Code     0  stm32f10x.o(.text)
    TIM1_BRK_IRQHandler                      0x08003503   Thumb Code     0  stm32f10x.o(.text)
    TIM1_CC_IRQHandler                       0x08003503   Thumb Code     0  stm32f10x.o(.text)
    TIM1_TRG_COM_IRQHandler                  0x08003503   Thumb Code     0  stm32f10x.o(.text)
    TIM1_UP_IRQHandler                       0x08003503   Thumb Code     0  stm32f10x.o(.text)
    TIM3_IRQHandler                          0x08003503   Thumb Code     0  stm32f10x.o(.text)
    TIM4_IRQHandler                          0x08003503   Thumb Code     0  stm32f10x.o(.text)
    USART1_IRQHandler                        0x08003503   Thumb Code     0  stm32f10x.o(.text)
    USART2_IRQHandler                        0x08003503   Thumb Code     0  stm32f10x.o(.text)
    USART3_IRQHandler                        0x08003503   Thumb Code     0  stm32f10x.o(.text)
    USBWakeUp_IRQHandler                     0x08003503   Thumb Code     0  stm32f10x.o(.text)
    USB_HP_CAN_TX_IRQHandler                 0x08003503   Thumb Code     0  stm32f10x.o(.text)
    USB_LP_CAN_RX0_IRQHandler                0x08003503   Thumb Code     0  stm32f10x.o(.text)
    WWDG_IRQHandler                          0x08003503   Thumb Code     0  stm32f10x.o(.text)
    __user_initial_stackheap                 0x08003505   Thumb Code     0  stm32f10x.o(.text)
    updateGesture                            0x08003521   Thumb Code   426  gestures.o(.text)
    push                                     0x0800370b   Thumb Code    34  mgest_stack.o(.text)
    pop                                      0x0800372d   Thumb Code    34  mgest_stack.o(.text)
    peek                                     0x0800374f   Thumb Code    30  mgest_stack.o(.text)
    intelligent_push                         0x0800376d   Thumb Code    40  mgest_stack.o(.text)
    process_symbol                           0x08003795   Thumb Code   108  mgest_stack.o(.text)
    RF_Reset                                 0x0800380d   Thumb Code    10  cc2500.o(.text)
    RF_Config                                0x08003817   Thumb Code   312  cc2500.o(.text)
    RF_Verify_Config                         0x0800394f   Thumb Code   322  cc2500.o(.text)
    RF_GetChipStatus                         0x08003a91   Thumb Code    10  cc2500.o(.text)
    RF_SetToRXMode                           0x08003a9b   Thumb Code    10  cc2500.o(.text)
    RF_SetToTXMode                           0x08003aa5   Thumb Code    10  cc2500.o(.text)
    RF_FlushRXMode                           0x08003aaf   Thumb Code    10  cc2500.o(.text)
    RF_FlushTXMode                           0x08003ab9   Thumb Code    10  cc2500.o(.text)
    RF_SetToIdleMode                         0x08003ac3   Thumb Code    10  cc2500.o(.text)
    RF_Transmit                              0x08003acd   Thumb Code    56  cc2500.o(.text)
    RF_Receive                               0x08003b05   Thumb Code    90  cc2500.o(.text)
    drop_css                                 0x08003b65   Thumb Code    28  spi_protocol.o(.text)
    raise_css                                0x08003b81   Thumb Code    28  spi_protocol.o(.text)
    SPI_Write                                0x08003b9d   Thumb Code    40  spi_protocol.o(.text)
    SPI_Read                                 0x08003bc5   Thumb Code    48  spi_protocol.o(.text)
    SPI_Command                              0x08003bf5   Thumb Code    54  spi_protocol.o(.text)
    SPI_Configuration                        0x08003c2b   Thumb Code   154  spi_protocol.o(.text)
    SPI_I2S_DeInit                           0x08003ccd   Thumb Code    76  stm32f10x_spi.o(.text)
    SPI_Init                                 0x08003d19   Thumb Code    60  stm32f10x_spi.o(.text)
    I2S_Init                                 0x08003d55   Thumb Code   222  stm32f10x_spi.o(.text)
    SPI_StructInit                           0x08003e33   Thumb Code    24  stm32f10x_spi.o(.text)
    I2S_StructInit                           0x08003e4b   Thumb Code    20  stm32f10x_spi.o(.text)
    SPI_Cmd                                  0x08003e5f   Thumb Code    24  stm32f10x_spi.o(.text)
    I2S_Cmd                                  0x08003e77   Thumb Code    24  stm32f10x_spi.o(.text)
    SPI_I2S_ITConfig                         0x08003e8f   Thumb Code    36  stm32f10x_spi.o(.text)
    SPI_I2S_DMACmd                           0x08003eb3   Thumb Code    24  stm32f10x_spi.o(.text)
    SPI_I2S_SendData                         0x08003ecb   Thumb Code     4  stm32f10x_spi.o(.text)
    SPI_I2S_ReceiveData                      0x08003ecf   Thumb Code     6  stm32f10x_spi.o(.text)
    SPI_NSSInternalSoftwareConfig            0x08003ed5   Thumb Code    30  stm32f10x_spi.o(.text)
    SPI_SSOutputCmd                          0x08003ef3   Thumb Code    24  stm32f10x_spi.o(.text)
    SPI_DataSizeConfig                       0x08003f0b   Thumb Code    18  stm32f10x_spi.o(.text)
    SPI_TransmitCRC                          0x08003f1d   Thumb Code    10  stm32f10x_spi.o(.text)
    SPI_CalculateCRC                         0x08003f27   Thumb Code    24  stm32f10x_spi.o(.text)
    SPI_GetCRC                               0x08003f3f   Thumb Code    16  stm32f10x_spi.o(.text)
    SPI_GetCRCPolynomial                     0x08003f4f   Thumb Code     6  stm32f10x_spi.o(.text)
    SPI_BiDirectionalLineConfig              0x08003f55   Thumb Code    28  stm32f10x_spi.o(.text)
    SPI_I2S_GetFlagStatus                    0x08003f71   Thumb Code    18  stm32f10x_spi.o(.text)
    SPI_I2S_ClearFlag                        0x08003f83   Thumb Code     6  stm32f10x_spi.o(.text)
    SPI_I2S_GetITStatus                      0x08003f89   Thumb Code    52  stm32f10x_spi.o(.text)
    SPI_I2S_ClearITPendingBit                0x08003fbd   Thumb Code    20  stm32f10x_spi.o(.text)
    __use_two_region_memory                  0x08003fdd   Thumb Code     2  heapauxi.o(.text)
    __rt_heap_escrow$2region                 0x08003fdf   Thumb Code     2  heapauxi.o(.text)
    __rt_heap_expand$2region                 0x08003fe1   Thumb Code     2  heapauxi.o(.text)
    __read_errno                             0x08003fe3   Thumb Code    10  _rserrno.o(.text)
    __set_errno                              0x08003fed   Thumb Code    12  _rserrno.o(.text)
    __aeabi_errno_addr                       0x08003ff9   Thumb Code     8  rt_errno_addr_intlibspace.o(.text)
    __errno$intlibspace                      0x08003ff9   Thumb Code     0  rt_errno_addr_intlibspace.o(.text)
    __rt_errno_addr$intlibspace              0x08003ff9   Thumb Code     0  rt_errno_addr_intlibspace.o(.text)
    __user_libspace                          0x08004001   Thumb Code     8  libspace.o(.text)
    __user_perproc_libspace                  0x08004001   Thumb Code     0  libspace.o(.text)
    __user_perthread_libspace                0x08004001   Thumb Code     0  libspace.o(.text)
    __user_setup_stackheap                   0x08004009   Thumb Code    74  sys_stackheap_outer.o(.text)
    exit                                     0x08004053   Thumb Code    12  exit.o(.text)
    __rt_fp_status_addr                      0x08004061   Thumb Code     8  rt_fp_status_addr_intlibspace.o(.text)
    _sys_exit                                0x08004069   Thumb Code     8  sys_exit.o(.text)
    __I$use$semihosting                      0x08004075   Thumb Code     0  use_no_semi.o(.text)
    __use_no_semihosting_swi                 0x08004075   Thumb Code     2  use_no_semi.o(.text)
    __ARM_fpclassify                         0x08004077   Thumb Code    40  fpclassify.o(i.__ARM_fpclassify)
    __kernel_poly                            0x0800409f   Thumb Code   170  poly.o(i.__kernel_poly)
    __mathlib_dbl_underflow                  0x08004149   Thumb Code    10  dunder.o(i.__mathlib_dbl_underflow)
    exp                                      0x08004159   Thumb Code   566  exp.o(i.exp)
    pow                                      0x080043e9   Thumb Code  2510  pow.o(i.pow)
    sqrt                                     0x08004dc1   Thumb Code    74  sqrt.o(i.sqrt)
    __aeabi_d2f                              0x08004e0d   Thumb Code     0  d2f.o(x$fpl$d2f)
    _d2f                                     0x08004e0d   Thumb Code    98  d2f.o(x$fpl$d2f)
    __aeabi_dadd                             0x08004e71   Thumb Code     0  daddsub_clz.o(x$fpl$dadd)
    _dadd                                    0x08004e71   Thumb Code   332  daddsub_clz.o(x$fpl$dadd)
    __fpl_dcheck_NaN1                        0x08004fc1   Thumb Code    10  dcheck1.o(x$fpl$dcheck1)
    __fpl_dcmp_Inf                           0x08004fd1   Thumb Code    24  dcmpi.o(x$fpl$dcmpinf)
    __aeabi_ddiv                             0x08004fe9   Thumb Code     0  ddiv.o(x$fpl$ddiv)
    _ddiv                                    0x08004fe9   Thumb Code   552  ddiv.o(x$fpl$ddiv)
    __aeabi_d2iz                             0x08005299   Thumb Code     0  dfix.o(x$fpl$dfix)
    _dfix                                    0x08005299   Thumb Code    94  dfix.o(x$fpl$dfix)
    __aeabi_i2d                              0x080052f7   Thumb Code     0  dflt_clz.o(x$fpl$dflt)
    _dflt                                    0x080052f7   Thumb Code    46  dflt_clz.o(x$fpl$dflt)
    __aeabi_cdcmple                          0x08005325   Thumb Code     0  dleqf.o(x$fpl$dleqf)
    _dcmple                                  0x08005325   Thumb Code   120  dleqf.o(x$fpl$dleqf)
    __fpl_dcmple_InfNaN                      0x08005387   Thumb Code     0  dleqf.o(x$fpl$dleqf)
    __aeabi_dmul                             0x0800539d   Thumb Code     0  dmul.o(x$fpl$dmul)
    _dmul                                    0x0800539d   Thumb Code   332  dmul.o(x$fpl$dmul)
    __fpl_dnaninf                            0x080054f1   Thumb Code   156  dnaninf.o(x$fpl$dnaninf)
    __fpl_dretinf                            0x0800558d   Thumb Code    12  dretinf.o(x$fpl$dretinf)
    __aeabi_cdrcmple                         0x08005599   Thumb Code     0  drleqf.o(x$fpl$drleqf)
    _drcmple                                 0x08005599   Thumb Code   108  drleqf.o(x$fpl$drleqf)
    __aeabi_drsub                            0x08005605   Thumb Code     0  daddsub_clz.o(x$fpl$drsb)
    _drsb                                    0x08005605   Thumb Code    22  daddsub_clz.o(x$fpl$drsb)
    _dsqrt                                   0x0800561d   Thumb Code   456  dsqrt_noumaal.o(x$fpl$dsqrt)
    __aeabi_dsub                             0x080057e9   Thumb Code     0  daddsub_clz.o(x$fpl$dsub)
    _dsub                                    0x080057e9   Thumb Code   464  daddsub_clz.o(x$fpl$dsub)
    __aeabi_f2d                              0x080059bd   Thumb Code     0  f2d.o(x$fpl$f2d)
    _f2d                                     0x080059bd   Thumb Code    86  f2d.o(x$fpl$f2d)
    __aeabi_fadd                             0x08005a15   Thumb Code     0  faddsub_clz.o(x$fpl$fadd)
    _fadd                                    0x08005a15   Thumb Code   196  faddsub_clz.o(x$fpl$fadd)
    __fpl_fcmp_Inf                           0x08005ad9   Thumb Code    24  fcmpi.o(x$fpl$fcmpinf)
    __aeabi_fdiv                             0x08005af1   Thumb Code     0  fdiv.o(x$fpl$fdiv)
    _fdiv                                    0x08005af1   Thumb Code   384  fdiv.o(x$fpl$fdiv)
    __aeabi_f2uiz                            0x08005c75   Thumb Code     0  ffixu.o(x$fpl$ffixu)
    _ffixu                                   0x08005c75   Thumb Code    62  ffixu.o(x$fpl$ffixu)
    __aeabi_i2f                              0x08005cb5   Thumb Code     0  fflt_clz.o(x$fpl$fflt)
    _fflt                                    0x08005cb5   Thumb Code    48  fflt_clz.o(x$fpl$fflt)
    __aeabi_cfcmple                          0x08005ce5   Thumb Code     0  fleqf.o(x$fpl$fleqf)
    _fcmple                                  0x08005ce5   Thumb Code   104  fleqf.o(x$fpl$fleqf)
    __fpl_fcmple_InfNaN                      0x08005d37   Thumb Code     0  fleqf.o(x$fpl$fleqf)
    __aeabi_fmul                             0x08005d4d   Thumb Code     0  fmul.o(x$fpl$fmul)
    _fmul                                    0x08005d4d   Thumb Code   258  fmul.o(x$fpl$fmul)
    __fpl_fnaninf                            0x08005e4f   Thumb Code   140  fnaninf.o(x$fpl$fnaninf)
    _fp_init                                 0x08005edb   Thumb Code    14  fpinit.o(x$fpl$fpinit)
    __fplib_config_pureend_doubles           0x08005ee7   Thumb Code     0  fpinit.o(x$fpl$fpinit)
    __fpl_fretinf                            0x08005ee9   Thumb Code    10  fretinf.o(x$fpl$fretinf)
    __aeabi_cfrcmple                         0x08005ef3   Thumb Code     0  frleqf.o(x$fpl$frleqf)
    _frcmple                                 0x08005ef3   Thumb Code    98  frleqf.o(x$fpl$frleqf)
    __aeabi_frsub                            0x08005f55   Thumb Code     0  faddsub_clz.o(x$fpl$frsb)
    _frsb                                    0x08005f55   Thumb Code    20  faddsub_clz.o(x$fpl$frsb)
    __aeabi_fsub                             0x08005f69   Thumb Code     0  faddsub_clz.o(x$fpl$fsub)
    _fsub                                    0x08005f69   Thumb Code   234  faddsub_clz.o(x$fpl$fsub)
    __fpl_return_NaN                         0x08006053   Thumb Code   100  retnan.o(x$fpl$retnan)
    __ARM_scalbn                             0x080060b7   Thumb Code     0  scalbn.o(x$fpl$scalbn)
    scalbn                                   0x080060b7   Thumb Code    96  scalbn.o(x$fpl$scalbn)
    __fpl_inf_scalbn                         0x08006115   Thumb Code     0  scalbn.o(x$fpl$scalbn)
    __fpl_cmpreturn                          0x08006117   Thumb Code    48  trapv.o(x$fpl$trapveneer)
    __I$use$fp                               0x08006147   Thumb Code     0  usenofp.o(x$fpl$usenofp)
    __mathlib_zero                           0x080063c0   Data           8  qnan.o(.constdata)
    Region$$Table$$Base                      0x080063c8   Number         0  anon$$obj.o(Region$$Table)
    Region$$Table$$Limit                     0x080063e8   Number         0  anon$$obj.o(Region$$Table)
    stat_count                               0x20000000   Data           2  main.o(.data)
    newData                                  0x20000002   Data           2  main.o(.data)
    data                                     0x20000004   Data           4  main.o(.data)
    readout                                  0x20000008   Data           2  main.o(.data)
    accConfig                                0x2000000a   Data           6  main.o(.data)
    nvicConfig                               0x20000010   Data           4  main.o(.data)
    mean_pitch                               0x20000014   Data           4  main.o(.data)
    mean_roll                                0x20000018   Data           4  main.o(.data)
    pitchsquare                              0x2000001c   Data           4  main.o(.data)
    rollsquare                               0x20000020   Data           4  main.o(.data)
    var_pitch                                0x20000024   Data           4  main.o(.data)
    var_roll                                 0x20000028   Data           4  main.o(.data)
    accelX                                   0x2000002c   Data           4  main.o(.data)
    accelY                                   0x20000030   Data           4  main.o(.data)
    accelZ                                   0x20000034   Data           4  main.o(.data)
    accelYZ                                  0x20000038   Data           4  main.o(.data)
    accelXY                                  0x2000003c   Data           4  main.o(.data)
    roll                                     0x20000040   Data           4  main.o(.data)
    pitch                                    0x20000044   Data           4  main.o(.data)
    yaw                                      0x20000048   Data           4  main.o(.data)
    roll_fuse                                0x2000004c   Data           4  main.o(.data)
    yaw_fuse                                 0x20000050   Data           4  main.o(.data)
    pitch_fuse                               0x20000054   Data           4  main.o(.data)
    gyrosp_yaw_b                             0x20000058   Data           4  main.o(.data)
    gyro_yaw                                 0x2000005c   Data           4  main.o(.data)
    gyrosp_yaw                               0x20000060   Data           4  main.o(.data)
    gyrosp_roll_b                            0x20000064   Data           4  main.o(.data)
    gyro_roll                                0x20000068   Data           4  main.o(.data)
    gyrosp_roll                              0x2000006c   Data           4  main.o(.data)
    gyrosp_pitch_b                           0x20000070   Data           4  main.o(.data)
    gyro_pitch                               0x20000074   Data           4  main.o(.data)
    gyrosp_pitch                             0x20000078   Data           4  main.o(.data)
    fuse_factor_r                            0x2000007c   Data           4  main.o(.data)
    fuse_factor_p                            0x20000080   Data           4  main.o(.data)
    ax_project                               0x20000084   Data           4  main.o(.data)
    ay_project                               0x20000088   Data           4  main.o(.data)
    move                                     0x2000008c   Data           1  main.o(.data)
    valid_moves                              0x200000a1   Data          24  gestures.o(.data)
    bob                                      0x200000c2   Data           2  cc2500.o(.data)
    ADC_ConvertedValue                       0x200000c4   Data          10  lpryxxxal.o(.bss)
    timConfig                                0x200000d0   Data          10  main.o(.bss)
    rawAcc                                   0x200000da   Data          24  main.o(.bss)
    rawGyro                                  0x200000f2   Data          24  main.o(.bss)
    pitch_stat                               0x2000010c   Data          40  main.o(.bss)
    roll_stat                                0x20000134   Data          40  main.o(.bss)
    pitch2_stat                              0x2000015c   Data          40  main.o(.bss)
    roll2_stat                               0x20000184   Data          40  main.o(.bss)
    __libspace_start                         0x200001dc   Data          96  libspace.o(.bss)
    __temporary_stack_top$libspace           0x2000023c   Data           0  libspace.o(.bss)



==============================================================================

Memory Map of the image

  Image Entry point : 0x080034ed

  Load Region LR_1 (Base: 0x08000000, Size: 0x000064ac, Max: 0xffffffff, ABSOLUTE)

    Execution Region ER_RO (Base: 0x08000000, Size: 0x000063e8, Max: 0xffffffff, ABSOLUTE)

    Base Addr    Size         Type   Attr      Idx    E Section Name        Object

    0x08000000   0x000000ec   Data   RO          260    RESET               stm32f10x.o
    0x080000ec   0x00000008   Code   RO          379  * !!!main             c_w.l(__main.o)
    0x080000f4   0x00000034   Code   RO          668    !!!scatter          c_w.l(__scatter.o)
    0x08000128   0x0000001a   Code   RO          670    !!handler_copy      c_w.l(__scatter_copy.o)
    0x08000142   0x00000002   PAD
    0x08000144   0x0000001c   Code   RO          672    !!handler_zi        c_w.l(__scatter_zi.o)
    0x08000160   0x00000006   Code   RO          537    .ARM.Collect$$libinit$$00000000  c_w.l(libinit.o)
    0x08000166   0x00000000   Code   RO          544    .ARM.Collect$$libinit$$00000006  c_w.l(libinit2.o)
    0x08000166   0x00000000   Code   RO          546    .ARM.Collect$$libinit$$00000008  c_w.l(libinit2.o)
    0x08000166   0x00000000   Code   RO          548    .ARM.Collect$$libinit$$0000000A  c_w.l(libinit2.o)
    0x08000166   0x00000000   Code   RO          551    .ARM.Collect$$libinit$$0000000D  c_w.l(libinit2.o)
    0x08000166   0x00000000   Code   RO          553    .ARM.Collect$$libinit$$0000000F  c_w.l(libinit2.o)
    0x08000166   0x00000000   Code   RO          555    .ARM.Collect$$libinit$$00000011  c_w.l(libinit2.o)
    0x08000166   0x00000000   Code   RO          557    .ARM.Collect$$libinit$$00000013  c_w.l(libinit2.o)
    0x08000166   0x00000000   Code   RO          559    .ARM.Collect$$libinit$$00000015  c_w.l(libinit2.o)
    0x08000166   0x00000000   Code   RO          561    .ARM.Collect$$libinit$$00000017  c_w.l(libinit2.o)
    0x08000166   0x00000000   Code   RO          563    .ARM.Collect$$libinit$$00000019  c_w.l(libinit2.o)
    0x08000166   0x00000000   Code   RO          565    .ARM.Collect$$libinit$$0000001B  c_w.l(libinit2.o)
    0x08000166   0x00000000   Code   RO          567    .ARM.Collect$$libinit$$0000001D  c_w.l(libinit2.o)
    0x08000166   0x00000000   Code   RO          569    .ARM.Collect$$libinit$$0000001F  c_w.l(libinit2.o)
    0x08000166   0x00000000   Code   RO          571    .ARM.Collect$$libinit$$00000021  c_w.l(libinit2.o)
    0x08000166   0x00000000   Code   RO          575    .ARM.Collect$$libinit$$00000028  c_w.l(libinit2.o)
    0x08000166   0x00000000   Code   RO          577    .ARM.Collect$$libinit$$0000002A  c_w.l(libinit2.o)
    0x08000166   0x00000000   Code   RO          579    .ARM.Collect$$libinit$$0000002C  c_w.l(libinit2.o)
    0x08000166   0x00000000   Code   RO          581    .ARM.Collect$$libinit$$0000002E  c_w.l(libinit2.o)
    0x08000166   0x00000002   Code   RO          582    .ARM.Collect$$libinit$$0000002F  c_w.l(libinit2.o)
    0x08000168   0x00000002   Code   RO          610    .ARM.Collect$$libshutdown$$00000000  c_w.l(libshutdown.o)
    0x0800016a   0x00000000   Code   RO          623    .ARM.Collect$$libshutdown$$00000003  c_w.l(libshutdown2.o)
    0x0800016a   0x00000000   Code   RO          626    .ARM.Collect$$libshutdown$$00000006  c_w.l(libshutdown2.o)
    0x0800016a   0x00000000   Code   RO          629    .ARM.Collect$$libshutdown$$00000009  c_w.l(libshutdown2.o)
    0x0800016a   0x00000000   Code   RO          631    .ARM.Collect$$libshutdown$$0000000B  c_w.l(libshutdown2.o)
    0x0800016a   0x00000000   Code   RO          634    .ARM.Collect$$libshutdown$$0000000E  c_w.l(libshutdown2.o)
    0x0800016a   0x00000002   Code   RO          635    .ARM.Collect$$libshutdown$$0000000F  c_w.l(libshutdown2.o)
    0x0800016c   0x00000000   Code   RO          461    .ARM.Collect$$rtentry$$00000000  c_w.l(rtentry.o)
    0x0800016c   0x00000000   Code   RO          498    .ARM.Collect$$rtentry$$00000002  c_w.l(rtentry2.o)
    0x0800016c   0x00000006   Code   RO          513    .ARM.Collect$$rtentry$$00000004  c_w.l(rtentry4.o)
    0x08000172   0x00000000   Code   RO          500    .ARM.Collect$$rtentry$$00000009  c_w.l(rtentry2.o)
    0x08000172   0x00000004   Code   RO          501    .ARM.Collect$$rtentry$$0000000A  c_w.l(rtentry2.o)
    0x08000176   0x00000000   Code   RO          503    .ARM.Collect$$rtentry$$0000000C  c_w.l(rtentry2.o)
    0x08000176   0x00000008   Code   RO          504    .ARM.Collect$$rtentry$$0000000D  c_w.l(rtentry2.o)
    0x0800017e   0x00000002   Code   RO          540    .ARM.Collect$$rtexit$$00000000  c_w.l(rtexit.o)
    0x08000180   0x00000000   Code   RO          588    .ARM.Collect$$rtexit$$00000002  c_w.l(rtexit2.o)
    0x08000180   0x00000004   Code   RO          589    .ARM.Collect$$rtexit$$00000003  c_w.l(rtexit2.o)
    0x08000184   0x00000006   Code   RO          590    .ARM.Collect$$rtexit$$00000004  c_w.l(rtexit2.o)
    0x0800018a   0x00000002   PAD
    0x0800018c   0x000000cc   Code   RO            1    .text               atan_lut.o
    0x08000258   0x000002b4   Code   RO           84    .text               lpryxxxal.o
    0x0800050c   0x00000906   Code   RO          105    .text               lsm303dlh.o
    0x08000e12   0x00000002   PAD
    0x08000e14   0x000007e0   Code   RO          123    .text               main.o
    0x080015f4   0x000000f8   Code   RO          160    .text               misc.o
    0x080016ec   0x00000440   Code   RO          172    .text               stm32f10x_adc.o
    0x08001b2c   0x00000240   Code   RO          184    .text               stm32f10x_dma.o
    0x08001d6c   0x00000358   Code   RO          208    .text               stm32f10x_gpio.o
    0x080020c4   0x000003d4   Code   RO          220    .text               stm32f10x_i2c.o
    0x08002498   0x000003a4   Code   RO          232    .text               stm32f10x_rcc.o
    0x0800283c   0x00000cb0   Code   RO          246    .text               stm32f10x_tim.o
    0x080034ec   0x00000034   Code   RO          261  * .text               stm32f10x.o
    0x08003520   0x000001cc   Code   RO          266    .text               gestures.o
    0x080036ec   0x00000120   Code   RO          322    .text               mgest_stack.o
    0x0800380c   0x00000358   Code   RO          336    .text               cc2500.o
    0x08003b64   0x00000168   Code   RO          351    .text               spi_protocol.o
    0x08003ccc   0x00000310   Code   RO          363    .text               stm32f10x_spi.o
    0x08003fdc   0x00000006   Code   RO          377    .text               c_w.l(heapauxi.o)
    0x08003fe2   0x00000016   Code   RO          463    .text               c_w.l(_rserrno.o)
    0x08003ff8   0x00000008   Code   RO          518    .text               c_w.l(rt_errno_addr_intlibspace.o)
    0x08004000   0x00000008   Code   RO          524    .text               c_w.l(libspace.o)
    0x08004008   0x0000004a   Code   RO          527    .text               c_w.l(sys_stackheap_outer.o)
    0x08004052   0x0000000c   Code   RO          529    .text               c_w.l(exit.o)
    0x0800405e   0x00000002   PAD
    0x08004060   0x00000008   Code   RO          598    .text               c_w.l(rt_fp_status_addr_intlibspace.o)
    0x08004068   0x0000000c   Code   RO          602    .text               c_w.l(sys_exit.o)
    0x08004074   0x00000002   Code   RO          613    .text               c_w.l(use_no_semi.o)
    0x08004076   0x00000028   Code   RO          492    i.__ARM_fpclassify  m_ws.l(fpclassify.o)
    0x0800409e   0x000000aa   Code   RO          494    i.__kernel_poly     m_ws.l(poly.o)
    0x08004148   0x00000010   Code   RO          490    i.__mathlib_dbl_underflow  m_ws.l(dunder.o)
    0x08004158   0x00000290   Code   RO          434    i.exp               m_ws.l(exp.o)
    0x080043e8   0x000009d8   Code   RO          444    i.pow               m_ws.l(pow.o)
    0x08004dc0   0x0000004a   Code   RO          454    i.sqrt              m_ws.l(sqrt.o)
    0x08004e0a   0x00000002   PAD
    0x08004e0c   0x00000062   Code   RO          381    x$fpl$d2f           fz_ws.l(d2f.o)
    0x08004e6e   0x00000002   PAD
    0x08004e70   0x00000150   Code   RO          383    x$fpl$dadd          fz_ws.l(daddsub_clz.o)
    0x08004fc0   0x00000010   Code   RO          520    x$fpl$dcheck1       fz_ws.l(dcheck1.o)
    0x08004fd0   0x00000018   Code   RO          522    x$fpl$dcmpinf       fz_ws.l(dcmpi.o)
    0x08004fe8   0x000002b0   Code   RO          390    x$fpl$ddiv          fz_ws.l(ddiv.o)
    0x08005298   0x0000005e   Code   RO          393    x$fpl$dfix          fz_ws.l(dfix.o)
    0x080052f6   0x0000002e   Code   RO          398    x$fpl$dflt          fz_ws.l(dflt_clz.o)
    0x08005324   0x00000078   Code   RO          465    x$fpl$dleqf         fz_ws.l(dleqf.o)
    0x0800539c   0x00000154   Code   RO          403    x$fpl$dmul          fz_ws.l(dmul.o)
    0x080054f0   0x0000009c   Code   RO          467    x$fpl$dnaninf       fz_ws.l(dnaninf.o)
    0x0800558c   0x0000000c   Code   RO          469    x$fpl$dretinf       fz_ws.l(dretinf.o)
    0x08005598   0x0000006c   Code   RO          471    x$fpl$drleqf        fz_ws.l(drleqf.o)
    0x08005604   0x00000016   Code   RO          384    x$fpl$drsb          fz_ws.l(daddsub_clz.o)
    0x0800561a   0x00000002   PAD
    0x0800561c   0x000001cc   Code   RO          473    x$fpl$dsqrt         fz_ws.l(dsqrt_noumaal.o)
    0x080057e8   0x000001d4   Code   RO          385    x$fpl$dsub          fz_ws.l(daddsub_clz.o)
    0x080059bc   0x00000056   Code   RO          405    x$fpl$f2d           fz_ws.l(f2d.o)
    0x08005a12   0x00000002   PAD
    0x08005a14   0x000000c4   Code   RO          407    x$fpl$fadd          fz_ws.l(faddsub_clz.o)
    0x08005ad8   0x00000018   Code   RO          475    x$fpl$fcmpinf       fz_ws.l(fcmpi.o)
    0x08005af0   0x00000184   Code   RO          414    x$fpl$fdiv          fz_ws.l(fdiv.o)
    0x08005c74   0x0000003e   Code   RO          417    x$fpl$ffixu         fz_ws.l(ffixu.o)
    0x08005cb2   0x00000002   PAD
    0x08005cb4   0x00000030   Code   RO          422    x$fpl$fflt          fz_ws.l(fflt_clz.o)
    0x08005ce4   0x00000068   Code   RO          427    x$fpl$fleqf         fz_ws.l(fleqf.o)
    0x08005d4c   0x00000102   Code   RO          429    x$fpl$fmul          fz_ws.l(fmul.o)
    0x08005e4e   0x0000008c   Code   RO          477    x$fpl$fnaninf       fz_ws.l(fnaninf.o)
    0x08005eda   0x0000000e   Code   RO          583    x$fpl$fpinit        fz_ws.l(fpinit.o)
    0x08005ee8   0x0000000a   Code   RO          479    x$fpl$fretinf       fz_ws.l(fretinf.o)
    0x08005ef2   0x00000062   Code   RO          431    x$fpl$frleqf        fz_ws.l(frleqf.o)
    0x08005f54   0x00000014   Code   RO          408    x$fpl$frsb          fz_ws.l(faddsub_clz.o)
    0x08005f68   0x000000ea   Code   RO          409    x$fpl$fsub          fz_ws.l(faddsub_clz.o)
    0x08006052   0x00000064   Code   RO          538    x$fpl$retnan        fz_ws.l(retnan.o)
    0x080060b6   0x00000060   Code   RO          484    x$fpl$scalbn        fz_ws.l(scalbn.o)
    0x08006116   0x00000030   Code   RO          585    x$fpl$trapveneer    fz_ws.l(trapv.o)
    0x08006146   0x00000000   Code   RO          489    x$fpl$usenofp       fz_ws.l(usenofp.o)
    0x08006146   0x00000002   PAD
    0x08006148   0x00000194   Data   RO            2    .constdata          atan_lut.o
    0x080062dc   0x00000004   PAD
    0x080062e0   0x00000058   Data   RO          435    .constdata          m_ws.l(exp.o)
    0x08006338   0x00000088   Data   RO          445    .constdata          m_ws.l(pow.o)
    0x080063c0   0x00000008   Data   RO          496    .constdata          m_ws.l(qnan.o)
    0x080063c8   0x00000020   Data   RO          666    Region$$Table       anon$$obj.o


    Execution Region ER_RW (Base: 0x20000000, Size: 0x000000c4, Max: 0xffffffff, ABSOLUTE)

    Base Addr    Size         Type   Attr      Idx    E Section Name        Object

    0x20000000   0x0000008d   Data   RW          125    .data               main.o
    0x2000008d   0x00000014   Data   RW          233    .data               stm32f10x_rcc.o
    0x200000a1   0x00000018   Data   RW          268    .data               gestures.o
    0x200000b9   0x00000003   PAD
    0x200000bc   0x00000006   Data   RW          323    .data               mgest_stack.o
    0x200000c2   0x00000002   Data   RW          337    .data               cc2500.o


    Execution Region ER_ZI (Base: 0x200000c4, Size: 0x0000037c, Max: 0xffffffff, ABSOLUTE)

    Base Addr    Size         Type   Attr      Idx    E Section Name        Object

    0x200000c4   0x0000000a   Zero   RW           85    .bss                lpryxxxal.o
    0x200000ce   0x00000002   PAD
    0x200000d0   0x000000dc   Zero   RW          124    .bss                main.o
    0x200001ac   0x00000030   Zero   RW          267    .bss                gestures.o
    0x200001dc   0x00000060   Zero   RW          525    .bss                c_w.l(libspace.o)
    0x2000023c   0x00000004   PAD
    0x20000240   0x00000000   Zero   RW          259    HEAP                stm32f10x.o
    0x20000240   0x00000200   Zero   RW          258    STACK               stm32f10x.o


==============================================================================

Image component sizes


      Code (inc. data)   RO Data    RW Data    ZI Data      Debug   Object Name

       204         18        404          0          0     272041   atan_lut.o
       856          6          0          2          0       2601   cc2500.o
       460         34          0         24         48       1978   gestures.o
       692         34          0          0         10       2664   lpryxxxal.o
      2310         38          0          0          0       9098   lsm303dlh.o
      2016        244          0        141        220      11024   main.o
       288         12          0          6          0       2184   mgest_stack.o
       248         30          0          0          0       1625   misc.o
       360          8          0          0          0       1498   spi_protocol.o
        52         18        236          0        512        752   stm32f10x.o
      1088         36          0          0          0      10829   stm32f10x_adc.o
       576         20          0          0          0       3439   stm32f10x_dma.o
       856         40          0          0          0       5557   stm32f10x_gpio.o
       980         16          0          0          0       8804   stm32f10x_i2c.o
       932         52          0         20          0       8676   stm32f10x_rcc.o
       784         12          0          0          0       6458   stm32f10x_spi.o
      3248         72          0          0          0      22492   stm32f10x_tim.o

    ----------------------------------------------------------------------
     15952        690        676        196        792     371720   Object Totals
         0          0         32          0          0          0   (incl. Generated)
         2          0          4          3          2          0   (incl. Padding)

    ----------------------------------------------------------------------

      Code (inc. data)   RO Data    RW Data    ZI Data      Debug   Library Member Name

         8          0          0          0          0         68   __main.o
        52          8          0          0          0          0   __scatter.o
        26          0          0          0          0          0   __scatter_copy.o
        28          0          0          0          0          0   __scatter_zi.o
        22          0          0          0          0        100   _rserrno.o
        12          0          0          0          0         68   exit.o
         6          0          0          0          0        152   heapauxi.o
         6          0          0          0          0          0   libinit.o
         2          0          0          0          0          0   libinit2.o
         2          0          0          0          0          0   libshutdown.o
         2          0          0          0          0          0   libshutdown2.o
         8          4          0          0         96         68   libspace.o
         8          4          0          0          0         68   rt_errno_addr_intlibspace.o
         8          4          0          0          0         68   rt_fp_status_addr_intlibspace.o
         0          0          0          0          0          0   rtentry.o
        12          0          0          0          0          0   rtentry2.o
         6          0          0          0          0          0   rtentry4.o
         2          0          0          0          0          0   rtexit.o
        10          0          0          0          0          0   rtexit2.o
        12          4          0          0          0         68   sys_exit.o
        74          0          0          0          0         80   sys_stackheap_outer.o
         2          0          0          0          0         68   use_no_semi.o
        98          4          0          0          0         92   d2f.o
       826         16          0          0          0        356   daddsub_clz.o
        16          4          0          0          0         68   dcheck1.o
        24          0          0          0          0         68   dcmpi.o
       688        140          0          0          0        212   ddiv.o
        94          4          0          0          0         92   dfix.o
        46          0          0          0          0         68   dflt_clz.o
       120          4          0          0          0         92   dleqf.o
       340         12          0          0          0        104   dmul.o
       156          4          0          0          0         92   dnaninf.o
        12          0          0          0          0         68   dretinf.o
       108          0          0          0          0         80   drleqf.o
       460         56          0          0          0        120   dsqrt_noumaal.o
        86          4          0          0          0         84   f2d.o
       450          8          0          0          0        236   faddsub_clz.o
        24          0          0          0          0         68   fcmpi.o
       388         76          0          0          0         96   fdiv.o
        62          4          0          0          0         84   ffixu.o
        48          0          0          0          0         68   fflt_clz.o
       104          4          0          0          0         84   fleqf.o
       258          4          0          0          0         84   fmul.o
       140          4          0          0          0         84   fnaninf.o
        14          0          0          0          0         76   fpinit.o
        10          0          0          0          0         68   fretinf.o
        98          0          0          0          0         68   frleqf.o
       100          0          0          0          0         68   retnan.o
        96          0          0          0          0         68   scalbn.o
        48          0          0          0          0         68   trapv.o
         0          0          0          0          0          0   usenofp.o
        16          6          0          0          0         68   dunder.o
       656         90         88          0          0        212   exp.o
        40          0          0          0          0         68   fpclassify.o
       170          0          0          0          0         96   poly.o
      2520        190        136          0          0        348   pow.o
         0          0          8          0          0          0   qnan.o
        74          0          0          0          0         84   sqrt.o

    ----------------------------------------------------------------------
      8716        658        232          0        100       4500   Library Totals
        18          0          0          0          4          0   (incl. Padding)

    ----------------------------------------------------------------------

      Code (inc. data)   RO Data    RW Data    ZI Data      Debug   Library Name

       308         24          0          0         96        808   c_w.l
      4914        348          0          0          0       2816   fz_ws.l
      3476        286        232          0          0        876   m_ws.l

    ----------------------------------------------------------------------
      8716        658        232          0        100       4500   Library Totals

    ----------------------------------------------------------------------

==============================================================================


      Code (inc. data)   RO Data    RW Data    ZI Data      Debug   

     24668       1348        908        196        892     372216   Grand Totals
     24668       1348        908        196        892     372216   ELF Image Totals
     24668       1348        908        196          0          0   ROM Totals

==============================================================================

    Total RO  Size (Code + RO Data)                25576 (  24.98kB)
    Total RW  Size (RW Data + ZI Data)              1088 (   1.06kB)
    Total ROM Size (Code + RO Data + RW Data)      25772 (  25.17kB)

==============================================================================

