<html>
<body>
<pre>
<h1>µVision Build Log</h1>
<h2>Project:</h2>
\\campus.mcgill.ca\EMF\ELE\aali28\Desktop\microP\Final\Code\Master\master.uvproj
Project File Date:  12/02/2011

<h2>Output:</h2>
Build target 'Target 1'
assembling STM32F10x.s...
compiling atan_LUT.c...
compiling debugger.c...
compiling gestures.c...
compiling LPRYxxxAL.c...
compiling LSM303DLH.c...
compiling main.c...
compiling mgest_stack.c...
compiling misc.c...
compiling rf2500.c...
compiling service_functions.c...
compiling stm32f10x_adc.c...
compiling stm32f10x_dma.c...
compiling stm32f10x_exti.c...
compiling stm32f10x_gpio.c...
compiling stm32f10x_i2c.c...
compiling stm32f10x_rcc.c...
compiling stm32f10x_spi.c...
compiling stm32f10x_tim.c...
linking...
master.axf: Error: L6200E: Symbol data multiply defined (by rf2500.o and main.o).
Target not created
Build target 'Target 1'
compiling rf2500.c...
rf2500.c(250): error:  #20: identifier "data" is undefined
Target not created
Build target 'Target 1'
compiling rf2500.c...
linking...
Program Size: Code=24356 RO-data=908 RW-data=184 ZI-data=1000  
"master.axf" - 0 Error(s), 0 Warning(s).
Build target 'Target 1'
compiling main.c...
main.c(66): error:  #140: too many arguments in function call
compiling rf2500.c...
Target not created
Build target 'Target 1'
compiling main.c...
linking...
Program Size: Code=25152 RO-data=904 RW-data=216 ZI-data=1048  
"master.axf" - 0 Error(s), 0 Warning(s).
Clean started: Project: 'master'
   deleting intermediate output files for target 'Target 1'
